<html>
<body>
<pre>
<h1>礦ision Build Log</h1>
<h2>Project:</h2>
D:\工作资料\电力控制系统\液晶屏\DisplayPanel_V1\EvalBoards\Micrium\STM32F103\uCOS-III\KeilMDK\DisplayPanel.uvproj
Project File Date:  07/29/2014

<h2>Output:</h2>
Build target 'DisplayPanel'
linking...
Program Size: Code=49404 RO-data=1996 RW-data=344 ZI-data=13408  
FromELF: creating hex file...
After Build - User command #1: fromelf.exe --bin -o "D:\工作资料\电力控制系统\液晶屏\DisplayPanel_V1\EvalBoards\Micrium\STM32F103\uCOS-III\KeilMDK\Obj\DisplayPanel.bin" "D:\工作资料\电力控制系统\液晶屏\DisplayPanel_V1\EvalBoards\Micrium\STM32F103\uCOS-III\KeilMDK\Obj\DisplayPanel.axf"
".\Obj\DisplayPanel.axf" - 0 Error(s), 0 Warning(s).
..
compiling command.c...
compiling getcmd.c...
compiling string.c...
compiling term.c...
compiling printk.c...
..\..\BSP\Console\printk.c(25): warning:  #177-D: function "skip_atoi" was declared but never referenced
  static int skip_atoi(const char **s)
..\..\BSP\Console\printk.c(58): warning:  #177-D: function "number" was declared but never referenced
  static char * number(char * buf, char * end, long long num, int base, int size, int precision, int type)
..\..\BSP\Console\printk.c: 2 warnings, 0 errors
linking...
Program Size: Code=49404 RO-data=1996 RW-data=344 ZI-data=13408  
FromELF: creating hex file...
After Build - User command #1: fromelf.exe --bin -o "D:\工作资料\电力控制系统\液晶屏\DisplayPanel_V1\EvalBoards\Micrium\STM32F103\uCOS-III\KeilMDK\Obj\DisplayPanel.bin" "D:\工作资料\电力控制系统\液晶屏\DisplayPanel_V1\EvalBoards\Micrium\STM32F103\uCOS-III\KeilMDK\Obj\DisplayPanel.axf"
".\Obj\DisplayPanel.axf" - 0 Error(s), 4 Warning(s).
compiling term.c...
"..\..\BSP\Console\term.c" - 0 Error(s), 0 Warning(s).
MDK\Obj\DisplayPanel.bin" "D:\工作资料\电力控制系统\液晶屏\DisplayPanel_V1\EvalBoards\Micrium\STM32F103\uCOS-III\KeilMDK\Obj\DisplayPanel.axf"
".\Obj\DisplayPanel.axf" - 0 Error(s), 4 Warning(s).
misc.c...
compiling stm32f10x_dma.c...
compiling stm32f10x_exti.c...
compiling stm32f10x_flash.c...
compiling stm32f10x_gpio.c...
compiling stm32f10x_pwr.c...
compiling stm32f10x_rcc.c...
compiling stm32f10x_spi.c...
compiling stm32f10x_tim.c...
compiling stm32f10x_usart.c...
linking...
Program Size: Code=49396 RO-data=1996 RW-data=344 ZI-data=13408  
FromELF: creating hex file...
After Build - User command #1: fromelf.exe --bin -o "D:\工作资料\电力控制系统\液晶屏\DisplayPanel_V1\EvalBoards\Micrium\STM32F103\uCOS-III\KeilMDK\Obj\DisplayPanel.bin" "D:\工作资料\电力控制系统\液晶屏\DisplayPanel_V1\EvalBoards\Micrium\STM32F103\uCOS-III\KeilMDK\Obj\DisplayPanel.axf"
".\Obj\DisplayPanel.axf" - 0 Error(s), 4 Warning(s).
