ARM Linker, 5.03 [Build 76] [MDK-ARM Standard]

==============================================================================

Section Cross References

    app.o(.text) refers to command.o(.text) for init_builtin_cmds
    app.o(.text) refers to term.o(.text) for serial_terminal
    app.o(.text) refers to os_task.o(.text) for OSTaskCreate
    app.o(.text) refers to bsp.o(.text) for BSP_Init
    app.o(.text) refers to cpu_core.o(.text) for CPU_Init
    app.o(.text) refers to os_cpu_c.o(.text) for OS_CPU_SysTickInit
    app.o(.text) refers to lib_mem.o(.text) for Mem_Init
    app.o(.text) refers to lib_math.o(.text) for Math_Init
    app.o(.text) refers to os_app_hooks.o(.text) for App_OS_SetAllHooks
    app.o(.text) refers to os_stat.o(.text) for OSStatTaskCPUUsageInit
    app.o(.text) refers to os_time.o(.text) for OSTimeDlyHMSM
    app.o(.text) refers to bsp_int.o(.text) for BSP_IntDisAll
    app.o(.text) refers to os_core.o(.text) for OSInit
    app.o(.text) refers to app.o(.bss) for AppTaskTermStk
    app.o(.text) refers to os_cfg_app.o(.constdata) for OSCfg_TickRate_Hz
    os_app_hooks.o(.text) refers to cpu_a.o(.text) for CPU_SR_Save
    os_app_hooks.o(.text) refers to os_var.o(.data) for OS_AppTaskCreateHookPtr
    bsp.o(.text) refers to stm32f10x_gpio.o(.text) for GPIO_Init
    bsp.o(.text) refers to stm32f10x_rcc.o(.text) for RCC_APB2PeriphClockCmd
    bsp.o(.text) refers to bsp_int.o(.text) for BSP_IntInit
    bsp.o(.text) refers to stm32f10x_flash.o(.text) for FLASH_SetLatency
    bsp.o(.text) refers to misc.o(.text) for NVIC_SetVectorTable
    bsp.o(.text) refers to uart.o(.text) for Uart_cfg
    bsp.o(.text) refers to cpu_core.o(.text) for CPU_TS_TmrFreqSet
    bsp.o(.text) refers to bsp.o(.data) for BSP_CPU_ClkFreq_MHz
    bsp_int.o(.text) refers to cpu_c.o(.text) for CPU_IntSrcDis
    bsp_int.o(.text) refers to cpu_a.o(.text) for CPU_IntDis
    bsp_int.o(.text) refers to os_core.o(.text) for OSIntEnter
    bsp_int.o(.text) refers to bsp_int.o(.bss) for BSP_IntVectTbl
    bsp_periph.o(.text) refers to bsp.o(.text) for BSP_CPU_ClkFreq
    cstartup.o(STACK) refers (Special) to heapauxi.o(.text) for __use_two_region_memory
    cstartup.o(HEAP) refers (Special) to heapauxi.o(.text) for __use_two_region_memory
    cstartup.o(RESET) refers (Special) to heapauxi.o(.text) for __use_two_region_memory
    cstartup.o(RESET) refers to cstartup.o(STACK) for __initial_sp
    cstartup.o(RESET) refers to cstartup.o(.text) for Reset_Handler
    cstartup.o(RESET) refers to os_cpu_a.o(CODE) for OS_CPU_PendSVHandler
    cstartup.o(RESET) refers to os_cpu_c.o(.text) for OS_CPU_SysTickHandler
    cstartup.o(RESET) refers to bsp_int.o(.text) for BSP_IntHandlerWWDG
    cstartup.o(.text) refers (Special) to heapauxi.o(.text) for __use_two_region_memory
    cstartup.o(.text) refers to __main.o(!!!main) for __main
    cstartup.o(.text) refers to cstartup.o(HEAP) for Heap_Mem
    cstartup.o(.text) refers to cstartup.o(STACK) for Stack_Mem
    uart.o(.text) refers to stm32f10x_rcc.o(.text) for RCC_APB2PeriphClockCmd
    uart.o(.text) refers to stm32f10x_gpio.o(.text) for GPIO_Init
    uart.o(.text) refers to stm32f10x_usart.o(.text) for USART_GetITStatus
    uart.o(.text) refers to os_sem.o(.text) for OSSemPost
    uart.o(.text) refers to bsp_int.o(.text) for BSP_IntVectSet
    uart.o(.text) refers to uart.o(.data) for UartRecDat
    uart.o(.text) refers to uart.o(.bss) for UartRecSem
    cpu_c.o(.text) refers to cpu_a.o(.text) for CPU_SR_Save
    cpu_core.o(.text) refers to cpu_a.o(.text) for CPU_SR_Save
    cpu_core.o(.text) refers to lib_mem.o(.text) for Mem_Clr
    cpu_core.o(.text) refers to bsp.o(.text) for CPU_TS_TmrInit
    cpu_core.o(.text) refers to lib_str.o(.text) for Str_Copy_N
    cpu_core.o(.text) refers to cpu_core.o(.bss) for CPU_Name
    cpu_core.o(.text) refers to cpu_core.o(.data) for CPU_TS_TmrFreq_Hz
    cpu_core.o(.text) refers to cpu_core.o(.constdata) for CPU_CntLeadZerosTbl
    lib_math.o(.text) refers to cpu_a.o(.text) for CPU_SR_Save
    lib_math.o(.text) refers to lib_math.o(.data) for Math_RandSeedCur
    lib_mem.o(.text) refers to lib_mem_a.o(.text) for Mem_Copy
    lib_mem.o(.text) refers to cpu_core.o(.text) for CPU_SW_Exception
    lib_mem.o(.text) refers to cpu_a.o(.text) for CPU_SR_Save
    lib_mem.o(.text) refers to lib_mem.o(.bss) for Mem_PoolHeap
    lib_mem.o(.text) refers to lib_mem.o(.data) for Mem_PoolTbl
    lib_str.o(.text) refers to lib_ascii.o(.text) for ASCII_ToLower
    lib_str.o(.text) refers to lib_str.o(.constdata) for Str_MultOvfThTbl_Int32U
    os_cpu_a.o(CODE) refers (Special) to os_core.o(.text) for OSIntExit
    os_cpu_a.o(CODE) refers (Special) to os_var.o(.data) for OSRunning
    os_cpu_a.o(CODE) refers to os_cpu_c.o(.data) for OS_CPU_ExceptStkBase
    os_cpu_a.o(CODE) refers to os_cpu_c.o(.text) for OSTaskSwHook
    os_cpu_c.o(.text) refers to cpu_a.o(.text) for CPU_SR_Save
    os_cpu_c.o(.text) refers to os_time.o(.text) for OSTimeTick
[...]
    App_Reserved_ISR                         0x08004289   Thumb Code     2  cstartup.o(.text)
    __user_initial_stackheap                 0x0800428d   Thumb Code     0  cstartup.o(.text)
    Uart_RCC_Init                            0x080042a9   Thumb Code    20  uart.o(.text)
    Uart_GPIO_Init                           0x080042bd   Thumb Code    54  uart.o(.text)
    USART_IRQHandler                         0x080042f3   Thumb Code    68  uart.o(.text)
    Uart_cfg                                 0x08004337   Thumb Code   108  uart.o(.text)
    fputc                                    0x080043a3   Thumb Code    32  uart.o(.text)
    fgetc                                    0x080043c3   Thumb Code    26  uart.o(.text)
    CPU_BitBandClr                           0x080043f9   Thumb Code    58  cpu_c.o(.text)
    CPU_BitBandSet                           0x08004433   Thumb Code    58  cpu_c.o(.text)
    CPU_IntSrcDis                            0x0800446d   Thumb Code   330  cpu_c.o(.text)
    CPU_IntSrcEn                             0x080045b7   Thumb Code   330  cpu_c.o(.text)
    CPU_IntSrcPendClr                        0x08004701   Thumb Code   166  cpu_c.o(.text)
    CPU_IntSrcPrioSet                        0x080047a7   Thumb Code   514  cpu_c.o(.text)
    CPU_IntSrcPrioGet                        0x080049a9   Thumb Code   446  cpu_c.o(.text)
    CPU_NameClr                              0x08004b75   Thumb Code    42  cpu_core.o(.text)
    CPU_Init                                 0x08004bb5   Thumb Code    12  cpu_core.o(.text)
    CPU_SW_Exception                         0x08004bc1   Thumb Code     4  cpu_core.o(.text)
    CPU_NameGet                              0x08004bc5   Thumb Code    70  cpu_core.o(.text)
    CPU_NameSet                              0x08004c0b   Thumb Code    96  cpu_core.o(.text)
    CPU_TS_Get32                             0x08004c6b   Thumb Code    12  cpu_core.o(.text)
    CPU_TS_Update                            0x08004c77   Thumb Code     2  cpu_core.o(.text)
    CPU_TS_TmrFreqGet                        0x08004c79   Thumb Code    30  cpu_core.o(.text)
    CPU_TS_TmrFreqSet                        0x08004c97   Thumb Code     6  cpu_core.o(.text)
    CPU_CntLeadZeros08                       0x08004c9d   Thumb Code    18  cpu_core.o(.text)
    CPU_CntLeadZeros16                       0x08004caf   Thumb Code    18  cpu_core.o(.text)
    CPU_CntLeadZeros32                       0x08004cc1   Thumb Code    18  cpu_core.o(.text)
    CPU_CntLeadZeros64                       0x08004cd3   Thumb Code   194  cpu_core.o(.text)
    CPU_CntTrailZeros08                      0x08004d95   Thumb Code    22  cpu_core.o(.text)
    CPU_CntTrailZeros16                      0x08004dab   Thumb Code    22  cpu_core.o(.text)
    CPU_CntTrailZeros32                      0x08004dc1   Thumb Code    22  cpu_core.o(.text)
    CPU_CntTrailZeros64                      0x08004dd7   Thumb Code    66  cpu_core.o(.text)
    CPU_IntDis                               0x08004e25   Thumb Code     0  cpu_a.o(.text)
    CPU_IntEn                                0x08004e29   Thumb Code     0  cpu_a.o(.text)
    CPU_SR_Save                              0x08004e2d   Thumb Code     0  cpu_a.o(.text)
    CPU_SR_Restore                           0x08004e35   Thumb Code     0  cpu_a.o(.text)
    CPU_WaitForInt                           0x08004e3b   Thumb Code     0  cpu_a.o(.text)
    CPU_WaitForExcept                        0x08004e3f   Thumb Code     0  cpu_a.o(.text)
    CPU_CntLeadZeros                         0x08004e43   Thumb Code     0  cpu_a.o(.text)
    CPU_CntTrailZeros                        0x08004e49   Thumb Code     0  cpu_a.o(.text)
    CPU_RevBits                              0x08004e53   Thumb Code     0  cpu_a.o(.text)
    ASCII_IsAlpha                            0x08004e59   Thumb Code    48  lib_ascii.o(.text)
    ASCII_IsAlphaNum                         0x08004e89   Thumb Code    76  lib_ascii.o(.text)
    ASCII_IsLower                            0x08004ed5   Thumb Code    20  lib_ascii.o(.text)
    ASCII_IsUpper                            0x08004ee9   Thumb Code    20  lib_ascii.o(.text)
    ASCII_IsDig                              0x08004efd   Thumb Code    20  lib_ascii.o(.text)
    ASCII_IsDigOct                           0x08004f11   Thumb Code    20  lib_ascii.o(.text)
    ASCII_IsDigHex                           0x08004f25   Thumb Code    36  lib_ascii.o(.text)
    ASCII_IsBlank                            0x08004f49   Thumb Code    20  lib_ascii.o(.text)
    ASCII_IsSpace                            0x08004f5d   Thumb Code    36  lib_ascii.o(.text)
    ASCII_IsPrint                            0x08004f81   Thumb Code    20  lib_ascii.o(.text)
    ASCII_IsGraph                            0x08004f95   Thumb Code    20  lib_ascii.o(.text)
    ASCII_IsPunct                            0x08004fa9   Thumb Code   134  lib_ascii.o(.text)
    ASCII_IsCtrl                             0x0800502f   Thumb Code    26  lib_ascii.o(.text)
    ASCII_ToLower                            0x08005049   Thumb Code    32  lib_ascii.o(.text)
    ASCII_ToUpper                            0x08005069   Thumb Code    32  lib_ascii.o(.text)
    ASCII_Cmp                                0x08005089   Thumb Code    38  lib_ascii.o(.text)
    Math_RandSetSeed                         0x080050b1   Thumb Code    40  lib_math.o(.text)
    Math_Init                                0x080050d9   Thumb Code    10  lib_math.o(.text)
    Math_RandSeed                            0x080050e3   Thumb Code    18  lib_math.o(.text)
    Math_Rand                                0x080050f5   Thumb Code    52  lib_math.o(.text)
    Mem_Init                                 0x08005131   Thumb Code    54  lib_mem.o(.text)
    Mem_Set                                  0x08005167   Thumb Code    98  lib_mem.o(.text)
    Mem_Clr                                  0x080051c9   Thumb Code    18  lib_mem.o(.text)
    Mem_Move                                 0x080051db   Thumb Code   204  lib_mem.o(.text)
    Mem_Cmp                                  0x080052a7   Thumb Code   192  lib_mem.o(.text)
    Mem_HeapAlloc                            0x0800545b   Thumb Code   256  lib_mem.o(.text)
    Mem_SegGetSizeRem                        0x0800555b   Thumb Code   214  lib_mem.o(.text)
    Mem_HeapGetSizeRem                       0x08005631   Thumb Code    22  lib_mem.o(.text)
    Mem_PoolClr                              0x08005647   Thumb Code    78  lib_mem.o(.text)
    Mem_PoolCreate                           0x08005695   Thumb Code  1076  lib_mem.o(.text)
    Mem_PoolBlkGetNbrAvail                   0x08005ac9   Thumb Code   128  lib_mem.o(.text)
    Mem_PoolBlkGet                           0x08005b49   Thumb Code   224  lib_mem.o(.text)
    Mem_PoolBlkGetUsedAtIx                   0x08005c29   Thumb Code   212  lib_mem.o(.text)
    Mem_PoolBlkFree                          0x08005d63   Thumb Code   338  lib_mem.o(.text)
    Mem_PoolBlkIxGet                         0x08005eb5   Thumb Code   314  lib_mem.o(.text)
    Str_Len_N                                0x08005ff5   Thumb Code    28  lib_str.o(.text)
    Str_Len                                  0x08006011   Thumb Code    20  lib_str.o(.text)
    Str_Copy_N                               0x08006025   Thumb Code    70  lib_str.o(.text)
    Str_Copy                                 0x0800606b   Thumb Code    24  lib_str.o(.text)
    Str_Cat_N                                0x08006083   Thumb Code    90  lib_str.o(.text)
    Str_Cat                                  0x080060dd   Thumb Code    24  lib_str.o(.text)
    Str_Cmp_N                                0x080060f5   Thumb Code   156  lib_str.o(.text)
    Str_Cmp                                  0x08006191   Thumb Code    24  lib_str.o(.text)
    Str_CmpIgnoreCase_N                      0x080061a9   Thumb Code   264  lib_str.o(.text)
    Str_CmpIgnoreCase                        0x080062b1   Thumb Code    24  lib_str.o(.text)
    Str_Char_N                               0x080062c9   Thumb Code    74  lib_str.o(.text)
    Str_Char                                 0x08006313   Thumb Code    24  lib_str.o(.text)
    Str_Char_Last_N                          0x0800632b   Thumb Code    76  lib_str.o(.text)
    Str_Char_Last                            0x08006377   Thumb Code    24  lib_str.o(.text)
    Str_Char_Replace_N                       0x0800638f   Thumb Code    52  lib_str.o(.text)
    Str_Char_Replace                         0x080063c3   Thumb Code    28  lib_str.o(.text)
    Str_Str_N                                0x080063df   Thumb Code   182  lib_str.o(.text)
    Str_Str                                  0x08006495   Thumb Code    24  lib_str.o(.text)
    Str_FmtNbr_Int32U                        0x08006687   Thumb Code    46  lib_str.o(.text)
    Str_FmtNbr_Int32S                        0x080066b5   Thumb Code    62  lib_str.o(.text)
    Str_ParseNbr_Int32U                      0x080068b1   Thumb Code    30  lib_str.o(.text)
    Str_ParseNbr_Int32S                      0x080068cf   Thumb Code    74  lib_str.o(.text)
    Mem_Copy                                 0x0800691d   Thumb Code     0  lib_mem_a.o(.text)
    OSIdleTaskHook                           0x08006b3d   Thumb Code    16  os_cpu_c.o(.text)
    OSInitHook                               0x08006b4d   Thumb Code    42  os_cpu_c.o(.text)
    OSStatTaskHook                           0x08006b77   Thumb Code    16  os_cpu_c.o(.text)
    OSTaskCreateHook                         0x08006b87   Thumb Code    20  os_cpu_c.o(.text)
    OSTaskDelHook                            0x08006b9b   Thumb Code    20  os_cpu_c.o(.text)
    OSTaskReturnHook                         0x08006baf   Thumb Code    20  os_cpu_c.o(.text)
    OSTaskStkInit                            0x08006bc3   Thumb Code   188  os_cpu_c.o(.text)
    OSTaskSwHook                             0x08006c7f   Thumb Code    82  os_cpu_c.o(.text)
    OSTimeTickHook                           0x08006cd1   Thumb Code    16  os_cpu_c.o(.text)
    OS_CPU_SysTickHandler                    0x08006ce1   Thumb Code    52  os_cpu_c.o(.text)
    OS_CPU_SysTickInit                       0x08006d15   Thumb Code    44  os_cpu_c.o(.text)
    OSCfg_Init                               0x08006d7d   Thumb Code     2  os_cfg_app.o(.text)
    OS_IdleTask                              0x08006d81   Thumb Code    60  os_core.o(.text)
    OS_IdleTaskInit                          0x08006dbd   Thumb Code    68  os_core.o(.text)
    OS_RdyListInit                           0x08006e01   Thumb Code    32  os_core.o(.text)
    OSInit                                   0x08006e21   Thumb Code   258  os_core.o(.text)
    OSIntEnter                               0x08006f23   Thumb Code    34  os_core.o(.text)
    OSIntExit                                0x08006f45   Thumb Code   192  os_core.o(.text)
    OSSched                                  0x08007005   Thumb Code   134  os_core.o(.text)
    OSSchedLock                              0x0800708b   Thumb Code   100  os_core.o(.text)
    OSSchedUnlock                            0x080070ef   Thumb Code   262  os_core.o(.text)
    OSStart                                  0x080071f5   Thumb Code    78  os_core.o(.text)
    OSVersion                                0x08007243   Thumb Code    12  os_core.o(.text)
    OS_PendDbgNameAdd                        0x0800724f   Thumb Code    66  os_core.o(.text)
    OS_PendListInsertPrio                    0x08007291   Thumb Code   102  os_core.o(.text)
    OS_PendDataInit                          0x080072f7   Thumb Code    38  os_core.o(.text)
    OS_RdyListRemove                         0x0800731d   Thumb Code    86  os_core.o(.text)
    OS_TaskBlock                             0x08007373   Thumb Code    56  os_core.o(.text)
    OS_Pend                                  0x080073ab   Thumb Code    98  os_core.o(.text)
    OS_PendListRemove1                       0x0800740d   Thumb Code    66  os_core.o(.text)
    OS_PendListRemove                        0x0800744f   Thumb Code    48  os_core.o(.text)
    OS_PendAbort1                            0x0800747f   Thumb Code    36  os_core.o(.text)
    OS_RdyListInsertHead                     0x080074a3   Thumb Code    58  os_core.o(.text)
    OS_RdyListInsertTail                     0x080074dd   Thumb Code    56  os_core.o(.text)
    OS_RdyListInsert                         0x08007515   Thumb Code    40  os_core.o(.text)
    OS_TaskRdy                               0x0800753d   Thumb Code    28  os_core.o(.text)
    OS_PendAbort                             0x08007559   Thumb Code   228  os_core.o(.text)
    OS_PendDbgNameRemove                     0x0800763d   Thumb Code    34  os_core.o(.text)
    OS_PendListChangePrio                    0x0800765f   Thumb Code    70  os_core.o(.text)
    OS_PendListInit                          0x080076a5   Thumb Code    10  os_core.o(.text)
    OS_PendListInsertHead                    0x080076af   Thumb Code    32  os_core.o(.text)
    OS_PendObjDel1                           0x080076cf   Thumb Code    36  os_core.o(.text)
    OS_PendObjDel                            0x080076f3   Thumb Code   174  os_core.o(.text)
    OS_Post1                                 0x080077a1   Thumb Code    42  os_core.o(.text)
    OS_Post                                  0x080077cb   Thumb Code   198  os_core.o(.text)
    OS_RdyListMoveHeadToTail                 0x08007891   Thumb Code    68  os_core.o(.text)
    OS_Dbg_Init                              0x080078d5   Thumb Code   148  os_dbg.o(.text)
    OS_FlagDbgListAdd                        0x08007a81   Thumb Code    38  os_flag.o(.text)
    OSFlagCreate                             0x08007aa7   Thumb Code   116  os_flag.o(.text)
    OS_FlagClr                               0x08007b1b   Thumb Code    28  os_flag.o(.text)
    OS_FlagDbgListRemove                     0x08007b37   Thumb Code    44  os_flag.o(.text)
    OSFlagDel                                0x08007b63   Thumb Code   304  os_flag.o(.text)
    OS_FlagBlock                             0x08007c93   Thumb Code    58  os_flag.o(.text)
    OSFlagPend                               0x08007ccd   Thumb Code  1250  os_flag.o(.text)
    OSFlagPendAbort                          0x080081af   Thumb Code   232  os_flag.o(.text)
    OSFlagPendGetFlagsRdy                    0x08008297   Thumb Code    86  os_flag.o(.text)
    OS_FlagTaskRdy                           0x080082ed   Thumb Code    92  os_flag.o(.text)
    OS_FlagPost                              0x08008349   Thumb Code   420  os_flag.o(.text)
    OSFlagPost                               0x080084ed   Thumb Code   110  os_flag.o(.text)
    OS_FlagInit                              0x0800855b   Thumb Code    14  os_flag.o(.text)
    OS_MemDbgListAdd                         0x08008579   Thumb Code    34  os_mem.o(.text)
    OSMemCreate                              0x0800859b   Thumb Code   232  os_mem.o(.text)
    OSMemGet                                 0x08008683   Thumb Code   100  os_mem.o(.text)
    OSMemPut                                 0x080086e7   Thumb Code   112  os_mem.o(.text)
    OS_MemInit                               0x08008757   Thumb Code    14  os_mem.o(.text)
    OS_MsgPoolInit                           0x08008775   Thumb Code   110  os_msg.o(.text)
    OS_MsgQFreeAll                           0x080087e3   Thumb Code    62  os_msg.o(.text)
    OS_MsgQInit                              0x08008821   Thumb Code    14  os_msg.o(.text)
    OS_MsgQGet                               0x0800882f   Thumb Code    98  os_msg.o(.text)
    OS_MsgQPut                               0x08008891   Thumb Code   250  os_msg.o(.text)
    OS_MutexDbgListAdd                       0x08008999   Thumb Code    38  os_mutex.o(.text)
    OSMutexCreate                            0x080089bf   Thumb Code   122  os_mutex.o(.text)
    OS_MutexClr                              0x08008a39   Thumb Code    38  os_mutex.o(.text)
    OS_MutexDbgListRemove                    0x08008a5f   Thumb Code    44  os_mutex.o(.text)
    OSMutexDel                               0x08008a8b   Thumb Code   440  os_mutex.o(.text)
    OSMutexPend                              0x08008c43   Thumb Code   616  os_mutex.o(.text)
    OSMutexPendAbort                         0x08008eab   Thumb Code   232  os_mutex.o(.text)
    OSMutexPost                              0x08008f93   Thumb Code   354  os_mutex.o(.text)
    OS_MutexInit                             0x080090f5   Thumb Code    14  os_mutex.o(.text)
    OS_PrioInit                              0x0800911d   Thumb Code    20  os_prio.o(.text)
    OS_PrioGetHighest                        0x08009131   Thumb Code    36  os_prio.o(.text)
    OS_PrioInsert                            0x08009155   Thumb Code    32  os_prio.o(.text)
    OS_PrioRemove                            0x08009175   Thumb Code    32  os_prio.o(.text)
    OS_QDbgListAdd                           0x08009199   Thumb Code    38  os_q.o(.text)
    OSQCreate                                0x080091bf   Thumb Code   130  os_q.o(.text)
    OS_QClr                                  0x08009241   Thumb Code    40  os_q.o(.text)
    OS_QDbgListRemove                        0x08009269   Thumb Code    44  os_q.o(.text)
    OSQDel                                   0x08009295   Thumb Code   304  os_q.o(.text)
    OSQFlush                                 0x080093c5   Thumb Code   106  os_q.o(.text)
    OSQPend                                  0x0800942f   Thumb Code   482  os_q.o(.text)
    OSQPendAbort                             0x08009611   Thumb Code   232  os_q.o(.text)
    OS_QPost                                 0x080096f9   Thumb Code   190  os_q.o(.text)
    OSQPost                                  0x080097b7   Thumb Code   140  os_q.o(.text)
    OS_QInit                                 0x08009843   Thumb Code    14  os_q.o(.text)
    OS_SemDbgListAdd                         0x08009865   Thumb Code    38  os_sem.o(.text)
    OSSemCreate                              0x0800988b   Thumb Code   116  os_sem.o(.text)
    OS_SemClr                                0x080098ff   Thumb Code    28  os_sem.o(.text)
    OS_SemDbgListRemove                      0x0800991b   Thumb Code    44  os_sem.o(.text)
    OSSemDel                                 0x08009947   Thumb Code   304  os_sem.o(.text)
    OSSemPend                                0x08009a77   Thumb Code   406  os_sem.o(.text)
    OSSemPendAbort                           0x08009c0d   Thumb Code   272  os_sem.o(.text)
    OS_SemPost                               0x08009d1d   Thumb Code   294  os_sem.o(.text)
    OSSemPost                                0x08009e43   Thumb Code   104  os_sem.o(.text)
    OSSemSet                                 0x08009eab   Thumb Code   120  os_sem.o(.text)
    OS_SemInit                               0x08009f23   Thumb Code    14  os_sem.o(.text)
    OSStatReset                              0x08009f41   Thumb Code   252  os_stat.o(.text)
    OSStatTaskCPUUsageInit                   0x0800a03d   Thumb Code   212  os_stat.o(.text)
    OS_StatTask                              0x0800a111   Thumb Code   760  os_stat.o(.text)
    OS_StatTaskInit                          0x0800a409   Thumb Code   138  os_stat.o(.text)
    OSTaskChangePrio                         0x0800a4d9   Thumb Code   274  os_task.o(.text)
    OS_TaskDbgListAdd                        0x0800a5eb   Thumb Code    42  os_task.o(.text)
    OS_TaskInitTCB                           0x0800a615   Thumb Code   192  os_task.o(.text)
    OSTaskCreate                             0x0800a6d5   Thumb Code   394  os_task.o(.text)
    OS_TaskDbgListRemove                     0x0800a85f   Thumb Code    64  os_task.o(.text)
    OSTaskDel                                0x0800a89f   Thumb Code   318  os_task.o(.text)
    OSTaskQFlush                             0x0800a9dd   Thumb Code   110  os_task.o(.text)
    OSTaskQPend                              0x0800aa4b   Thumb Code   450  os_task.o(.text)
    OSTaskQPendAbort                         0x0800ac0d   Thumb Code   184  os_task.o(.text)
    OS_TaskQPost                             0x0800acc5   Thumb Code   238  os_task.o(.text)
    OSTaskQPost                              0x0800adb3   Thumb Code    78  os_task.o(.text)
    OSTaskRegGet                             0x0800ae01   Thumb Code    78  os_task.o(.text)
    OSTaskRegGetID                           0x0800ae4f   Thumb Code    84  os_task.o(.text)
    OSTaskRegSet                             0x0800aea3   Thumb Code    78  os_task.o(.text)
    OS_TaskResume                            0x0800aef1   Thumb Code   256  os_task.o(.text)
    OSTaskResume                             0x0800aff1   Thumb Code    96  os_task.o(.text)
    OSTaskSemPend                            0x0800b051   Thumb Code   472  os_task.o(.text)
    OSTaskSemPendAbort                       0x0800b229   Thumb Code   212  os_task.o(.text)
    OS_TaskSemPost                           0x0800b2fd   Thumb Code   446  os_task.o(.text)
    OSTaskSemPost                            0x0800b4bb   Thumb Code    58  os_task.o(.text)
    OSTaskSemSet                             0x0800b4f5   Thumb Code    80  os_task.o(.text)
    OSTaskStkChk                             0x0800b545   Thumb Code   212  os_task.o(.text)
    OS_TaskSuspend                           0x0800b619   Thumb Code   272  os_task.o(.text)
    OSTaskSuspend                            0x0800b729   Thumb Code    48  os_task.o(.text)
    OS_TaskInit                              0x0800b759   Thumb Code    18  os_task.o(.text)
    OS_TaskReturn                            0x0800b76b   Thumb Code    20  os_task.o(.text)
    OS_TickListRemove                        0x0800b79d   Thumb Code    56  os_tick.o(.text)
    OS_TickListUpdate                        0x0800b7d5   Thumb Code   374  os_tick.o(.text)
    OS_TickTask                              0x0800b94b   Thumb Code    38  os_tick.o(.text)
    OS_TickListInit                          0x0800b971   Thumb Code    32  os_tick.o(.text)
    OS_TickTaskInit                          0x0800b991   Thumb Code   130  os_tick.o(.text)
    OS_TickListInsert                        0x0800ba13   Thumb Code   430  os_tick.o(.text)
    OS_TickListResetPeak                     0x0800bbc1   Thumb Code    92  os_tick.o(.text)
    OSTimeDly                                0x0800bc1d   Thumb Code   182  os_time.o(.text)
    OSTimeDlyHMSM                            0x0800bcd3   Thumb Code   394  os_time.o(.text)
    OSTimeDlyResume                          0x0800be5d   Thumb Code   334  os_time.o(.text)
    OSTimeGet                                0x0800bfab   Thumb Code    46  os_time.o(.text)
    OSTimeSet                                0x0800bfd9   Thumb Code    68  os_time.o(.text)
    OSTimeTick                               0x0800c01d   Thumb Code    50  os_time.o(.text)
    OS_TmrDbgListAdd                         0x0800c061   Thumb Code    34  os_tmr.o(.text)
    OSTmrCreate                              0x0800c083   Thumb Code   192  os_tmr.o(.text)
    OS_TmrClr                                0x0800c143   Thumb Code    36  os_tmr.o(.text)
    OS_TmrUnlink                             0x0800c167   Thumb Code    72  os_tmr.o(.text)
    OS_TmrDbgListRemove                      0x0800c1af   Thumb Code    44  os_tmr.o(.text)
    OSTmrDel                                 0x0800c1db   Thumb Code   182  os_tmr.o(.text)
    OSTmrRemainGet                           0x0800c291   Thumb Code   188  os_tmr.o(.text)
    OS_TmrLink                               0x0800c34d   Thumb Code   196  os_tmr.o(.text)
    OSTmrStart                               0x0800c411   Thumb Code   212  os_tmr.o(.text)
    OSTmrStateGet                            0x0800c4e5   Thumb Code   134  os_tmr.o(.text)
    OSTmrStop                                0x0800c56b   Thumb Code   246  os_tmr.o(.text)
    OS_TmrTask                               0x0800c661   Thumb Code   168  os_tmr.o(.text)
    OS_TmrInit                               0x0800c709   Thumb Code   208  os_tmr.o(.text)
    OS_TmrResetPeak                          0x0800c7d9   Thumb Code    28  os_tmr.o(.text)
    parseargs                                0x0800c851   Thumb Code   180  command.o(.text)
    unparseargs                              0x0800c905   Thumb Code    48  command.o(.text)
    add_command                              0x0800c935   Thumb Code    28  command.o(.text)
    find_cmd                                 0x0800c951   Thumb Code    44  command.o(.text)
    execcmd                                  0x0800c97d   Thumb Code    44  command.o(.text)
    exec_string                              0x0800c9a9   Thumb Code    62  command.o(.text)
    execsubcmd                               0x0800c9e7   Thumb Code    64  command.o(.text)
    print_usage                              0x0800ca27   Thumb Code    42  command.o(.text)
    invalid_cmd                              0x0800ca51   Thumb Code    30  command.o(.text)
    command_help                             0x0800ca6f   Thumb Code    90  command.o(.text)
    command_save                             0x0800cac9   Thumb Code    14  command.o(.text)
    command_reset                            0x0800cad7   Thumb Code    40  command.o(.text)
    init_builtin_cmds                        0x0800caff   Thumb Code    24  command.o(.text)
    getcmd                                   0x0800cc25   Thumb Code   186  getcmd.o(.text)
    serial_terminal                          0x0800cce5   Thumb Code   138  term.o(.text)
    strnlen                                  0x0800cee1   Thumb Code    30  printk.o(.text)
    printk                                   0x0800d0e7   Thumb Code    72  printk.o(.text)
    NVIC_PriorityGroupConfig                 0x0800d189   Thumb Code    10  misc.o(.text)
    NVIC_Init                                0x0800d193   Thumb Code   102  misc.o(.text)
    NVIC_SetVectorTable                      0x0800d1f9   Thumb Code    14  misc.o(.text)
    NVIC_SystemLPConfig                      0x0800d207   Thumb Code    34  misc.o(.text)
    SysTick_CLKSourceConfig                  0x0800d229   Thumb Code    40  misc.o(.text)
    FLASH_SetLatency                         0x0800d265   Thumb Code    18  stm32f10x_flash.o(.text)
    FLASH_HalfCycleAccessCmd                 0x0800d277   Thumb Code    22  stm32f10x_flash.o(.text)
    FLASH_PrefetchBufferCmd                  0x0800d28d   Thumb Code    22  stm32f10x_flash.o(.text)
    FLASH_Unlock                             0x0800d2a3   Thumb Code    12  stm32f10x_flash.o(.text)
    FLASH_UnlockBank1                        0x0800d2af   Thumb Code    12  stm32f10x_flash.o(.text)
    FLASH_Lock                               0x0800d2bb   Thumb Code    14  stm32f10x_flash.o(.text)
    FLASH_LockBank1                          0x0800d2c9   Thumb Code    14  stm32f10x_flash.o(.text)
    FLASH_GetBank1Status                     0x0800d2d7   Thumb Code    48  stm32f10x_flash.o(.text)
    FLASH_WaitForLastOperation               0x0800d307   Thumb Code    38  stm32f10x_flash.o(.text)
    FLASH_ErasePage                          0x0800d32d   Thumb Code    72  stm32f10x_flash.o(.text)
    FLASH_EraseAllPages                      0x0800d375   Thumb Code    68  stm32f10x_flash.o(.text)
    FLASH_WaitForLastBank1Operation          0x0800d3b9   Thumb Code    38  stm32f10x_flash.o(.text)
    FLASH_EraseAllBank1Pages                 0x0800d3df   Thumb Code    68  stm32f10x_flash.o(.text)
    FLASH_GetReadOutProtectionStatus         0x0800d423   Thumb Code    20  stm32f10x_flash.o(.text)
    FLASH_EraseOptionBytes                   0x0800d437   Thumb Code   150  stm32f10x_flash.o(.text)
    FLASH_ProgramWord                        0x0800d4cd   Thumb Code   102  stm32f10x_flash.o(.text)
    FLASH_ProgramHalfWord                    0x0800d533   Thumb Code    60  stm32f10x_flash.o(.text)
    FLASH_ProgramOptionByteData              0x0800d56f   Thumb Code    72  stm32f10x_flash.o(.text)
    FLASH_EnableWriteProtection              0x0800d5b7   Thumb Code   200  stm32f10x_flash.o(.text)
    FLASH_ReadOutProtection                  0x0800d67f   Thumb Code   156  stm32f10x_flash.o(.text)
    FLASH_UserOptionByteConfig               0x0800d71b   Thumb Code    88  stm32f10x_flash.o(.text)
    FLASH_GetUserOptionByte                  0x0800d773   Thumb Code     8  stm32f10x_flash.o(.text)
    FLASH_GetWriteProtectionOptionByte       0x0800d77b   Thumb Code     6  stm32f10x_flash.o(.text)
    FLASH_GetPrefetchBufferStatus            0x0800d781   Thumb Code    20  stm32f10x_flash.o(.text)
    FLASH_ITConfig                           0x0800d795   Thumb Code    26  stm32f10x_flash.o(.text)
    FLASH_GetFlagStatus                      0x0800d7af   Thumb Code    42  stm32f10x_flash.o(.text)
    FLASH_ClearFlag                          0x0800d7d9   Thumb Code     6  stm32f10x_flash.o(.text)
    FLASH_GetStatus                          0x0800d7df   Thumb Code    48  stm32f10x_flash.o(.text)
    GPIO_DeInit                              0x0800d821   Thumb Code   172  stm32f10x_gpio.o(.text)
    GPIO_AFIODeInit                          0x0800d8cd   Thumb Code    20  stm32f10x_gpio.o(.text)
    GPIO_Init                                0x0800d8e1   Thumb Code   274  stm32f10x_gpio.o(.text)
    GPIO_StructInit                          0x0800d9f3   Thumb Code    16  stm32f10x_gpio.o(.text)
    GPIO_ReadInputDataBit                    0x0800da03   Thumb Code    18  stm32f10x_gpio.o(.text)
    GPIO_ReadInputData                       0x0800da15   Thumb Code     8  stm32f10x_gpio.o(.text)
    GPIO_ReadOutputDataBit                   0x0800da1d   Thumb Code    18  stm32f10x_gpio.o(.text)
    GPIO_ReadOutputData                      0x0800da2f   Thumb Code     8  stm32f10x_gpio.o(.text)
    GPIO_SetBits                             0x0800da37   Thumb Code     4  stm32f10x_gpio.o(.text)
    GPIO_ResetBits                           0x0800da3b   Thumb Code     4  stm32f10x_gpio.o(.text)
    GPIO_WriteBit                            0x0800da3f   Thumb Code    10  stm32f10x_gpio.o(.text)
    GPIO_Write                               0x0800da49   Thumb Code     4  stm32f10x_gpio.o(.text)
    GPIO_PinLockConfig                       0x0800da4d   Thumb Code    18  stm32f10x_gpio.o(.text)
    GPIO_EventOutputConfig                   0x0800da5f   Thumb Code    26  stm32f10x_gpio.o(.text)
    GPIO_EventOutputCmd                      0x0800da79   Thumb Code     6  stm32f10x_gpio.o(.text)
    GPIO_PinRemapConfig                      0x0800da7f   Thumb Code   138  stm32f10x_gpio.o(.text)
    GPIO_EXTILineConfig                      0x0800db09   Thumb Code    66  stm32f10x_gpio.o(.text)
    GPIO_ETH_MediaInterfaceConfig            0x0800db4b   Thumb Code     6  stm32f10x_gpio.o(.text)
    RCC_DeInit                               0x0800db79   Thumb Code    64  stm32f10x_rcc.o(.text)
    RCC_HSEConfig                            0x0800dbb9   Thumb Code    70  stm32f10x_rcc.o(.text)
    RCC_GetFlagStatus                        0x0800dbff   Thumb Code    56  stm32f10x_rcc.o(.text)
    RCC_WaitForHSEStartUp                    0x0800dc37   Thumb Code    56  stm32f10x_rcc.o(.text)
    RCC_AdjustHSICalibrationValue            0x0800dc6f   Thumb Code    20  stm32f10x_rcc.o(.text)
    RCC_HSICmd                               0x0800dc83   Thumb Code     6  stm32f10x_rcc.o(.text)
    RCC_PLLConfig                            0x0800dc89   Thumb Code    24  stm32f10x_rcc.o(.text)
    RCC_PLLCmd                               0x0800dca1   Thumb Code     6  stm32f10x_rcc.o(.text)
    RCC_SYSCLKConfig                         0x0800dca7   Thumb Code    18  stm32f10x_rcc.o(.text)
    RCC_GetSYSCLKSource                      0x0800dcb9   Thumb Code    10  stm32f10x_rcc.o(.text)
    RCC_HCLKConfig                           0x0800dcc3   Thumb Code    18  stm32f10x_rcc.o(.text)
    RCC_PCLK1Config                          0x0800dcd5   Thumb Code    18  stm32f10x_rcc.o(.text)
    RCC_PCLK2Config                          0x0800dce7   Thumb Code    20  stm32f10x_rcc.o(.text)
    RCC_ITConfig                             0x0800dcfb   Thumb Code    26  stm32f10x_rcc.o(.text)
    RCC_USBCLKConfig                         0x0800dd15   Thumb Code     6  stm32f10x_rcc.o(.text)
    RCC_ADCCLKConfig                         0x0800dd1b   Thumb Code    18  stm32f10x_rcc.o(.text)
    RCC_LSEConfig                            0x0800dd2d   Thumb Code    44  stm32f10x_rcc.o(.text)
    RCC_LSICmd                               0x0800dd59   Thumb Code     6  stm32f10x_rcc.o(.text)
    RCC_RTCCLKConfig                         0x0800dd5f   Thumb Code    12  stm32f10x_rcc.o(.text)
    RCC_RTCCLKCmd                            0x0800dd6b   Thumb Code     8  stm32f10x_rcc.o(.text)
    RCC_GetClocksFreq                        0x0800dd73   Thumb Code   192  stm32f10x_rcc.o(.text)
    RCC_AHBPeriphClockCmd                    0x0800de33   Thumb Code    26  stm32f10x_rcc.o(.text)
    RCC_APB2PeriphClockCmd                   0x0800de4d   Thumb Code    26  stm32f10x_rcc.o(.text)
    RCC_APB1PeriphClockCmd                   0x0800de67   Thumb Code    26  stm32f10x_rcc.o(.text)
    RCC_APB2PeriphResetCmd                   0x0800de81   Thumb Code    26  stm32f10x_rcc.o(.text)
    RCC_APB1PeriphResetCmd                   0x0800de9b   Thumb Code    26  stm32f10x_rcc.o(.text)
    RCC_BackupResetCmd                       0x0800deb5   Thumb Code     8  stm32f10x_rcc.o(.text)
    RCC_ClockSecuritySystemCmd               0x0800debd   Thumb Code     6  stm32f10x_rcc.o(.text)
    RCC_MCOConfig                            0x0800dec3   Thumb Code     6  stm32f10x_rcc.o(.text)
    RCC_ClearFlag                            0x0800dec9   Thumb Code    14  stm32f10x_rcc.o(.text)
    RCC_GetITStatus                          0x0800ded7   Thumb Code    20  stm32f10x_rcc.o(.text)
    RCC_ClearITPendingBit                    0x0800deeb   Thumb Code     6  stm32f10x_rcc.o(.text)
    USART_DeInit                             0x0800df21   Thumb Code   134  stm32f10x_usart.o(.text)
    USART_Init                               0x0800dfa7   Thumb Code   210  stm32f10x_usart.o(.text)
    USART_StructInit                         0x0800e079   Thumb Code    24  stm32f10x_usart.o(.text)
    USART_ClockInit                          0x0800e091   Thumb Code    34  stm32f10x_usart.o(.text)
    USART_ClockStructInit                    0x0800e0b3   Thumb Code    12  stm32f10x_usart.o(.text)
    USART_Cmd                                0x0800e0bf   Thumb Code    24  stm32f10x_usart.o(.text)
    USART_ITConfig                           0x0800e0d7   Thumb Code    74  stm32f10x_usart.o(.text)
    USART_DMACmd                             0x0800e121   Thumb Code    18  stm32f10x_usart.o(.text)
    USART_SetAddress                         0x0800e133   Thumb Code    18  stm32f10x_usart.o(.text)
    USART_WakeUpConfig                       0x0800e145   Thumb Code    18  stm32f10x_usart.o(.text)
    USART_ReceiverWakeUpCmd                  0x0800e157   Thumb Code    24  stm32f10x_usart.o(.text)
    USART_LINBreakDetectLengthConfig         0x0800e16f   Thumb Code    18  stm32f10x_usart.o(.text)
    USART_LINCmd                             0x0800e181   Thumb Code    24  stm32f10x_usart.o(.text)
    USART_SendData                           0x0800e199   Thumb Code     8  stm32f10x_usart.o(.text)
    USART_ReceiveData                        0x0800e1a1   Thumb Code    10  stm32f10x_usart.o(.text)
    USART_SendBreak                          0x0800e1ab   Thumb Code    10  stm32f10x_usart.o(.text)
    USART_SetGuardTime                       0x0800e1b5   Thumb Code    16  stm32f10x_usart.o(.text)
    USART_SetPrescaler                       0x0800e1c5   Thumb Code    16  stm32f10x_usart.o(.text)
    USART_SmartCardCmd                       0x0800e1d5   Thumb Code    24  stm32f10x_usart.o(.text)
    USART_SmartCardNACKCmd                   0x0800e1ed   Thumb Code    24  stm32f10x_usart.o(.text)
    USART_HalfDuplexCmd                      0x0800e205   Thumb Code    24  stm32f10x_usart.o(.text)
    USART_OverSampling8Cmd                   0x0800e21d   Thumb Code    22  stm32f10x_usart.o(.text)
    USART_OneBitMethodCmd                    0x0800e233   Thumb Code    24  stm32f10x_usart.o(.text)
    USART_IrDAConfig                         0x0800e24b   Thumb Code    18  stm32f10x_usart.o(.text)
    USART_IrDACmd                            0x0800e25d   Thumb Code    24  stm32f10x_usart.o(.text)
    USART_GetFlagStatus                      0x0800e275   Thumb Code    26  stm32f10x_usart.o(.text)
    USART_ClearFlag                          0x0800e28f   Thumb Code    18  stm32f10x_usart.o(.text)
    USART_GetITStatus                        0x0800e2a1   Thumb Code    84  stm32f10x_usart.o(.text)
    USART_ClearITPendingBit                  0x0800e2f5   Thumb Code    52  stm32f10x_usart.o(.text)
    __c89vsnprintf                           0x0800e329   Thumb Code    48  c89vsnprintf.o(.text)
    __aeabi_memcpy4                          0x0800e35d   Thumb Code     0  rt_memcpy_w.o(.text)
    __aeabi_memcpy8                          0x0800e35d   Thumb Code     0  rt_memcpy_w.o(.text)
    __rt_memcpy_w                            0x0800e35d   Thumb Code   100  rt_memcpy_w.o(.text)
    _memcpy_lastbytes_aligned                0x0800e3a5   Thumb Code     0  rt_memcpy_w.o(.text)
    __use_two_region_memory                  0x0800e3c1   Thumb Code     2  heapauxi.o(.text)
    __rt_heap_escrow$2region                 0x0800e3c3   Thumb Code     2  heapauxi.o(.text)
    __rt_heap_expand$2region                 0x0800e3c5   Thumb Code     2  heapauxi.o(.text)
    _printf_pre_padding                      0x0800e3c7   Thumb Code    46  _printf_pad.o(.text)
    _printf_post_padding                     0x0800e3f5   Thumb Code    36  _printf_pad.o(.text)
    _printf_truncate_signed                  0x0800e419   Thumb Code    18  _printf_truncate.o(.text)
    _printf_truncate_unsigned                0x0800e42b   Thumb Code    18  _printf_truncate.o(.text)
    _printf_str                              0x0800e43d   Thumb Code    82  _printf_str.o(.text)
    _printf_int_dec                          0x0800e491   Thumb Code   102  _printf_dec.o(.text)
    _printf_charcount                        0x0800e509   Thumb Code    42  _printf_charcount.o(.text)
    _printf_char_common                      0x0800e53f   Thumb Code    32  _printf_char_common.o(.text)
    _sputc                                   0x0800e565   Thumb Code    10  _sputc.o(.text)
    _snputc                                  0x0800e56f   Thumb Code    16  _snputc.o(.text)
    _printf_wctomb                           0x0800e581   Thumb Code   182  _printf_wctomb.o(.text)
    _printf_longlong_dec                     0x0800e63d   Thumb Code   104  _printf_longlong_dec.o(.text)
    _printf_longlong_oct                     0x0800e6b5   Thumb Code    76  _printf_oct_int_ll.o(.text)
    _printf_int_oct                          0x0800e701   Thumb Code    24  _printf_oct_int_ll.o(.text)
    _printf_ll_oct                           0x0800e719   Thumb Code    12  _printf_oct_int_ll.o(.text)
    _printf_longlong_hex                     0x0800e72d   Thumb Code    92  _printf_hex_int_ll_ptr.o(.text)
    _printf_int_hex                          0x0800e789   Thumb Code    28  _printf_hex_int_ll_ptr.o(.text)
    _printf_ll_hex                           0x0800e7a5   Thumb Code    12  _printf_hex_int_ll_ptr.o(.text)
    _printf_hex_ptr                          0x0800e7b1   Thumb Code    18  _printf_hex_int_ll_ptr.o(.text)
    __printf                                 0x0800e7c9   Thumb Code   390  __printf_flags_ss_wp.o(.text)
    _ll_udiv10                               0x0800e955   Thumb Code   138  lludiv10.o(.text)
    _printf_int_common                       0x0800e9df   Thumb Code   184  _printf_intcommon.o(.text)
    __lib_sel_fp_printf                      0x0800ea97   Thumb Code     2  _printf_fp_dec.o(.text)
    _printf_fp_dec_real                      0x0800ec43   Thumb Code   628  _printf_fp_dec.o(.text)
    _printf_cs_common                        0x0800eeb7   Thumb Code    20  _printf_char.o(.text)
    _printf_char                             0x0800eecb   Thumb Code    16  _printf_char.o(.text)
    _printf_string                           0x0800eedb   Thumb Code     8  _printf_char.o(.text)
    _printf_lcs_common                       0x0800eee3   Thumb Code    20  _printf_wchar.o(.text)
    _printf_wchar                            0x0800eef7   Thumb Code    16  _printf_wchar.o(.text)
    _printf_wstring                          0x0800ef07   Thumb Code     8  _printf_wchar.o(.text)
    _wcrtomb                                 0x0800ef0f   Thumb Code    64  _wcrtomb.o(.text)
    __user_setup_stackheap                   0x0800ef4f   Thumb Code    74  sys_stackheap_outer.o(.text)
    __rt_ctype_table                         0x0800ef99   Thumb Code    16  rt_ctype_table.o(.text)
    __rt_locale                              0x0800efa9   Thumb Code     8  rt_locale_intlibspace.o(.text)
    _printf_fp_infnan                        0x0800efb1   Thumb Code   112  _printf_fp_infnan.o(.text)
    _btod_etento                             0x0800f031   Thumb Code   222  bigflt0.o(.text)
    exit                                     0x0800f115   Thumb Code    12  exit.o(.text)
    __user_libspace                          0x0800f121   Thumb Code     8  libspace.o(.text)
    __user_perproc_libspace                  0x0800f121   Thumb Code     0  libspace.o(.text)
    __user_perthread_libspace                0x0800f121   Thumb Code     0  libspace.o(.text)
    strcmp                                   0x0800f129   Thumb Code   128  strcmpv7m.o(.text)
    _sys_exit                                0x0800f1a9   Thumb Code     8  sys_exit.o(.text)
    __I$use$semihosting                      0x0800f1b5   Thumb Code     0  use_no_semi.o(.text)
    __use_no_semihosting_swi                 0x0800f1b5   Thumb Code     2  use_no_semi.o(.text)
    __semihosting_library_function           0x0800f1b7   Thumb Code     0  indicate_semi.o(.text)
    _btod_d2e                                0x0800f1b7   Thumb Code    62  btod.o(CL$$btod_d2e)
    _d2e_denorm_low                          0x0800f1f5   Thumb Code    70  btod.o(CL$$btod_d2e_denorm_low)
    _d2e_norm_op1                            0x0800f23b   Thumb Code    96  btod.o(CL$$btod_d2e_norm_op1)
    __btod_div_common                        0x0800f29b   Thumb Code   696  btod.o(CL$$btod_div_common)
    _e2e                                     0x0800f5d3   Thumb Code   198  btod.o(CL$$btod_e2e)
    _btod_ediv                               0x0800f699   Thumb Code    40  btod.o(CL$$btod_ediv)
    _btod_emul                               0x0800f6c1   Thumb Code    40  btod.o(CL$$btod_emul)
    __btod_mult_common                       0x0800f6e9   Thumb Code   580  btod.o(CL$$btod_mult_common)
    OSStartHighRdy                           0x0800f92d   Thumb Code     0  os_cpu_a.o(CODE)
    OS_CPU_PendSVHandler                     0x0800f94f   Thumb Code     0  os_cpu_a.o(CODE)
    __ARM_fpclassify                         0x0800f9b1   Thumb Code    40  fpclassify.o(i.__ARM_fpclassify)
    _is_digit                                0x0800f9d9   Thumb Code    14  __printf_wp.o(i._is_digit)
    _get_lc_numeric                          0x0800f9e9   Thumb Code    44  lc_numeric_c.o(locale$$code)
    _get_lc_ctype                            0x0800fa15   Thumb Code    44  lc_ctype_c.o(locale$$code)
    _printf_fp_dec                           0x0800fa41   Thumb Code     4  printf1.o(x$fpl$printf1)
    __I$use$fp                               0x0800fa44   Number         0  usenofp.o(x$fpl$usenofp)
    OSCfg_IdleTaskStkBasePtr                 0x0800fbd8   Data           4  os_cfg_app.o(.constdata)
    OSCfg_IdleTaskStkLimit                   0x0800fbdc   Data           4  os_cfg_app.o(.constdata)
    OSCfg_IdleTaskStkSize                    0x0800fbe0   Data           4  os_cfg_app.o(.constdata)
    OSCfg_IdleTaskStkSizeRAM                 0x0800fbe4   Data           4  os_cfg_app.o(.constdata)
    OSCfg_IntQBasePtr                        0x0800fbe8   Data           4  os_cfg_app.o(.constdata)
    OSCfg_IntQSize                           0x0800fbec   Data           2  os_cfg_app.o(.constdata)
    OSCfg_IntQSizeRAM                        0x0800fbf0   Data           4  os_cfg_app.o(.constdata)
    OSCfg_IntQTaskStkBasePtr                 0x0800fbf4   Data           4  os_cfg_app.o(.constdata)
    OSCfg_IntQTaskStkLimit                   0x0800fbf8   Data           4  os_cfg_app.o(.constdata)
    OSCfg_IntQTaskStkSize                    0x0800fbfc   Data           4  os_cfg_app.o(.constdata)
    OSCfg_IntQTaskStkSizeRAM                 0x0800fc00   Data           4  os_cfg_app.o(.constdata)
    OSCfg_ISRStkBasePtr                      0x0800fc04   Data           4  os_cfg_app.o(.constdata)
    OSCfg_ISRStkSize                         0x0800fc08   Data           4  os_cfg_app.o(.constdata)
    OSCfg_ISRStkSizeRAM                      0x0800fc0c   Data           4  os_cfg_app.o(.constdata)
    OSCfg_MsgPoolSize                        0x0800fc10   Data           2  os_cfg_app.o(.constdata)
    OSCfg_MsgPoolSizeRAM                     0x0800fc14   Data           4  os_cfg_app.o(.constdata)
    OSCfg_MsgPoolBasePtr                     0x0800fc18   Data           4  os_cfg_app.o(.constdata)
    OSCfg_StatTaskPrio                       0x0800fc1c   Data           1  os_cfg_app.o(.constdata)
    OSCfg_StatTaskRate_Hz                    0x0800fc20   Data           4  os_cfg_app.o(.constdata)
    OSCfg_StatTaskStkBasePtr                 0x0800fc24   Data           4  os_cfg_app.o(.constdata)
    OSCfg_StatTaskStkLimit                   0x0800fc28   Data           4  os_cfg_app.o(.constdata)
    OSCfg_StatTaskStkSize                    0x0800fc2c   Data           4  os_cfg_app.o(.constdata)
    OSCfg_StatTaskStkSizeRAM                 0x0800fc30   Data           4  os_cfg_app.o(.constdata)
    OSCfg_StkSizeMin                         0x0800fc34   Data           4  os_cfg_app.o(.constdata)
    OSCfg_TickRate_Hz                        0x0800fc38   Data           4  os_cfg_app.o(.constdata)
    OSCfg_TickTaskPrio                       0x0800fc3c   Data           1  os_cfg_app.o(.constdata)
    OSCfg_TickTaskStkBasePtr                 0x0800fc40   Data           4  os_cfg_app.o(.constdata)
    OSCfg_TickTaskStkLimit                   0x0800fc44   Data           4  os_cfg_app.o(.constdata)
    OSCfg_TickTaskStkSize                    0x0800fc48   Data           4  os_cfg_app.o(.constdata)
    OSCfg_TickTaskStkSizeRAM                 0x0800fc4c   Data           4  os_cfg_app.o(.constdata)
    OSCfg_TickWheelSize                      0x0800fc50   Data           2  os_cfg_app.o(.constdata)
    OSCfg_TickWheelSizeRAM                   0x0800fc54   Data           4  os_cfg_app.o(.constdata)
    OSCfg_TmrTaskPrio                        0x0800fc58   Data           1  os_cfg_app.o(.constdata)
    OSCfg_TmrTaskRate_Hz                     0x0800fc5c   Data           4  os_cfg_app.o(.constdata)
    OSCfg_TmrTaskStkBasePtr                  0x0800fc60   Data           4  os_cfg_app.o(.constdata)
    OSCfg_TmrTaskStkLimit                    0x0800fc64   Data           4  os_cfg_app.o(.constdata)
    OSCfg_TmrTaskStkSize                     0x0800fc68   Data           4  os_cfg_app.o(.constdata)
    OSCfg_TmrTaskStkSizeRAM                  0x0800fc6c   Data           4  os_cfg_app.o(.constdata)
    OSCfg_TmrWheelSize                       0x0800fc70   Data           2  os_cfg_app.o(.constdata)
    OSCfg_TmrWheelSizeRAM                    0x0800fc74   Data           4  os_cfg_app.o(.constdata)
    OSCfg_DataSizeRAM                        0x0800fc78   Data           4  os_cfg_app.o(.constdata)
    OSDbg_DbgEn                              0x0800fc7c   Data           1  os_dbg.o(.constdata)
    OSDbg_ArgChkEn                           0x0800fc7d   Data           1  os_dbg.o(.constdata)
    OSDbg_AppHooksEn                         0x0800fc7e   Data           1  os_dbg.o(.constdata)
    OSDbg_EndiannessTest                     0x0800fc80   Data           4  os_dbg.o(.constdata)
    OSDbg_CalledFromISRChkEn                 0x0800fc84   Data           1  os_dbg.o(.constdata)
    OSDbg_FlagEn                             0x0800fc85   Data           1  os_dbg.o(.constdata)
    OSDbg_FlagGrp                            0x0800fc88   Data          40  os_dbg.o(.constdata)
    OSDbg_FlagDelEn                          0x0800fcb0   Data           1  os_dbg.o(.constdata)
    OSDbg_FlagModeClrEn                      0x0800fcb1   Data           1  os_dbg.o(.constdata)
    OSDbg_FlagPendAbortEn                    0x0800fcb2   Data           1  os_dbg.o(.constdata)
    OSDbg_FlagGrpSize                        0x0800fcb4   Data           2  os_dbg.o(.constdata)
    OSDbg_FlagWidth                          0x0800fcb6   Data           2  os_dbg.o(.constdata)
    OSDbg_IntQ                               0x0800fcb8   Data           2  os_dbg.o(.constdata)
    OSDbg_ISRPostDeferredEn                  0x0800fcba   Data           1  os_dbg.o(.constdata)
    OSDbg_Mem                                0x0800fcbc   Data          32  os_dbg.o(.constdata)
    OSDbg_MemEn                              0x0800fcdc   Data           1  os_dbg.o(.constdata)
    OSDbg_MemSize                            0x0800fcde   Data           2  os_dbg.o(.constdata)
    OSDbg_MsgEn                              0x0800fce0   Data           1  os_dbg.o(.constdata)
    OSDbg_MsgSize                            0x0800fce2   Data           2  os_dbg.o(.constdata)
    OSDbg_MsgPoolSize                        0x0800fce4   Data           2  os_dbg.o(.constdata)
    OSDbg_MsgQSize                           0x0800fce6   Data           2  os_dbg.o(.constdata)
    OSDbg_Mutex                              0x0800fce8   Data          44  os_dbg.o(.constdata)
    OSDbg_MutexEn                            0x0800fd14   Data           1  os_dbg.o(.constdata)
    OSDbg_MutexDelEn                         0x0800fd15   Data           1  os_dbg.o(.constdata)
    OSDbg_MutexPendAbortEn                   0x0800fd16   Data           1  os_dbg.o(.constdata)
    OSDbg_MutexSize                          0x0800fd18   Data           2  os_dbg.o(.constdata)
    OSDbg_ObjTypeChkEn                       0x0800fd1a   Data           1  os_dbg.o(.constdata)
    OSDbg_PendMultiEn                        0x0800fd1b   Data           1  os_dbg.o(.constdata)
    OSDbg_PendDataSize                       0x0800fd1c   Data           2  os_dbg.o(.constdata)
    OSDbg_PendListSize                       0x0800fd1e   Data           2  os_dbg.o(.constdata)
    OSDbg_PendObjSize                        0x0800fd20   Data           2  os_dbg.o(.constdata)
    OSDbg_PrioMax                            0x0800fd22   Data           2  os_dbg.o(.constdata)
    OSDbg_PrioTblSize                        0x0800fd24   Data           2  os_dbg.o(.constdata)
    OSDbg_PtrSize                            0x0800fd26   Data           2  os_dbg.o(.constdata)
    OSDbg_Q                                  0x0800fd28   Data          48  os_dbg.o(.constdata)
    OSDbg_QEn                                0x0800fd58   Data           1  os_dbg.o(.constdata)
    OSDbg_QDelEn                             0x0800fd59   Data           1  os_dbg.o(.constdata)
    OSDbg_QFlushEn                           0x0800fd5a   Data           1  os_dbg.o(.constdata)
    OSDbg_QPendAbortEn                       0x0800fd5b   Data           1  os_dbg.o(.constdata)
    OSDbg_QSize                              0x0800fd5c   Data           2  os_dbg.o(.constdata)
    OSDbg_SchedRoundRobinEn                  0x0800fd5e   Data           1  os_dbg.o(.constdata)
    OSDbg_Sem                                0x0800fd60   Data          40  os_dbg.o(.constdata)
    OSDbg_SemEn                              0x0800fd88   Data           1  os_dbg.o(.constdata)
    OSDbg_SemDelEn                           0x0800fd89   Data           1  os_dbg.o(.constdata)
    OSDbg_SemPendAbortEn                     0x0800fd8a   Data           1  os_dbg.o(.constdata)
    OSDbg_SemSetEn                           0x0800fd8b   Data           1  os_dbg.o(.constdata)
    OSDbg_SemSize                            0x0800fd8c   Data           2  os_dbg.o(.constdata)
    OSDbg_RdyList                            0x0800fd8e   Data           2  os_dbg.o(.constdata)
    OSDbg_RdyListSize                        0x0800fd90   Data           4  os_dbg.o(.constdata)
    OSDbg_StkWidth                           0x0800fd94   Data           1  os_dbg.o(.constdata)
    OSDbg_StatTaskEn                         0x0800fd95   Data           1  os_dbg.o(.constdata)
    OSDbg_StatTaskStkChkEn                   0x0800fd96   Data           1  os_dbg.o(.constdata)
    OSDbg_TaskChangePrioEn                   0x0800fd97   Data           1  os_dbg.o(.constdata)
    OSDbg_TaskDelEn                          0x0800fd98   Data           1  os_dbg.o(.constdata)
    OSDbg_TaskQEn                            0x0800fd99   Data           1  os_dbg.o(.constdata)
    OSDbg_TaskQPendAbortEn                   0x0800fd9a   Data           1  os_dbg.o(.constdata)
    OSDbg_TaskProfileEn                      0x0800fd9b   Data           1  os_dbg.o(.constdata)
    OSDbg_TaskRegTblSize                     0x0800fd9c   Data           2  os_dbg.o(.constdata)
    OSDbg_TaskSemPendAbortEn                 0x0800fd9e   Data           1  os_dbg.o(.constdata)
    OSDbg_TaskSuspendEn                      0x0800fd9f   Data           1  os_dbg.o(.constdata)
    OSDbg_TCBSize                            0x0800fda0   Data           2  os_dbg.o(.constdata)
    OSDbg_TickSpokeSize                      0x0800fda2   Data           2  os_dbg.o(.constdata)
    OSDbg_TimeDlyHMSMEn                      0x0800fda4   Data           1  os_dbg.o(.constdata)
    OSDbg_TimeDlyResumeEn                    0x0800fda5   Data           1  os_dbg.o(.constdata)
    OSDbg_TLS_TblSize                        0x0800fda6   Data           2  os_dbg.o(.constdata)
    OSDbg_Tmr                                0x0800fda8   Data          52  os_dbg.o(.constdata)
    OSDbg_TmrEn                              0x0800fddc   Data           1  os_dbg.o(.constdata)
    OSDbg_TmrDelEn                           0x0800fddd   Data           1  os_dbg.o(.constdata)
    OSDbg_TmrSize                            0x0800fdde   Data           2  os_dbg.o(.constdata)
    OSDbg_TmrSpokeSize                       0x0800fde0   Data           2  os_dbg.o(.constdata)
    OSDbg_VersionNbr                         0x0800fde2   Data           2  os_dbg.o(.constdata)
    OSDbg_DataSize                           0x0800fde4   Data           4  os_dbg.o(.constdata)
    verst                                    0x0800fde8   Data           9  term.o(.constdata)
    versd                                    0x0800fdf1   Data          12  term.o(.constdata)
    password                                 0x0800fdfd   Data           5  term.o(.constdata)
    iappassword                              0x0800fe02   Data          11  term.o(.constdata)
    Region$$Table$$Base                      0x0800ff74   Number         0  anon$$obj.o(Region$$Table)
    Region$$Table$$Limit                     0x0800ff94   Number         0  anon$$obj.o(Region$$Table)
    __ctype                                  0x0800ffbd   Data           0  lc_ctype_c.o(locale$$data)
    BSP_CPU_ClkFreq_MHz                      0x20000000   Data           4  bsp.o(.data)
    CPU_TS_TmrFreq_Hz                        0x2000000c   Data           4  cpu_core.o(.data)
    Math_RandSeedCur                         0x20000010   Data           4  lib_math.o(.data)
    Mem_PoolTbl                              0x20000014   Data           4  lib_mem.o(.data)
    OS_CPU_ExceptStkBase                     0x20000018   Data           4  os_cpu_c.o(.data)
    OSPrioTbl                                0x2000001c   Data           4  os_prio.o(.data)
    OS_AppTaskCreateHookPtr                  0x20000020   Data           4  os_var.o(.data)
    OS_AppTaskDelHookPtr                     0x20000024   Data           4  os_var.o(.data)
    OS_AppTaskReturnHookPtr                  0x20000028   Data           4  os_var.o(.data)
    OS_AppIdleTaskHookPtr                    0x2000002c   Data           4  os_var.o(.data)
    OS_AppStatTaskHookPtr                    0x20000030   Data           4  os_var.o(.data)
    OS_AppTaskSwHookPtr                      0x20000034   Data           4  os_var.o(.data)
    OS_AppTimeTickHookPtr                    0x20000038   Data           4  os_var.o(.data)
    OSIdleTaskCtr                            0x2000003c   Data           4  os_var.o(.data)
    OSIntNestingCtr                          0x20000040   Data           1  os_var.o(.data)
    OSRunning                                0x20000041   Data           1  os_var.o(.data)
    OSFlagDbgListPtr                         0x20000044   Data           4  os_var.o(.data)
    OSFlagQty                                0x20000048   Data           2  os_var.o(.data)
    OSMemDbgListPtr                          0x2000004c   Data           4  os_var.o(.data)
    OSMemQty                                 0x20000050   Data           2  os_var.o(.data)
    OSMutexDbgListPtr                        0x20000054   Data           4  os_var.o(.data)
    OSMutexQty                               0x20000058   Data           2  os_var.o(.data)
    OSPrioCur                                0x2000005a   Data           1  os_var.o(.data)
    OSPrioHighRdy                            0x2000005b   Data           1  os_var.o(.data)
    OSPrioSaved                              0x2000005c   Data           1  os_var.o(.data)
    OSQDbgListPtr                            0x20000060   Data           4  os_var.o(.data)
    OSQQty                                   0x20000064   Data           2  os_var.o(.data)
    OSSchedLockNestingCtr                    0x20000066   Data           1  os_var.o(.data)
    OSSemDbgListPtr                          0x20000068   Data           4  os_var.o(.data)
    OSSemQty                                 0x2000006c   Data           2  os_var.o(.data)
    OSStatResetFlag                          0x2000006e   Data           1  os_var.o(.data)
    OSStatTaskCPUUsage                       0x20000070   Data           2  os_var.o(.data)
    OSStatTaskCPUUsageMax                    0x20000072   Data           2  os_var.o(.data)
    OSStatTaskCtr                            0x20000074   Data           4  os_var.o(.data)
    OSStatTaskCtrMax                         0x20000078   Data           4  os_var.o(.data)
    OSStatTaskCtrRun                         0x2000007c   Data           4  os_var.o(.data)
    OSStatTaskRdy                            0x20000080   Data           1  os_var.o(.data)
    OSStatTaskTimeMax                        0x20000084   Data           4  os_var.o(.data)
    OSTaskCtxSwCtr                           0x20000088   Data           4  os_var.o(.data)
    OSTaskDbgListPtr                         0x2000008c   Data           4  os_var.o(.data)
    OSTaskQty                                0x20000090   Data           2  os_var.o(.data)
    OSTaskRegNextAvailID                     0x20000092   Data           1  os_var.o(.data)
    OSTickCtr                                0x20000094   Data           4  os_var.o(.data)
    OSTickTaskTimeMax                        0x20000098   Data           4  os_var.o(.data)
    OSTmrDbgListPtr                          0x2000009c   Data           4  os_var.o(.data)
    OSTmrQty                                 0x200000a0   Data           2  os_var.o(.data)
    OSTmrTaskTimeMax                         0x200000a4   Data           4  os_var.o(.data)
    OSTmrTickCtr                             0x200000a8   Data           4  os_var.o(.data)
    OSTmrUpdateCnt                           0x200000ac   Data           4  os_var.o(.data)
    OSTmrUpdateCtr                           0x200000b0   Data           4  os_var.o(.data)
    OSTCBCurPtr                              0x200000b4   Data           4  os_var.o(.data)
    OSTCBHighRdyPtr                          0x200000b8   Data           4  os_var.o(.data)
    prompt                                   0x200000c0   Data          12  command.o(.data)
    CanBaudStr                               0x200000d4   Data          52  command.o(.data)
    help_cmd                                 0x20000108   Data          16  command.o(.data)
    save_cmd                                 0x20000118   Data          16  command.o(.data)
    reset_cmd                                0x20000128   Data          16  command.o(.data)
    stackedState                             0x20000138   Data           1  command.o(.data)
    CPU_Name                                 0x20000e50   Data          16  cpu_core.o(.bss)
    Mem_PoolHeap                             0x20000e60   Data          72  lib_mem.o(.bss)
    Mem_Heap                                 0x20000ea8   Data        3072  lib_mem.o(.bss)
    OSCfg_IdleTaskStk                        0x20001aa8   Data         512  os_cfg_app.o(.bss)
    OSCfg_ISRStk                             0x20001ca8   Data        1024  os_cfg_app.o(.bss)
    OSCfg_MsgPool                            0x200020a8   Data        1600  os_cfg_app.o(.bss)
    OSCfg_StatTaskStk                        0x200026e8   Data         512  os_cfg_app.o(.bss)
    OSCfg_TickTaskStk                        0x200028e8   Data         512  os_cfg_app.o(.bss)
    OSCfg_TickWheel                          0x20002ae8   Data         136  os_cfg_app.o(.bss)
    OSCfg_TmrTaskStk                         0x20002b70   Data         512  os_cfg_app.o(.bss)
    OSCfg_TmrWheel                           0x20002d70   Data         136  os_cfg_app.o(.bss)
    OSIdleTaskTCB                            0x20002df8   Data         192  os_var.o(.bss)
    OSMsgPool                                0x20002eb8   Data          12  os_var.o(.bss)
    OSRdyList                                0x20002ec4   Data         240  os_var.o(.bss)
    OSStatTaskTCB                            0x20002fb4   Data         192  os_var.o(.bss)
    OSTickTaskTCB                            0x20003074   Data         192  os_var.o(.bss)
    OSTmrTaskTCB                             0x20003134   Data         192  os_var.o(.bss)
    cmd_buf                                  0x200031f4   Data         256  term.o(.bss)
    __libspace_start                         0x20003358   Data          96  libspace.o(.bss)
    __temporary_stack_top$libspace           0x200033b8   Data           0  libspace.o(.bss)



==============================================================================

Memory Map of the image

  Image Entry point : 0x08003951

  Load Region LR_IROM1 (Base: 0x08003800, Size: 0x0000ca18, Max: 0x00020000, ABSOLUTE, COMPRESSED[0x0000c924])

    Execution Region ER_IROM1 (Base: 0x08003800, Size: 0x0000c8c0, Max: 0x00020000, ABSOLUTE)

    Base Addr    Size         Type   Attr      Idx    E Section Name        Object

    0x08003800   0x00000150   Data   RO          252    RESET               cstartup.o
    0x08003950   0x00000008   Code   RO          992  * !!!main             c_w.l(__main.o)
    0x08003958   0x00000034   Code   RO         1305    !!!scatter          c_w.l(__scatter.o)
    0x0800398c   0x0000005a   Code   RO         1303    !!dczerorl2         c_w.l(__dczerorl2.o)
    0x080039e6   0x00000002   PAD
    0x080039e8   0x0000001c   Code   RO         1307    !!handler_zi        c_w.l(__scatter_zi.o)
    0x08003a04   0x00000000   Code   RO         1078    .ARM.Collect$$_printf_percent$$00000000  c_w.l(_printf_percent.o)
    0x08003a04   0x00000006   Code   RO         1067    .ARM.Collect$$_printf_percent$$00000001  c_w.l(_printf_n.o)
    0x08003a0a   0x00000006   Code   RO         1069    .ARM.Collect$$_printf_percent$$00000002  c_w.l(_printf_p.o)
    0x08003a10   0x00000006   Code   RO         1074    .ARM.Collect$$_printf_percent$$00000003  c_w.l(_printf_f.o)
    0x08003a16   0x00000006   Code   RO         1075    .ARM.Collect$$_printf_percent$$00000004  c_w.l(_printf_e.o)
    0x08003a1c   0x00000006   Code   RO         1076    .ARM.Collect$$_printf_percent$$00000005  c_w.l(_printf_g.o)
    0x08003a22   0x00000006   Code   RO         1077    .ARM.Collect$$_printf_percent$$00000006  c_w.l(_printf_a.o)
    0x08003a28   0x0000000a   Code   RO         1082    .ARM.Collect$$_printf_percent$$00000007  c_w.l(_printf_ll.o)
    0x08003a32   0x00000006   Code   RO         1071    .ARM.Collect$$_printf_percent$$00000008  c_w.l(_printf_i.o)
    0x08003a38   0x00000006   Code   RO         1072    .ARM.Collect$$_printf_percent$$00000009  c_w.l(_printf_d.o)
    0x08003a3e   0x00000006   Code   RO         1073    .ARM.Collect$$_printf_percent$$0000000A  c_w.l(_printf_u.o)
    0x08003a44   0x00000006   Code   RO         1070    .ARM.Collect$$_printf_percent$$0000000B  c_w.l(_printf_o.o)
    0x08003a4a   0x00000006   Code   RO         1068    .ARM.Collect$$_printf_percent$$0000000C  c_w.l(_printf_x.o)
    0x08003a50   0x00000006   Code   RO         1079    .ARM.Collect$$_printf_percent$$0000000D  c_w.l(_printf_lli.o)
    0x08003a56   0x00000006   Code   RO         1080    .ARM.Collect$$_printf_percent$$0000000E  c_w.l(_printf_lld.o)
    0x08003a5c   0x00000006   Code   RO         1081    .ARM.Collect$$_printf_percent$$0000000F  c_w.l(_printf_llu.o)
    0x08003a62   0x00000006   Code   RO         1086    .ARM.Collect$$_printf_percent$$00000010  c_w.l(_printf_llo.o)
    0x08003a68   0x00000006   Code   RO         1087    .ARM.Collect$$_printf_percent$$00000011  c_w.l(_printf_llx.o)
    0x08003a6e   0x0000000a   Code   RO         1083    .ARM.Collect$$_printf_percent$$00000012  c_w.l(_printf_l.o)
    0x08003a78   0x00000006   Code   RO         1065    .ARM.Collect$$_printf_percent$$00000013  c_w.l(_printf_c.o)
    0x08003a7e   0x00000006   Code   RO         1066    .ARM.Collect$$_printf_percent$$00000014  c_w.l(_printf_s.o)
    0x08003a84   0x00000006   Code   RO         1084    .ARM.Collect$$_printf_percent$$00000015  c_w.l(_printf_lc.o)
    0x08003a8a   0x00000006   Code   RO         1085    .ARM.Collect$$_printf_percent$$00000016  c_w.l(_printf_ls.o)
    0x08003a90   0x00000004   Code   RO         1117    .ARM.Collect$$_printf_percent$$00000017  c_w.l(_printf_percent_end.o)
    0x08003a94   0x00000002   Code   RO         1166    .ARM.Collect$$libinit$$00000000  c_w.l(libinit.o)
    0x08003a96   0x00000000   Code   RO         1183    .ARM.Collect$$libinit$$00000002  c_w.l(libinit2.o)
    0x08003a96   0x00000000   Code   RO         1186    .ARM.Collect$$libinit$$00000008  c_w.l(libinit2.o)
    0x08003a96   0x00000000   Code   RO         1188    .ARM.Collect$$libinit$$0000000A  c_w.l(libinit2.o)
    0x08003a96   0x00000000   Code   RO         1190    .ARM.Collect$$libinit$$0000000C  c_w.l(libinit2.o)
    0x08003a96   0x00000006   Code   RO         1191    .ARM.Collect$$libinit$$0000000D  c_w.l(libinit2.o)
    0x08003a9c   0x00000000   Code   RO         1193    .ARM.Collect$$libinit$$0000000F  c_w.l(libinit2.o)
    0x08003a9c   0x0000000c   Code   RO         1194    .ARM.Collect$$libinit$$00000010  c_w.l(libinit2.o)
    0x08003aa8   0x00000000   Code   RO         1195    .ARM.Collect$$libinit$$00000011  c_w.l(libinit2.o)
    0x08003aa8   0x00000000   Code   RO         1197    .ARM.Collect$$libinit$$00000013  c_w.l(libinit2.o)
    0x08003aa8   0x0000000a   Code   RO         1198    .ARM.Collect$$libinit$$00000014  c_w.l(libinit2.o)
    0x08003ab2   0x00000000   Code   RO         1199    .ARM.Collect$$libinit$$00000015  c_w.l(libinit2.o)
    0x08003ab2   0x00000000   Code   RO         1201    .ARM.Collect$$libinit$$00000017  c_w.l(libinit2.o)
    0x08003ab2   0x00000000   Code   RO         1203    .ARM.Collect$$libinit$$00000019  c_w.l(libinit2.o)
    0x08003ab2   0x00000000   Code   RO         1205    .ARM.Collect$$libinit$$0000001B  c_w.l(libinit2.o)
    0x08003ab2   0x00000000   Code   RO         1207    .ARM.Collect$$libinit$$0000001D  c_w.l(libinit2.o)
    0x08003ab2   0x00000000   Code   RO         1209    .ARM.Collect$$libinit$$0000001F  c_w.l(libinit2.o)
    0x08003ab2   0x00000000   Code   RO         1211    .ARM.Collect$$libinit$$00000021  c_w.l(libinit2.o)
    0x08003ab2   0x00000000   Code   RO         1213    .ARM.Collect$$libinit$$00000023  c_w.l(libinit2.o)
    0x08003ab2   0x00000000   Code   RO         1217    .ARM.Collect$$libinit$$0000002A  c_w.l(libinit2.o)
    0x08003ab2   0x00000000   Code   RO         1219    .ARM.Collect$$libinit$$0000002C  c_w.l(libinit2.o)
    0x08003ab2   0x00000000   Code   RO         1221    .ARM.Collect$$libinit$$0000002E  c_w.l(libinit2.o)
    0x08003ab2   0x00000000   Code   RO         1223    .ARM.Collect$$libinit$$00000030  c_w.l(libinit2.o)
    0x08003ab2   0x00000002   Code   RO         1224    .ARM.Collect$$libinit$$00000031  c_w.l(libinit2.o)
    0x08003ab4   0x00000002   Code   RO         1244    .ARM.Collect$$libshutdown$$00000000  c_w.l(libshutdown.o)
    0x08003ab6   0x00000000   Code   RO         1258    .ARM.Collect$$libshutdown$$00000003  c_w.l(libshutdown2.o)
    0x08003ab6   0x00000000   Code   RO         1261    .ARM.Collect$$libshutdown$$00000006  c_w.l(libshutdown2.o)
    0x08003ab6   0x00000000   Code   RO         1264    .ARM.Collect$$libshutdown$$00000009  c_w.l(libshutdown2.o)
    0x08003ab6   0x00000000   Code   RO         1266    .ARM.Collect$$libshutdown$$0000000B  c_w.l(libshutdown2.o)
    0x08003ab6   0x00000000   Code   RO         1269    .ARM.Collect$$libshutdown$$0000000E  c_w.l(libshutdown2.o)
    0x08003ab6   0x00000002   Code   RO         1270    .ARM.Collect$$libshutdown$$0000000F  c_w.l(libshutdown2.o)
    0x08003ab8   0x00000000   Code   RO          994    .ARM.Collect$$rtentry$$00000000  c_w.l(rtentry.o)
    0x08003ab8   0x00000000   Code   RO         1091    .ARM.Collect$$rtentry$$00000002  c_w.l(rtentry2.o)
    0x08003ab8   0x00000006   Code   RO         1103    .ARM.Collect$$rtentry$$00000004  c_w.l(rtentry4.o)
    0x08003abe   0x00000000   Code   RO         1093    .ARM.Collect$$rtentry$$00000009  c_w.l(rtentry2.o)
    0x08003abe   0x00000004   Code   RO         1094    .ARM.Collect$$rtentry$$0000000A  c_w.l(rtentry2.o)
    0x08003ac2   0x00000000   Code   RO         1096    .ARM.Collect$$rtentry$$0000000C  c_w.l(rtentry2.o)
    0x08003ac2   0x00000008   Code   RO         1097    .ARM.Collect$$rtentry$$0000000D  c_w.l(rtentry2.o)
    0x08003aca   0x00000002   Code   RO         1175    .ARM.Collect$$rtexit$$00000000  c_w.l(rtexit.o)
    0x08003acc   0x00000000   Code   RO         1226    .ARM.Collect$$rtexit$$00000002  c_w.l(rtexit2.o)
    0x08003acc   0x00000004   Code   RO         1227    .ARM.Collect$$rtexit$$00000003  c_w.l(rtexit2.o)
    0x08003ad0   0x00000006   Code   RO         1228    .ARM.Collect$$rtexit$$00000004  c_w.l(rtexit2.o)
    0x08003ad6   0x00000002   PAD
    0x08003ad8   0x00000130   Code   RO            3    .text               app.o
    0x08003c08   0x000000c8   Code   RO          166    .text               os_app_hooks.o
    0x08003cd0   0x00000254   Code   RO          183    .text               bsp.o
    0x08003f24   0x00000354   Code   RO          210    .text               bsp_int.o
    0x08004278   0x00000030   Code   RO          253    .text               cstartup.o
    0x080042a8   0x00000150   Code   RO          259    .text               uart.o
    0x080043f8   0x0000077c   Code   RO          280    .text               cpu_c.o
    0x08004b74   0x000002b0   Code   RO          292    .text               cpu_core.o
    0x08004e24   0x00000034   Code   RO          318    .text               cpu_a.o
    0x08004e58   0x00000256   Code   RO          321    .text               lib_ascii.o
    0x080050ae   0x00000002   PAD
    0x080050b0   0x00000080   Code   RO          336    .text               lib_math.o
    0x08005130   0x00000ec4   Code   RO          354    .text               lib_mem.o
    0x08005ff4   0x00000928   Code   RO          373    .text               lib_str.o
    0x0800691c   0x00000220   Code   RO          390    .text               lib_mem_a.o
    0x08006b3c   0x00000240   Code   RO          396    .text               os_cpu_c.o
    0x08006d7c   0x00000002   Code   RO          414    .text               os_cfg_app.o
    0x08006d7e   0x00000002   PAD
    0x08006d80   0x00000b54   Code   RO          434    .text               os_core.o
    0x080078d4   0x000001ac   Code   RO          446    .text               os_dbg.o
    0x08007a80   0x00000af8   Code   RO          461    .text               os_flag.o
    0x08008578   0x000001fc   Code   RO          479    .text               os_mem.o
    0x08008774   0x00000224   Code   RO          491    .text               os_msg.o
    0x08008998   0x00000784   Code   RO          503    .text               os_mutex.o
    0x0800911c   0x0000007c   Code   RO          527    .text               os_prio.o
    0x08009198   0x000006cc   Code   RO          546    .text               os_q.o
    0x08009864   0x000006dc   Code   RO          558    .text               os_sem.o
    0x08009f40   0x00000598   Code   RO          570    .text               os_stat.o
    0x0800a4d8   0x000012c4   Code   RO          582    .text               os_task.o
    0x0800b79c   0x00000480   Code   RO          594    .text               os_tick.o
    0x0800bc1c   0x00000444   Code   RO          606    .text               os_time.o
    0x0800c060   0x000007f0   Code   RO          618    .text               os_tmr.o
    0x0800c850   0x000003d4   Code   RO          646    .text               command.o
    0x0800cc24   0x000000c0   Code   RO          675    .text               getcmd.o
    0x0800cce4   0x000001d0   Code   RO          719    .text               term.o
    0x0800ceb4   0x000002d4   Code   RO          748    .text               printk.o
    0x0800d188   0x000000dc   Code   RO          778    .text               misc.o
    0x0800d264   0x000005bc   Code   RO          841    .text               stm32f10x_flash.o
    0x0800d820   0x00000358   Code   RO          861    .text               stm32f10x_gpio.o
    0x0800db78   0x000003a8   Code   RO          901    .text               stm32f10x_rcc.o
    0x0800df20   0x00000408   Code   RO          966    .text               stm32f10x_usart.o
    0x0800e328   0x00000034   Code   RO          986    .text               c_w.l(c89vsnprintf.o)
    0x0800e35c   0x00000064   Code   RO          988    .text               c_w.l(rt_memcpy_w.o)
    0x0800e3c0   0x00000006   Code   RO          990    .text               c_w.l(heapauxi.o)
    0x0800e3c6   0x00000052   Code   RO          997    .text               c_w.l(_printf_pad.o)
    0x0800e418   0x00000024   Code   RO          999    .text               c_w.l(_printf_truncate.o)
    0x0800e43c   0x00000052   Code   RO         1001    .text               c_w.l(_printf_str.o)
    0x0800e48e   0x00000002   PAD
    0x0800e490   0x00000078   Code   RO         1003    .text               c_w.l(_printf_dec.o)
    0x0800e508   0x0000002a   Code   RO         1005    .text               c_w.l(_printf_charcount.o)
    0x0800e532   0x00000002   PAD
    0x0800e534   0x00000030   Code   RO         1007    .text               c_w.l(_printf_char_common.o)
    0x0800e564   0x0000000a   Code   RO         1009    .text               c_w.l(_sputc.o)
    0x0800e56e   0x00000010   Code   RO         1011    .text               c_w.l(_snputc.o)
    0x0800e57e   0x00000002   PAD
    0x0800e580   0x000000bc   Code   RO         1013    .text               c_w.l(_printf_wctomb.o)
    0x0800e63c   0x00000078   Code   RO         1016    .text               c_w.l(_printf_longlong_dec.o)
    0x0800e6b4   0x00000078   Code   RO         1022    .text               c_w.l(_printf_oct_int_ll.o)
    0x0800e72c   0x0000009c   Code   RO         1042    .text               c_w.l(_printf_hex_int_ll_ptr.o)
    0x0800e7c8   0x0000018c   Code   RO         1062    .text               c_w.l(__printf_flags_ss_wp.o)
    0x0800e954   0x0000008a   Code   RO         1105    .text               c_w.l(lludiv10.o)
    0x0800e9de   0x000000b8   Code   RO         1107    .text               c_w.l(_printf_intcommon.o)
    0x0800ea96   0x00000420   Code   RO         1109    .text               c_w.l(_printf_fp_dec.o)
    0x0800eeb6   0x0000002c   Code   RO         1113    .text               c_w.l(_printf_char.o)
    0x0800eee2   0x0000002c   Code   RO         1115    .text               c_w.l(_printf_wchar.o)
    0x0800ef0e   0x00000040   Code   RO         1118    .text               c_w.l(_wcrtomb.o)
    0x0800ef4e   0x0000004a   Code   RO         1120    .text               c_w.l(sys_stackheap_outer.o)
    0x0800ef98   0x00000010   Code   RO         1122    .text               c_w.l(rt_ctype_table.o)
    0x0800efa8   0x00000008   Code   RO         1127    .text               c_w.l(rt_locale_intlibspace.o)
    0x0800efb0   0x00000080   Code   RO         1129    .text               c_w.l(_printf_fp_infnan.o)
    0x0800f030   0x000000e4   Code   RO         1131    .text               c_w.l(bigflt0.o)
    0x0800f114   0x0000000c   Code   RO         1159    .text               c_w.l(exit.o)
    0x0800f120   0x00000008   Code   RO         1172    .text               c_w.l(libspace.o)
    0x0800f128   0x00000080   Code   RO         1180    .text               c_w.l(strcmpv7m.o)
    0x0800f1a8   0x0000000c   Code   RO         1236    .text               c_w.l(sys_exit.o)
    0x0800f1b4   0x00000002   Code   RO         1247    .text               c_w.l(use_no_semi.o)
    0x0800f1b6   0x00000000   Code   RO         1249    .text               c_w.l(indicate_semi.o)
    0x0800f1b6   0x0000003e   Code   RO         1134    CL$$btod_d2e        c_w.l(btod.o)
    0x0800f1f4   0x00000046   Code   RO         1136    CL$$btod_d2e_denorm_low  c_w.l(btod.o)
    0x0800f23a   0x00000060   Code   RO         1135    CL$$btod_d2e_norm_op1  c_w.l(btod.o)
    0x0800f29a   0x00000338   Code   RO         1144    CL$$btod_div_common  c_w.l(btod.o)
    0x0800f5d2   0x000000c6   Code   RO         1141    CL$$btod_e2e        c_w.l(btod.o)
    0x0800f698   0x00000028   Code   RO         1138    CL$$btod_ediv       c_w.l(btod.o)
    0x0800f6c0   0x00000028   Code   RO         1137    CL$$btod_emul       c_w.l(btod.o)
    0x0800f6e8   0x00000244   Code   RO         1143    CL$$btod_mult_common  c_w.l(btod.o)
    0x0800f92c   0x00000084   Code   RO          393    CODE                os_cpu_a.o
    0x0800f9b0   0x00000028   Code   RO         1170    i.__ARM_fpclassify  m_ws.l(fpclassify.o)
    0x0800f9d8   0x0000000e   Code   RO         1055    i._is_digit         c_w.l(__printf_wp.o)
    0x0800f9e6   0x00000002   PAD
    0x0800f9e8   0x0000002c   Code   RO         1157    locale$$code        c_w.l(lc_numeric_c.o)
    0x0800fa14   0x0000002c   Code   RO         1178    locale$$code        c_w.l(lc_ctype_c.o)
    0x0800fa40   0x00000004   Code   RO         1088    x$fpl$printf1       fz_ws.l(printf1.o)
    0x0800fa44   0x00000000   Code   RO         1169    x$fpl$usenofp       fz_ws.l(usenofp.o)
    0x0800fa44   0x00000100   Data   RO          294    .constdata          cpu_core.o
    0x0800fb44   0x00000094   Data   RO          374    .constdata          lib_str.o
    0x0800fbd8   0x000000a4   Data   RO          416    .constdata          os_cfg_app.o
    0x0800fc7c   0x0000016c   Data   RO          447    .constdata          os_dbg.o
    0x0800fde8   0x00000025   Data   RO          721    .constdata          term.o
    0x0800fe0d   0x00000003   PAD
    0x0800fe10   0x00000008   Data   RO         1014    .constdata          c_w.l(_printf_wctomb.o)
    0x0800fe18   0x00000028   Data   RO         1043    .constdata          c_w.l(_printf_hex_int_ll_ptr.o)
    0x0800fe40   0x00000011   Data   RO         1063    .constdata          c_w.l(__printf_flags_ss_wp.o)
    0x0800fe51   0x00000003   PAD
    0x0800fe54   0x00000094   Data   RO         1132    .constdata          c_w.l(bigflt0.o)
    0x0800fee8   0x0000008b   Data   RO          648    .conststring        command.o
    0x0800ff73   0x00000001   PAD
    0x0800ff74   0x00000020   Data   RO         1301    Region$$Table       anon$$obj.o
    0x0800ff94   0x0000001c   Data   RO         1156    locale$$data        c_w.l(lc_numeric_c.o)
    0x0800ffb0   0x00000110   Data   RO         1177    locale$$data        c_w.l(lc_ctype_c.o)


    Execution Region RW_IRAM1 (Base: 0x20000000, Size: 0x000035b8, Max: 0x00010000, ABSOLUTE, COMPRESSED[0x00000064])

    Base Addr    Size         Type   Attr      Idx    E Section Name        Object

    0x20000000   0x00000004   Data   RW          184    .data               bsp.o
    0x20000004   0x00000005   Data   RW          261    .data               uart.o
    0x20000009   0x00000003   PAD
    0x2000000c   0x00000004   Data   RW          295    .data               cpu_core.o
    0x20000010   0x00000004   Data   RW          337    .data               lib_math.o
    0x20000014   0x00000004   Data   RW          356    .data               lib_mem.o
    0x20000018   0x00000004   Data   RW          397    .data               os_cpu_c.o
    0x2000001c   0x00000004   Data   RW          528    .data               os_prio.o
    0x20000020   0x0000009c   Data   RW          631    .data               os_var.o
    0x200000bc   0x0000007d   Data   RW          649    .data               command.o
    0x20000139   0x00000003   PAD
    0x2000013c   0x00000004   Data   RW          676    .data               getcmd.o
    0x20000140   0x00000004   Data   RW          750    .data               printk.o
    0x20000144   0x00000014   Data   RW          902    .data               stm32f10x_rcc.o
    0x20000158   0x00000bc0   Zero   RW            4    .bss                app.o
    0x20000d18   0x00000110   Zero   RW          211    .bss                bsp_int.o
    0x20000e28   0x00000028   Zero   RW          260    .bss                uart.o
    0x20000e50   0x00000010   Zero   RW          293    .bss                cpu_core.o
    0x20000e60   0x00000c48   Zero   RW          355    .bss                lib_mem.o
    0x20001aa8   0x00001350   Zero   RW          415    .bss                os_cfg_app.o
    0x20002df8   0x000003fc   Zero   RW          630    .bss                os_var.o
    0x200031f4   0x00000100   Zero   RW          720    .bss                term.o
    0x200032f4   0x00000064   Zero   RW          749    .bss                printk.o
    0x20003358   0x00000060   Zero   RW         1173    .bss                c_w.l(libspace.o)
    0x200033b8   0x00000000   Zero   RW          251    HEAP                cstartup.o
    0x200033b8   0x00000200   Zero   RW          250    STACK               cstartup.o


==============================================================================

Image component sizes


      Code (inc. data)   RO Data    RW Data    ZI Data      Debug   Object Name

       304         62          0          0       3008     282149   app.o
       596         30          0          4          0       2516   bsp.o
       852          8          0          0        272      10746   bsp_int.o
       980        270        139        125          0      26723   command.o
        52          0          0          0          0        344   cpu_a.o
      1916        108          0          0          0       3489   cpu_c.o
       688         12        256          4         16      14376   cpu_core.o
        48         20        336          0        512        668   cstartup.o
       192          6          0          4          0       1001   getcmd.o
       598          0          0          0          0       3728   lib_ascii.o
       128          8          0          4          0       1928   lib_math.o
      3780         62          0          4       3144      24604   lib_mem.o
       544          0          0          0          0        488   lib_mem_a.o
      2344          4        148          0          0      13174   lib_str.o
       220         20          0          0          0       1845   misc.o
       200         30          0          0          0       1741   os_app_hooks.o
         2          0        164          0       4944      19428   os_cfg_app.o
      2900        202          0          0          0      10397   os_core.o
       132         32          0          0          0        388   os_cpu_a.o
       576         60          0          4          0       3849   os_cpu_c.o
       428        280        364          0          0       4881   os_dbg.o
      2808         82          0          0          0       7451   os_flag.o
       508         16          0          0          0       2720   os_mem.o
       548         14          0          0          0       2686   os_msg.o
      1924         82          0          0          0       5154   os_mutex.o
       124          4          0          4          0       1848   os_prio.o
      1740         56          0          0          0       5948   os_q.o
      1756         56          0          0          0       5988   os_sem.o
      1432        148          0          0          0       2793   os_stat.o
      4804        174          0          0          0      12310   os_task.o
      1152         72          0          0          0       3241   os_tick.o
      1092         48          0          0          0       3129   os_time.o
      2032        134          0          0          0       6530   os_tmr.o
         0          0          0        156       1020      17855   os_var.o
       724         90          0          4        100       4201   printk.o
      1468         34          0          0          0       8078   stm32f10x_flash.o
       856         40          0          0          0       5689   stm32f10x_gpio.o
       936         48          0         20          0       8884   stm32f10x_rcc.o
      1032         22          0          0          0       8416   stm32f10x_usart.o
       464        326         37          0        256       1358   term.o
       336         28          0          5         40       1733   uart.o

    ----------------------------------------------------------------------
     43220       2688       1480        344      13312     544475   Object Totals
         0          0         32          0          0          0   (incl. Generated)
         4          0          4          6          0          0   (incl. Padding)

    ----------------------------------------------------------------------

      Code (inc. data)   RO Data    RW Data    ZI Data      Debug   Library Member Name

        90          0          0          0          0          0   __dczerorl2.o
         8          0          0          0          0         68   __main.o
       396          6         17          0          0         92   __printf_flags_ss_wp.o
        14          0          0          0          0         68   __printf_wp.o
        52          8          0          0          0          0   __scatter.o
        28          0          0          0          0          0   __scatter_zi.o
         6          0          0          0          0          0   _printf_a.o
         6          0          0          0          0          0   _printf_c.o
        44          0          0          0          0        108   _printf_char.o
        48          6          0          0          0         96   _printf_char_common.o
        42          0          0          0          0         68   _printf_charcount.o
         6          0          0          0          0          0   _printf_d.o
       120         18          0          0          0         92   _printf_dec.o
         6          0          0          0          0          0   _printf_e.o
         6          0          0          0          0          0   _printf_f.o
      1056          0          0          0          0        216   _printf_fp_dec.o
       128         16          0          0          0         84   _printf_fp_infnan.o
         6          0          0          0          0          0   _printf_g.o
       156          6         40          0          0        160   _printf_hex_int_ll_ptr.o
         6          0          0          0          0          0   _printf_i.o
       184          0          0          0          0         88   _printf_intcommon.o
        10          0          0          0          0          0   _printf_l.o
         6          0          0          0          0          0   _printf_lc.o
        10          0          0          0          0          0   _printf_ll.o
         6          0          0          0          0          0   _printf_lld.o
         6          0          0          0          0          0   _printf_lli.o
         6          0          0          0          0          0   _printf_llo.o
         6          0          0          0          0          0   _printf_llu.o
         6          0          0          0          0          0   _printf_llx.o
       120         16          0          0          0         92   _printf_longlong_dec.o
         6          0          0          0          0          0   _printf_ls.o
         6          0          0          0          0          0   _printf_n.o
         6          0          0          0          0          0   _printf_o.o
       120          8          0          0          0        124   _printf_oct_int_ll.o
         6          0          0          0          0          0   _printf_p.o
        82          0          0          0          0        108   _printf_pad.o
         0          0          0          0          0          0   _printf_percent.o
         4          0          0          0          0          0   _printf_percent_end.o
         6          0          0          0          0          0   _printf_s.o
        82          0          0          0          0         80   _printf_str.o
        36          0          0          0          0         84   _printf_truncate.o
         6          0          0          0          0          0   _printf_u.o
        44          0          0          0          0        108   _printf_wchar.o
       188          6          8          0          0         92   _printf_wctomb.o
         6          0          0          0          0          0   _printf_x.o
        16          0          0          0          0         68   _snputc.o
        10          0          0          0          0         68   _sputc.o
        64          0          0          0          0         92   _wcrtomb.o
       228          6        148          0          0         96   bigflt0.o
      1910        128          0          0          0        672   btod.o
        52          4          0          0          0         80   c89vsnprintf.o
        12          0          0          0          0         72   exit.o
         6          0          0          0          0        152   heapauxi.o
         0          0          0          0          0          0   indicate_semi.o
        44         10        272          0          0         76   lc_ctype_c.o
        44         10         28          0          0         76   lc_numeric_c.o
         2          0          0          0          0          0   libinit.o
        30          0          0          0          0          0   libinit2.o
         2          0          0          0          0          0   libshutdown.o
         2          0          0          0          0          0   libshutdown2.o
         8          4          0          0         96         68   libspace.o
       138          0          0          0          0         80   lludiv10.o
        16          4          0          0          0         76   rt_ctype_table.o
         8          4          0          0          0         68   rt_locale_intlibspace.o
       100          0          0          0          0         80   rt_memcpy_w.o
         0          0          0          0          0          0   rtentry.o
        12          0          0          0          0          0   rtentry2.o
         6          0          0          0          0          0   rtentry4.o
         2          0          0          0          0          0   rtexit.o
        10          0          0          0          0          0   rtexit2.o
       128          0          0          0          0         68   strcmpv7m.o
        12          4          0          0          0         68   sys_exit.o
        74          0          0          0          0         80   sys_stackheap_outer.o
         2          0          0          0          0         68   use_no_semi.o
         4          0          0          0          0         68   printf1.o
         0          0          0          0          0          0   usenofp.o
        40          0          0          0          0         68   fpclassify.o

    ----------------------------------------------------------------------
      6176        264        516          0         96       4072   Library Totals
        12          0          3          0          0          0   (incl. Padding)

    ----------------------------------------------------------------------

      Code (inc. data)   RO Data    RW Data    ZI Data      Debug   Library Name

      6120        264        513          0         96       3936   c_w.l
         4          0          0          0          0         68   fz_ws.l
        40          0          0          0          0         68   m_ws.l

    ----------------------------------------------------------------------
      6176        264        516          0         96       4072   Library Totals

    ----------------------------------------------------------------------

==============================================================================


      Code (inc. data)   RO Data    RW Data    ZI Data      Debug   

     49396       2952       1996        344      13408     542463   Grand Totals
     49396       2952       1996        100      13408     542463   ELF Image Totals (compressed)
     49396       2952       1996        100          0          0   ROM Totals

==============================================================================

    Total RO  Size (Code + RO Data)                51392 (  50.19kB)
    Total RW  Size (RW Data + ZI Data)             13752 (  13.43kB)
    Total ROM Size (Code + RO Data + RW Data)      51492 (  50.29kB)

==============================================================================

