ARM Linker, 5.03 [Build 76] [MDK-ARM Standard]

==============================================================================

Section Cross References

    app.o(.text) refers to os_task.o(.text) for OSTaskQPend
    app.o(.text) refers to uart.o(.text) for Uart_cfg
    app.o(.text) refers to command.o(.text) for init_builtin_cmds
    app.o(.text) refers to term.o(.text) for serial_terminal
    app.o(.text) refers to bsp.o(.text) for BSP_Init
    app.o(.text) refers to cpu_core.o(.text) for CPU_Init
    app.o(.text) refers to os_cpu_c.o(.text) for OS_CPU_SysTickInit
    app.o(.text) refers to lib_mem.o(.text) for Mem_Init
    app.o(.text) refers to lib_math.o(.text) for Math_Init
    app.o(.text) refers to os_app_hooks.o(.text) for App_OS_SetAllHooks
    app.o(.text) refers to os_stat.o(.text) for OSStatTaskCPUUsageInit
    app.o(.text) refers to os_time.o(.text) for OSTimeDly
    app.o(.text) refers to misc.o(.text) for NVIC_SetVectorTable
    app.o(.text) refers to bsp_int.o(.text) for BSP_IntDisAll
    app.o(.text) refers to os_core.o(.text) for OSInit
    app.o(.text) refers to app.o(.bss) for .bss
    app.o(.text) refers to os_cfg_app.o(.constdata) for OSCfg_TickRate_Hz
    os_app_hooks.o(.text) refers to cpu_a.o(.text) for CPU_SR_Save
    os_app_hooks.o(.text) refers to os_var.o(.data) for OS_AppTaskCreateHookPtr
    os_app_hooks.o(.text) refers to os_var.o(.data) for OS_AppTaskDelHookPtr
    os_app_hooks.o(.text) refers to os_var.o(.data) for OS_AppTaskReturnHookPtr
    os_app_hooks.o(.text) refers to os_var.o(.data) for OS_AppIdleTaskHookPtr
    os_app_hooks.o(.text) refers to os_var.o(.data) for OS_AppStatTaskHookPtr
    os_app_hooks.o(.text) refers to os_var.o(.data) for OS_AppTaskSwHookPtr
    os_app_hooks.o(.text) refers to os_var.o(.data) for OS_AppTimeTickHookPtr
    bsp.o(.text) refers to stm32f10x_rcc.o(.text) for RCC_GetClocksFreq
    bsp.o(.text) refers to bsp_int.o(.text) for BSP_IntInit
    bsp.o(.text) refers to stm32f10x_flash.o(.text) for FLASH_SetLatency
    bsp.o(.text) refers to stm32f10x_gpio.o(.text) for GPIO_Init
    bsp.o(.text) refers to rtc.o(.text) for RTC_Init
    bsp.o(.text) refers to cpu_core.o(.text) for CPU_TS_TmrFreqSet
    bsp.o(.text) refers to bsp.o(.data) for .data
    bsp_int.o(.text) refers to cpu_c.o(.text) for CPU_IntSrcDis
    bsp_int.o(.text) refers to cpu_a.o(.text) for CPU_IntDis
    bsp_int.o(.text) refers to os_core.o(.text) for OSIntEnter
    bsp_int.o(.text) refers to bsp_int.o(.bss) for .bss
    bsp_periph.o(.text) refers to bsp.o(.text) for BSP_CPU_ClkFreq
    cstartup.o(RESET) refers to cstartup.o(STACK) for __initial_sp
    cstartup.o(RESET) refers to cstartup.o(.text) for Reset_Handler
    cstartup.o(RESET) refers to os_cpu_a.o(CODE) for OS_CPU_PendSVHandler
    cstartup.o(RESET) refers to os_cpu_c.o(.text) for OS_CPU_SysTickHandler
    cstartup.o(RESET) refers to bsp_int.o(.text) for BSP_IntHandlerWWDG
    cstartup.o(.text) refers to bsp_int.o(.text) for App_NMI_ISR_c
    cstartup.o(.text) refers to entry.o(.ARM.Collect$$$$00000000) for __main
    uart.o(.text) refers to stm32f10x_rcc.o(.text) for RCC_APB2PeriphClockCmd
    uart.o(.text) refers to stm32f10x_gpio.o(.text) for GPIO_Init
    uart.o(.text) refers to stm32f10x_usart.o(.text) for USART_GetITStatus
    uart.o(.text) refers to os_sem.o(.text) for OSSemPost
    uart.o(.text) refers to bsp_int.o(.text) for BSP_IntVectSet
    uart.o(.text) refers to os_task.o(.text) for OSTaskQPost
    uart.o(.text) refers to uart.o(.data) for .data
    uart.o(.text) refers to uart.o(.bss) for .bss
    uart.o(.text) refers to app.o(.bss) for AppTaskDisplayTCB
    cpu_c.o(.text) refers to cpu_a.o(.text) for CPU_SR_Save
    cpu_core.o(.text) refers to cpu_a.o(.text) for CPU_SR_Save
    cpu_core.o(.text) refers to lib_mem.o(.text) for Mem_Clr
    cpu_core.o(.text) refers to bsp.o(.text) for CPU_TS_TmrInit
    cpu_core.o(.text) refers to lib_str.o(.text) for Str_Copy_N
    cpu_core.o(.text) refers to cpu_core.o(.bss) for .bss
    cpu_core.o(.text) refers to cpu_core.o(.data) for .data
    cpu_core.o(.text) refers to cpu_core.o(.constdata) for .constdata
    lib_math.o(.text) refers to cpu_a.o(.text) for CPU_SR_Save
    lib_math.o(.text) refers to lib_math.o(.data) for .data
    lib_mem.o(.text) refers to lib_mem_a.o(.text) for Mem_Copy
    lib_mem.o(.text) refers to cpu_core.o(.text) for CPU_SW_Exception
    lib_mem.o(.text) refers to cpu_a.o(.text) for CPU_SR_Save
    lib_mem.o(.text) refers to lib_mem.o(.bss) for .bss
    lib_mem.o(.text) refers to lib_mem.o(.data) for .data
    lib_str.o(.text) refers to lib_ascii.o(.text) for ASCII_ToLower
    lib_str.o(.text) refers to lib_str.o(.constdata) for .constdata
    os_cpu_a.o(CODE) refers (Special) to os_core.o(.text) for OSIntExit
    os_cpu_a.o(CODE) refers (Special) to os_var.o(.data) for OSRunning
    os_cpu_a.o(CODE) refers to os_cpu_c.o(.data) for OS_CPU_ExceptStkBase
    os_cpu_a.o(CODE) refers to os_var.o(.data) for OSTCBCurPtr
[...]
    .data                                    0x20000114   Section        4  printk.o(.data)
    file                                     0x20000114   Data           4  printk.o(.data)
    .data                                    0x20000118   Section       20  stm32f10x_rcc.o(.data)
    ADCPrescTable                            0x20000118   Data           4  stm32f10x_rcc.o(.data)
    APBAHBPrescTable                         0x2000011c   Data          16  stm32f10x_rcc.o(.data)
    .bss                                     0x20000130   Section     6992  app.o(.bss)
    AppTaskStartTCB                          0x20000130   Data         192  app.o(.bss)
    AppTaskTermTCB                           0x200001f0   Data         192  app.o(.bss)
    AppTaskStartStk                          0x20000430   Data        1024  app.o(.bss)
    AppTaskTermStk                           0x20000830   Data        2400  app.o(.bss)
    AppTaskDisplayStk                        0x20001190   Data        1600  app.o(.bss)
    AppTaskCommStk                           0x200017d0   Data        1200  app.o(.bss)
    .bss                                     0x20001c80   Section      272  bsp_int.o(.bss)
    BSP_IntVectTbl                           0x20001c80   Data         272  bsp_int.o(.bss)
    .bss                                     0x20001d90   Section       92  uart.o(.bss)
    xyplot                                   0x20001d90   Data          10  uart.o(.bss)
    xydata                                   0x20001d9c   Data          40  uart.o(.bss)
    UartRecSem                               0x20001dc4   Data          40  uart.o(.bss)
    .bss                                     0x20001dec   Section       16  cpu_core.o(.bss)
    .bss                                     0x20001dfc   Section     3144  lib_mem.o(.bss)
    .bss                                     0x20002a44   Section      512  os_cfg_app.o(.bss)
    .bss                                     0x20002c44   Section     1024  os_cfg_app.o(.bss)
    .bss                                     0x20003044   Section     1600  os_cfg_app.o(.bss)
    .bss                                     0x20003684   Section      512  os_cfg_app.o(.bss)
    .bss                                     0x20003884   Section      512  os_cfg_app.o(.bss)
    .bss                                     0x20003a84   Section      136  os_cfg_app.o(.bss)
    .bss                                     0x20003b0c   Section      512  os_cfg_app.o(.bss)
    .bss                                     0x20003d0c   Section      136  os_cfg_app.o(.bss)
    .bss                                     0x20003d94   Section      192  os_var.o(.bss)
    .bss                                     0x20003e54   Section       12  os_var.o(.bss)
    .bss                                     0x20003e60   Section      240  os_var.o(.bss)
    .bss                                     0x20003f50   Section      192  os_var.o(.bss)
    .bss                                     0x20004010   Section      192  os_var.o(.bss)
    .bss                                     0x200040d0   Section      192  os_var.o(.bss)
    .bss                                     0x20004190   Section     1024  command.o(.bss)
    gui_dat                                  0x20004190   Data        1024  command.o(.bss)
    .bss                                     0x20004590   Section      256  term.o(.bss)
    .bss                                     0x20004690   Section      100  printk.o(.bss)
    printk_buf                               0x20004690   Data         100  printk.o(.bss)
    .bss                                     0x200046f4   Section       24  rtc.o(.bss)
    CurrentTime                              0x200046f4   Data          24  rtc.o(.bss)
    STACK                                    0x20004710   Section      512  cstartup.o(STACK)

    Global Symbols

    Symbol Name                              Value     Ov Type        Size  Object(Section)

    BuildAttributes$$THM_ISAv4$P$D$K$B$S$PE$A:L22UL41UL21$X:L11$S22US41US21$IEEE1$IW$USESV6$~STKCKD$USESV7$~SHL$OSPACE$ROPI$EBA8$MICROLIB$REQ8$PRES8$EABIv2 0x00000000   Number         0  anon$$obj.o ABSOLUTE
    __ARM_use_no_argv                        0x00000000   Number         0  app.o ABSOLUTE
    __cpp_initialize__aeabi_                  - Undefined Weak Reference
    __cxa_finalize                            - Undefined Weak Reference
    _clock_init                               - Undefined Weak Reference
    _microlib_exit                            - Undefined Weak Reference
    Image$$ER_IROM1$$Base                    0x08003800   Number         0  cstartup.o(RESET)
    __Vectors                                0x08003800   Data           4  cstartup.o(RESET)
    __main                                   0x08003951   Thumb Code     0  entry.o(.ARM.Collect$$$$00000000)
    _main_stk                                0x08003951   Thumb Code     0  entry2.o(.ARM.Collect$$$$00000001)
    _main_scatterload                        0x08003955   Thumb Code     0  entry5.o(.ARM.Collect$$$$00000004)
    __main_after_scatterload                 0x08003959   Thumb Code     0  entry5.o(.ARM.Collect$$$$00000004)
    _main_clock                              0x08003959   Thumb Code     0  entry7b.o(.ARM.Collect$$$$00000008)
    _main_cpp_init                           0x08003959   Thumb Code     0  entry8b.o(.ARM.Collect$$$$0000000A)
    _main_init                               0x08003959   Thumb Code     0  entry9a.o(.ARM.Collect$$$$0000000B)
    __rt_final_cpp                           0x08003961   Thumb Code     0  entry10a.o(.ARM.Collect$$$$0000000D)
    __rt_final_exit                          0x08003961   Thumb Code     0  entry11a.o(.ARM.Collect$$$$0000000F)
    main                                     0x08003a73   Thumb Code    84  app.o(.text)
    App_OS_TimeTickHook                      0x08003b3d   Thumb Code     2  os_app_hooks.o(.text)
    App_OS_TaskSwHook                        0x08003b3f   Thumb Code     2  os_app_hooks.o(.text)
    App_OS_StatTaskHook                      0x08003b41   Thumb Code     2  os_app_hooks.o(.text)
    App_OS_IdleTaskHook                      0x08003b43   Thumb Code     2  os_app_hooks.o(.text)
    App_OS_TaskReturnHook                    0x08003b45   Thumb Code     2  os_app_hooks.o(.text)
    App_OS_TaskDelHook                       0x08003b47   Thumb Code     2  os_app_hooks.o(.text)
    App_OS_TaskCreateHook                    0x08003b49   Thumb Code     2  os_app_hooks.o(.text)
    App_OS_SetAllHooks                       0x08003b4b   Thumb Code    70  os_app_hooks.o(.text)
    App_OS_ClrAllHooks                       0x08003b91   Thumb Code    44  os_app_hooks.o(.text)
    App_OS_InitHook                          0x08003bbd   Thumb Code     2  os_app_hooks.o(.text)
    BSP_CPU_ClkFreq                          0x08003bdd   Thumb Code    16  bsp.o(.text)
    BSP_Init                                 0x08003bed   Thumb Code   186  bsp.o(.text)
    BSP_LED_On                               0x08003ca7   Thumb Code    46  bsp.o(.text)
    BSP_LED_Off                              0x08003cd5   Thumb Code    44  bsp.o(.text)
    BSP_LED_Toggle                           0x08003d01   Thumb Code   118  bsp.o(.text)
    BSP_StatusRd                             0x08003d77   Thumb Code    16  bsp.o(.text)
    CPU_TS_TmrInit                           0x08003d87   Thumb Code    38  bsp.o(.text)
    CPU_TS_TmrRd                             0x08003dad   Thumb Code     6  bsp.o(.text)
    BSP_IntClr                               0x08003dcd   Thumb Code     2  bsp_int.o(.text)
    BSP_IntDis                               0x08003dcf   Thumb Code    14  bsp_int.o(.text)
    BSP_IntDisAll                            0x08003ddd   Thumb Code     4  bsp_int.o(.text)
    BSP_IntEn                                0x08003de1   Thumb Code    14  bsp_int.o(.text)
    BSP_IntVectSet                           0x08003def   Thumb Code    30  bsp_int.o(.text)
    BSP_IntPrioSet                           0x08003e0d   Thumb Code    38  bsp_int.o(.text)
    BSP_IntInit                              0x08003e35   Thumb Code    20  bsp_int.o(.text)
    BSP_IntHandlerWWDG                       0x08003e49   Thumb Code     6  bsp_int.o(.text)
    BSP_IntHandlerPVD                        0x08003e4f   Thumb Code     6  bsp_int.o(.text)
    BSP_IntHandlerTAMPER                     0x08003e55   Thumb Code     6  bsp_int.o(.text)
    BSP_IntHandlerRTC                        0x08003e5b   Thumb Code     6  bsp_int.o(.text)
    BSP_IntHandlerFLASH                      0x08003e61   Thumb Code     6  bsp_int.o(.text)
    BSP_IntHandlerRCC                        0x08003e67   Thumb Code     6  bsp_int.o(.text)
    BSP_IntHandlerEXTI0                      0x08003e6d   Thumb Code     6  bsp_int.o(.text)
    BSP_IntHandlerEXTI1                      0x08003e73   Thumb Code     6  bsp_int.o(.text)
    BSP_IntHandlerEXTI2                      0x08003e79   Thumb Code     6  bsp_int.o(.text)
    BSP_IntHandlerEXTI3                      0x08003e7f   Thumb Code     6  bsp_int.o(.text)
    BSP_IntHandlerEXTI4                      0x08003e85   Thumb Code     6  bsp_int.o(.text)
    BSP_IntHandlerDMA1_CH1                   0x08003e8b   Thumb Code     6  bsp_int.o(.text)
    BSP_IntHandlerDMA1_CH2                   0x08003e91   Thumb Code     6  bsp_int.o(.text)
    BSP_IntHandlerDMA1_CH3                   0x08003e97   Thumb Code     6  bsp_int.o(.text)
    BSP_IntHandlerDMA1_CH4                   0x08003e9d   Thumb Code     6  bsp_int.o(.text)
    BSP_IntHandlerDMA1_CH5                   0x08003ea3   Thumb Code     6  bsp_int.o(.text)
    BSP_IntHandlerDMA1_CH6                   0x08003ea9   Thumb Code     6  bsp_int.o(.text)
    BSP_IntHandlerDMA1_CH7                   0x08003eaf   Thumb Code     6  bsp_int.o(.text)
    BSP_IntHandlerADC1_2                     0x08003eb5   Thumb Code     6  bsp_int.o(.text)
    BSP_IntHandlerCAN1_TX                    0x08003ebb   Thumb Code     6  bsp_int.o(.text)
    BSP_IntHandlerCAN1_RX0                   0x08003ec1   Thumb Code     6  bsp_int.o(.text)
    BSP_IntHandlerCAN1_RX1                   0x08003ec7   Thumb Code     6  bsp_int.o(.text)
    BSP_IntHandlerCAN1_SCE                   0x08003ecd   Thumb Code     6  bsp_int.o(.text)
    BSP_IntHandlerEXTI9_5                    0x08003ed3   Thumb Code     6  bsp_int.o(.text)
    BSP_IntHandlerTIM1_BRK                   0x08003ed9   Thumb Code     6  bsp_int.o(.text)
    BSP_IntHandlerTIM1_UP                    0x08003edf   Thumb Code     6  bsp_int.o(.text)
    BSP_IntHandlerTIM1_TRG_COM               0x08003ee5   Thumb Code     6  bsp_int.o(.text)
    BSP_IntHandlerTIM1_CC                    0x08003eeb   Thumb Code     6  bsp_int.o(.text)
    BSP_IntHandlerTIM2                       0x08003ef1   Thumb Code     6  bsp_int.o(.text)
    BSP_IntHandlerTIM3                       0x08003ef7   Thumb Code     6  bsp_int.o(.text)
    BSP_IntHandlerTIM4                       0x08003efd   Thumb Code     6  bsp_int.o(.text)
    BSP_IntHandlerI2C1_EV                    0x08003f03   Thumb Code     6  bsp_int.o(.text)
    BSP_IntHandlerI2C1_ER                    0x08003f09   Thumb Code     6  bsp_int.o(.text)
    BSP_IntHandlerI2C2_EV                    0x08003f0f   Thumb Code     6  bsp_int.o(.text)
    BSP_IntHandlerI2C2_ER                    0x08003f15   Thumb Code     6  bsp_int.o(.text)
    BSP_IntHandlerSPI1                       0x08003f1b   Thumb Code     6  bsp_int.o(.text)
    BSP_IntHandlerSPI2                       0x08003f21   Thumb Code     6  bsp_int.o(.text)
    BSP_IntHandlerUSART1                     0x08003f27   Thumb Code     6  bsp_int.o(.text)
    BSP_IntHandlerUSART2                     0x08003f2d   Thumb Code     6  bsp_int.o(.text)
    BSP_IntHandlerUSART3                     0x08003f33   Thumb Code     6  bsp_int.o(.text)
    BSP_IntHandlerEXTI15_10                  0x08003f39   Thumb Code     6  bsp_int.o(.text)
    BSP_IntHandlerRTCAlarm                   0x08003f3f   Thumb Code     6  bsp_int.o(.text)
    BSP_IntHandlerUSBWakeUp                  0x08003f45   Thumb Code     6  bsp_int.o(.text)
    BSP_IntHandlerTIM5                       0x08003f4b   Thumb Code     6  bsp_int.o(.text)
    BSP_IntHandlerSPI3                       0x08003f51   Thumb Code     6  bsp_int.o(.text)
    BSP_IntHandlerUSART4                     0x08003f57   Thumb Code     6  bsp_int.o(.text)
    BSP_IntHandlerUSART5                     0x08003f5d   Thumb Code     6  bsp_int.o(.text)
    BSP_IntHandlerTIM6                       0x08003f63   Thumb Code     6  bsp_int.o(.text)
    BSP_IntHandlerTIM7                       0x08003f69   Thumb Code     6  bsp_int.o(.text)
    BSP_IntHandlerDMA2_CH1                   0x08003f6f   Thumb Code     6  bsp_int.o(.text)
    BSP_IntHandlerDMA2_CH2                   0x08003f75   Thumb Code     6  bsp_int.o(.text)
    BSP_IntHandlerDMA2_CH3                   0x08003f7b   Thumb Code     6  bsp_int.o(.text)
    BSP_IntHandlerDMA2_CH4                   0x08003f81   Thumb Code     6  bsp_int.o(.text)
    BSP_IntHandlerDMA2_CH5                   0x08003f87   Thumb Code     6  bsp_int.o(.text)
    BSP_IntHandlerETH                        0x08003f8d   Thumb Code     6  bsp_int.o(.text)
    BSP_IntHandlerETHWakeup                  0x08003f93   Thumb Code     6  bsp_int.o(.text)
    BSP_IntHandlerCAN2_TX                    0x08003f99   Thumb Code     6  bsp_int.o(.text)
    BSP_IntHandlerCAN2_RX0                   0x08003f9f   Thumb Code     6  bsp_int.o(.text)
    BSP_IntHandlerCAN2_RX1                   0x08003fa5   Thumb Code     6  bsp_int.o(.text)
    BSP_IntHandlerCAN2_SCE                   0x08003fab   Thumb Code     6  bsp_int.o(.text)
    BSP_IntHandlerOTG                        0x08003fb1   Thumb Code     6  bsp_int.o(.text)
    App_NMI_ISR_c                            0x08003fb7   Thumb Code     2  bsp_int.o(.text)
    App_Fault_OverFlow_c                     0x08003fb9   Thumb Code     2  bsp_int.o(.text)
    App_Fault_ISR_c                          0x08003fbb   Thumb Code    12  bsp_int.o(.text)
    App_MemFault_ISR_c                       0x08003fc7   Thumb Code     2  bsp_int.o(.text)
    App_BusFault_ISR_c                       0x08003fc9   Thumb Code     2  bsp_int.o(.text)
    App_UsageFault_ISR_c                     0x08003fcb   Thumb Code     2  bsp_int.o(.text)
    Reset_Handler                            0x08004005   Thumb Code     4  cstartup.o(.text)
    App_Spurious_ISR                         0x0800406d   Thumb Code     2  cstartup.o(.text)
    App_Reserved_ISR                         0x0800406f   Thumb Code     2  cstartup.o(.text)
    Uart_RCC_Init                            0x08004075   Thumb Code    22  uart.o(.text)
    Uart_GPIO_Init                           0x0800408b   Thumb Code    54  uart.o(.text)
    USART_IRQHandler                         0x080040c1   Thumb Code    72  uart.o(.text)
    Uart_cfg                                 0x08004109   Thumb Code   110  uart.o(.text)
    LCD_IRQHandler                           0x08004177   Thumb Code   168  uart.o(.text)
    LCD_Init                                 0x0800421f   Thumb Code   152  uart.o(.text)
    fputc                                    0x080042b7   Thumb Code    30  uart.o(.text)
    fgetc                                    0x080042d5   Thumb Code    24  uart.o(.text)
    CPU_BitBandClr                           0x08004311   Thumb Code    44  cpu_c.o(.text)
    CPU_BitBandSet                           0x0800433d   Thumb Code    44  cpu_c.o(.text)
    CPU_IntSrcDis                            0x08004369   Thumb Code   142  cpu_c.o(.text)
    CPU_IntSrcEn                             0x080043f7   Thumb Code   142  cpu_c.o(.text)
    CPU_IntSrcPendClr                        0x08004485   Thumb Code    68  cpu_c.o(.text)
    CPU_IntSrcPrioSet                        0x080044c9   Thumb Code   238  cpu_c.o(.text)
    CPU_IntSrcPrioGet                        0x080045b7   Thumb Code   208  cpu_c.o(.text)
    CPU_NameClr                              0x08004695   Thumb Code    26  cpu_core.o(.text)
    CPU_Init                                 0x080046af   Thumb Code    18  cpu_core.o(.text)
    CPU_SW_Exception                         0x080046c1   Thumb Code     2  cpu_core.o(.text)
    CPU_NameGet                              0x080046c3   Thumb Code    46  cpu_core.o(.text)
    CPU_NameSet                              0x080046f1   Thumb Code    62  cpu_core.o(.text)
    CPU_TS_Get32                             0x0800472f   Thumb Code     4  cpu_core.o(.text)
    CPU_TS_Update                            0x08004733   Thumb Code     2  cpu_core.o(.text)
    CPU_TS_TmrFreqGet                        0x08004735   Thumb Code    24  cpu_core.o(.text)
    CPU_TS_TmrFreqSet                        0x0800474d   Thumb Code     6  cpu_core.o(.text)
    CPU_CntLeadZeros08                       0x08004753   Thumb Code    10  cpu_core.o(.text)
    CPU_CntLeadZeros16                       0x0800475d   Thumb Code    10  cpu_core.o(.text)
    CPU_CntLeadZeros32                       0x08004767   Thumb Code     4  cpu_core.o(.text)
    CPU_CntLeadZeros64                       0x0800476b   Thumb Code   156  cpu_core.o(.text)
    CPU_CntTrailZeros08                      0x08004807   Thumb Code    10  cpu_core.o(.text)
    CPU_CntTrailZeros16                      0x08004811   Thumb Code    10  cpu_core.o(.text)
    CPU_CntTrailZeros32                      0x0800481b   Thumb Code    10  cpu_core.o(.text)
    CPU_CntTrailZeros64                      0x08004825   Thumb Code    36  cpu_core.o(.text)
    CPU_IntDis                               0x08004855   Thumb Code     0  cpu_a.o(.text)
    CPU_IntEn                                0x08004859   Thumb Code     0  cpu_a.o(.text)
    CPU_SR_Save                              0x0800485d   Thumb Code     0  cpu_a.o(.text)
    CPU_SR_Restore                           0x08004865   Thumb Code     0  cpu_a.o(.text)
    CPU_WaitForInt                           0x0800486b   Thumb Code     0  cpu_a.o(.text)
    CPU_WaitForExcept                        0x0800486f   Thumb Code     0  cpu_a.o(.text)
    CPU_CntLeadZeros                         0x08004873   Thumb Code     0  cpu_a.o(.text)
    CPU_CntTrailZeros                        0x08004879   Thumb Code     0  cpu_a.o(.text)
    CPU_RevBits                              0x08004883   Thumb Code     0  cpu_a.o(.text)
    ASCII_IsAlpha                            0x08004889   Thumb Code    22  lib_ascii.o(.text)
    ASCII_IsAlphaNum                         0x0800489f   Thumb Code    28  lib_ascii.o(.text)
    ASCII_IsLower                            0x080048bb   Thumb Code    14  lib_ascii.o(.text)
    ASCII_IsUpper                            0x080048c9   Thumb Code    14  lib_ascii.o(.text)
    ASCII_IsDig                              0x080048d7   Thumb Code    14  lib_ascii.o(.text)
    ASCII_IsDigOct                           0x080048e5   Thumb Code    14  lib_ascii.o(.text)
    ASCII_IsDigHex                           0x080048f3   Thumb Code    28  lib_ascii.o(.text)
    ASCII_IsBlank                            0x0800490f   Thumb Code    16  lib_ascii.o(.text)
    ASCII_IsSpace                            0x0800491f   Thumb Code    32  lib_ascii.o(.text)
    ASCII_IsPrint                            0x0800493f   Thumb Code    14  lib_ascii.o(.text)
    ASCII_IsGraph                            0x0800494d   Thumb Code    14  lib_ascii.o(.text)
    ASCII_IsPunct                            0x0800495b   Thumb Code    58  lib_ascii.o(.text)
    ASCII_IsCtrl                             0x08004995   Thumb Code    22  lib_ascii.o(.text)
    ASCII_ToLower                            0x080049ab   Thumb Code    14  lib_ascii.o(.text)
    ASCII_ToUpper                            0x080049b9   Thumb Code    14  lib_ascii.o(.text)
    ASCII_Cmp                                0x080049c7   Thumb Code    28  lib_ascii.o(.text)
    Math_RandSetSeed                         0x080049e5   Thumb Code    20  lib_math.o(.text)
    Math_Init                                0x080049f9   Thumb Code     4  lib_math.o(.text)
    Math_RandSeed                            0x080049fd   Thumb Code    16  lib_math.o(.text)
    Math_Rand                                0x08004a0d   Thumb Code    30  lib_math.o(.text)
    Mem_Init                                 0x08004a35   Thumb Code    54  lib_mem.o(.text)
    Mem_Set                                  0x08004a6b   Thumb Code    74  lib_mem.o(.text)
    Mem_Clr                                  0x08004ab5   Thumb Code     6  lib_mem.o(.text)
    Mem_Move                                 0x08004abb   Thumb Code   124  lib_mem.o(.text)
    Mem_Cmp                                  0x08004b37   Thumb Code   106  lib_mem.o(.text)
    Mem_HeapAlloc                            0x08004c3f   Thumb Code   164  lib_mem.o(.text)
    Mem_SegGetSizeRem                        0x08004ce3   Thumb Code   114  lib_mem.o(.text)
    Mem_HeapGetSizeRem                       0x08004d55   Thumb Code     8  lib_mem.o(.text)
    Mem_PoolClr                              0x08004d5d   Thumb Code    68  lib_mem.o(.text)
    Mem_PoolCreate                           0x08004da1   Thumb Code   716  lib_mem.o(.text)
    Mem_PoolBlkGetNbrAvail                   0x0800506d   Thumb Code    64  lib_mem.o(.text)
    Mem_PoolBlkGet                           0x080050ad   Thumb Code   138  lib_mem.o(.text)
    Mem_PoolBlkGetUsedAtIx                   0x08005137   Thumb Code   110  lib_mem.o(.text)
    Mem_PoolBlkFree                          0x080051eb   Thumb Code   196  lib_mem.o(.text)
    Mem_PoolBlkIxGet                         0x080052af   Thumb Code   180  lib_mem.o(.text)
    Str_Len_N                                0x08005369   Thumb Code    22  lib_str.o(.text)
    Str_Len                                  0x0800537f   Thumb Code     6  lib_str.o(.text)
    Str_Copy_N                               0x08005385   Thumb Code    50  lib_str.o(.text)
    Str_Copy                                 0x080053b7   Thumb Code     6  lib_str.o(.text)
    Str_Cat_N                                0x080053bd   Thumb Code    62  lib_str.o(.text)
    Str_Cat                                  0x080053fb   Thumb Code     6  lib_str.o(.text)
    Str_Cmp_N                                0x08005401   Thumb Code    90  lib_str.o(.text)
    Str_Cmp                                  0x0800545b   Thumb Code     6  lib_str.o(.text)
    Str_CmpIgnoreCase_N                      0x08005461   Thumb Code   148  lib_str.o(.text)
    Str_CmpIgnoreCase                        0x080054f5   Thumb Code     6  lib_str.o(.text)
    Str_Char_N                               0x080054fb   Thumb Code    46  lib_str.o(.text)
    Str_Char                                 0x08005529   Thumb Code     8  lib_str.o(.text)
    Str_Char_Last_N                          0x08005531   Thumb Code    44  lib_str.o(.text)
    Str_Char_Last                            0x0800555d   Thumb Code     8  lib_str.o(.text)
    Str_Char_Replace_N                       0x08005565   Thumb Code    42  lib_str.o(.text)
    Str_Char_Replace                         0x0800558f   Thumb Code     6  lib_str.o(.text)
    Str_Str_N                                0x08005595   Thumb Code   104  lib_str.o(.text)
    Str_Str                                  0x080055fd   Thumb Code     6  lib_str.o(.text)
    Str_FmtNbr_Int32U                        0x08005745   Thumb Code    24  lib_str.o(.text)
    Str_FmtNbr_Int32S                        0x0800575d   Thumb Code    40  lib_str.o(.text)
    Str_ParseNbr_Int32U                      0x080058bf   Thumb Code    12  lib_str.o(.text)
    Str_ParseNbr_Int32S                      0x080058cb   Thumb Code    42  lib_str.o(.text)
    Mem_Copy                                 0x080058f9   Thumb Code     0  lib_mem_a.o(.text)
    OSIdleTaskHook                           0x08005b19   Thumb Code    12  os_cpu_c.o(.text)
    OSInitHook                               0x08005b25   Thumb Code    38  os_cpu_c.o(.text)
    OSStatTaskHook                           0x08005b4b   Thumb Code    12  os_cpu_c.o(.text)
    OSTaskCreateHook                         0x08005b57   Thumb Code    12  os_cpu_c.o(.text)
    OSTaskDelHook                            0x08005b63   Thumb Code    12  os_cpu_c.o(.text)
    OSTaskReturnHook                         0x08005b6f   Thumb Code    12  os_cpu_c.o(.text)
    OSTaskStkInit                            0x08005b7b   Thumb Code    94  os_cpu_c.o(.text)
    OSTaskSwHook                             0x08005bd9   Thumb Code    44  os_cpu_c.o(.text)
    OSTimeTickHook                           0x08005c05   Thumb Code    12  os_cpu_c.o(.text)
    OS_CPU_SysTickHandler                    0x08005c11   Thumb Code    30  os_cpu_c.o(.text)
    OS_CPU_SysTickInit                       0x08005c2f   Thumb Code    36  os_cpu_c.o(.text)
    OSCfg_Init                               0x08005c91   Thumb Code     2  os_cfg_app.o(.text)
    OS_IdleTask                              0x08005c95   Thumb Code    30  os_core.o(.text)
    OS_IdleTaskInit                          0x08005cb3   Thumb Code    62  os_core.o(.text)
    OS_RdyListInit                           0x08005cf1   Thumb Code    32  os_core.o(.text)
    OSInit                                   0x08005d11   Thumb Code   248  os_core.o(.text)
    OSIntEnter                               0x08005e09   Thumb Code    22  os_core.o(.text)
    OSIntExit                                0x08005e1f   Thumb Code   108  os_core.o(.text)
    OSSched                                  0x08005e8b   Thumb Code    90  os_core.o(.text)
    OSSchedLock                              0x08005ee5   Thumb Code    64  os_core.o(.text)
    OSSchedUnlock                            0x08005f25   Thumb Code    82  os_core.o(.text)
    OSStart                                  0x08005f77   Thumb Code    62  os_core.o(.text)
    OSVersion                                0x08005fb5   Thumb Code    10  os_core.o(.text)
    OS_PendDbgNameAdd                        0x08005fbf   Thumb Code    46  os_core.o(.text)
    OS_PendListInsertPrio                    0x08005fed   Thumb Code    90  os_core.o(.text)
    OS_PendDataInit                          0x08006047   Thumb Code   190  os_core.o(.text)
    OS_RdyListRemove                         0x08006105   Thumb Code    78  os_core.o(.text)
    OS_TaskBlock                             0x08006153   Thumb Code    42  os_core.o(.text)
    OS_Pend                                  0x0800617d   Thumb Code    72  os_core.o(.text)
    OS_PendListRemove1                       0x080061c5   Thumb Code    54  os_core.o(.text)
    OS_PendListRemove                        0x080061fb   Thumb Code    38  os_core.o(.text)
    OS_PendAbort1                            0x08006221   Thumb Code    32  os_core.o(.text)
    OS_RdyListInsertHead                     0x08006241   Thumb Code    52  os_core.o(.text)
    OS_RdyListInsertTail                     0x08006275   Thumb Code    48  os_core.o(.text)
    OS_RdyListInsert                         0x080062a5   Thumb Code    38  os_core.o(.text)
    OS_TaskRdy                               0x080062cb   Thumb Code    26  os_core.o(.text)
    OS_PendAbort                             0x080062e5   Thumb Code   130  os_core.o(.text)
    OS_PendDbgNameRemove                     0x08006367   Thumb Code    26  os_core.o(.text)
    OS_PendListChangePrio                    0x08006381   Thumb Code    50  os_core.o(.text)
    OS_PendListInit                          0x080063b3   Thumb Code    10  os_core.o(.text)
    OS_PendListInsertHead                    0x080063bd   Thumb Code    32  os_core.o(.text)
    OS_PendObjDel1                           0x080063dd   Thumb Code    32  os_core.o(.text)
    OS_PendObjDel                            0x080063fd   Thumb Code   118  os_core.o(.text)
    OS_Post1                                 0x08006473   Thumb Code    38  os_core.o(.text)
    OS_Post                                  0x08006499   Thumb Code   168  os_core.o(.text)
    OS_RdyListMoveHeadToTail                 0x08006541   Thumb Code    52  os_core.o(.text)
    OS_Dbg_Init                              0x08006575   Thumb Code     2  os_dbg.o(.text)
    OS_FlagDbgListAdd                        0x08006579   Thumb Code    26  os_flag.o(.text)
    OSFlagCreate                             0x08006593   Thumb Code    86  os_flag.o(.text)
    OS_FlagClr                               0x080065e9   Thumb Code    18  os_flag.o(.text)
    OS_FlagDbgListRemove                     0x080065fb   Thumb Code    36  os_flag.o(.text)
    OSFlagDel                                0x0800661f   Thumb Code   220  os_flag.o(.text)
    OS_FlagBlock                             0x080066fb   Thumb Code    28  os_flag.o(.text)
    OSFlagPend                               0x08006717   Thumb Code   548  os_flag.o(.text)
    OSFlagPendAbort                          0x0800693b   Thumb Code   206  os_flag.o(.text)
    OSFlagPendGetFlagsRdy                    0x08006a09   Thumb Code    44  os_flag.o(.text)
    OS_FlagTaskRdy                           0x08006a35   Thumb Code    64  os_flag.o(.text)
    OS_FlagPost                              0x08006a75   Thumb Code   240  os_flag.o(.text)
    OSFlagPost                               0x08006b65   Thumb Code    66  os_flag.o(.text)
    OS_FlagInit                              0x08006ba7   Thumb Code    14  os_flag.o(.text)
    OS_MemDbgListAdd                         0x08006bc9   Thumb Code    22  os_mem.o(.text)
    OSMemCreate                              0x08006bdf   Thumb Code   158  os_mem.o(.text)
    OSMemGet                                 0x08006c7d   Thumb Code    66  os_mem.o(.text)
    OSMemPut                                 0x08006cbf   Thumb Code    70  os_mem.o(.text)
    OS_MemInit                               0x08006d05   Thumb Code    14  os_mem.o(.text)
    OS_MsgPoolInit                           0x08006d25   Thumb Code    90  os_msg.o(.text)
    OS_MsgQFreeAll                           0x08006d7f   Thumb Code    48  os_msg.o(.text)
    OS_MsgQInit                              0x08006daf   Thumb Code    14  os_msg.o(.text)
    OS_MsgQGet                               0x08006dbd   Thumb Code    82  os_msg.o(.text)
    OS_MsgQPut                               0x08006e0f   Thumb Code   132  os_msg.o(.text)
    OS_MutexDbgListAdd                       0x08006ea1   Thumb Code    26  os_mutex.o(.text)
    OSMutexCreate                            0x08006ebb   Thumb Code    94  os_mutex.o(.text)
    OS_MutexClr                              0x08006f19   Thumb Code    30  os_mutex.o(.text)
    OS_MutexDbgListRemove                    0x08006f37   Thumb Code    36  os_mutex.o(.text)
    OSMutexDel                               0x08006f5b   Thumb Code   300  os_mutex.o(.text)
    OSMutexPend                              0x08007087   Thumb Code   398  os_mutex.o(.text)
    OSMutexPendAbort                         0x08007215   Thumb Code   208  os_mutex.o(.text)
    OSMutexPost                              0x080072e5   Thumb Code   270  os_mutex.o(.text)
    OS_MutexInit                             0x080073f3   Thumb Code    14  os_mutex.o(.text)
    OS_PrioInit                              0x08007419   Thumb Code     8  os_prio.o(.text)
    OS_PrioGetHighest                        0x08007421   Thumb Code    32  os_prio.o(.text)
    OS_PrioInsert                            0x08007441   Thumb Code    28  os_prio.o(.text)
    OS_PrioRemove                            0x0800745d   Thumb Code    28  os_prio.o(.text)
    OS_QDbgListAdd                           0x0800747d   Thumb Code    26  os_q.o(.text)
    OSQCreate                                0x08007497   Thumb Code   100  os_q.o(.text)
    OS_QClr                                  0x080074fb   Thumb Code    40  os_q.o(.text)
    OS_QDbgListRemove                        0x08007523   Thumb Code    36  os_q.o(.text)
    OSQDel                                   0x08007547   Thumb Code   220  os_q.o(.text)
    OSQFlush                                 0x08007623   Thumb Code    76  os_q.o(.text)
    OSQPend                                  0x0800766f   Thumb Code   316  os_q.o(.text)
    OSQPendAbort                             0x080077ab   Thumb Code   164  os_q.o(.text)
    OS_QPost                                 0x0800784f   Thumb Code   166  os_q.o(.text)
    OSQPost                                  0x080078f5   Thumb Code    94  os_q.o(.text)
    OS_QInit                                 0x08007953   Thumb Code    14  os_q.o(.text)
    OS_SemDbgListAdd                         0x0800796d   Thumb Code    26  os_sem.o(.text)
    OSSemCreate                              0x08007987   Thumb Code    86  os_sem.o(.text)
    OS_SemClr                                0x080079dd   Thumb Code    20  os_sem.o(.text)
    OS_SemDbgListRemove                      0x080079f1   Thumb Code    36  os_sem.o(.text)
    OSSemDel                                 0x08007a15   Thumb Code   220  os_sem.o(.text)
    OSSemPend                                0x08007af1   Thumb Code   290  os_sem.o(.text)
    OSSemPendAbort                           0x08007c13   Thumb Code   164  os_sem.o(.text)
    OS_SemPost                               0x08007cb7   Thumb Code   144  os_sem.o(.text)
    OSSemPost                                0x08007d47   Thumb Code   106  os_sem.o(.text)
    OSSemSet                                 0x08007db1   Thumb Code    82  os_sem.o(.text)
    OS_SemInit                               0x08007e03   Thumb Code    14  os_sem.o(.text)
    OSStatReset                              0x08007e21   Thumb Code   128  os_stat.o(.text)
    OSStatTaskCPUUsageInit                   0x08007ea1   Thumb Code   126  os_stat.o(.text)
    OS_StatTask                              0x08007f1f   Thumb Code   428  os_stat.o(.text)
    OS_StatTaskInit                          0x080080cb   Thumb Code   120  os_stat.o(.text)
    OSTaskChangePrio                         0x080081c1   Thumb Code   178  os_task.o(.text)
    OS_TaskDbgListAdd                        0x08008273   Thumb Code    30  os_task.o(.text)
    OS_TaskInitTCB                           0x08008291   Thumb Code   160  os_task.o(.text)
    OSTaskCreate                             0x08008331   Thumb Code   318  os_task.o(.text)
    OS_TaskDbgListRemove                     0x0800846f   Thumb Code    52  os_task.o(.text)
    OSTaskDel                                0x080084a3   Thumb Code   192  os_task.o(.text)
    OSTaskQFlush                             0x08008563   Thumb Code   106  os_task.o(.text)
    OSTaskQPend                              0x080085cd   Thumb Code   296  os_task.o(.text)
    OSTaskQPendAbort                         0x080086f5   Thumb Code   122  os_task.o(.text)
    OS_TaskQPost                             0x0800876f   Thumb Code   138  os_task.o(.text)
    OSTaskQPost                              0x080087f9   Thumb Code    44  os_task.o(.text)
    OSTaskRegGet                             0x08008825   Thumb Code    42  os_task.o(.text)
    OSTaskRegGetID                           0x0800884f   Thumb Code    42  os_task.o(.text)
    OSTaskRegSet                             0x08008879   Thumb Code    40  os_task.o(.text)
    OS_TaskResume                            0x080088a1   Thumb Code   168  os_task.o(.text)
    OSTaskResume                             0x08008949   Thumb Code    60  os_task.o(.text)
    OSTaskSemPend                            0x08008985   Thumb Code   292  os_task.o(.text)
    OSTaskSemPendAbort                       0x08008aa9   Thumb Code   126  os_task.o(.text)
    OS_TaskSemPost                           0x08008b27   Thumb Code   148  os_task.o(.text)
    OSTaskSemPost                            0x08008bbb   Thumb Code    32  os_task.o(.text)
    OSTaskSemSet                             0x08008bdb   Thumb Code    52  os_task.o(.text)
    OSTaskStkChk                             0x08008c0f   Thumb Code   136  os_task.o(.text)
    OS_TaskSuspend                           0x08008c97   Thumb Code   144  os_task.o(.text)
    OSTaskSuspend                            0x08008d27   Thumb Code    28  os_task.o(.text)
    OS_TaskInit                              0x08008d43   Thumb Code    18  os_task.o(.text)
    OS_TaskReturn                            0x08008d55   Thumb Code    20  os_task.o(.text)
    OS_TickListRemove                        0x08008d85   Thumb Code    54  os_tick.o(.text)
    OS_TickListUpdate                        0x08008dbb   Thumb Code   240  os_tick.o(.text)
    OS_TickTask                              0x08008eab   Thumb Code    36  os_tick.o(.text)
    OS_TickListInit                          0x08008ecf   Thumb Code    36  os_tick.o(.text)
    OS_TickTaskInit                          0x08008ef3   Thumb Code   114  os_tick.o(.text)
    OS_TickListInsert                        0x08008f65   Thumb Code   202  os_tick.o(.text)
    OS_TickListResetPeak                     0x0800902f   Thumb Code    32  os_tick.o(.text)
    OSTimeDly                                0x08009091   Thumb Code   128  os_time.o(.text)
    OSTimeDlyHMSM                            0x08009111   Thumb Code   264  os_time.o(.text)
    OSTimeDlyResume                          0x08009219   Thumb Code   152  os_time.o(.text)
    OSTimeGet                                0x080092b1   Thumb Code    24  os_time.o(.text)
    OSTimeSet                                0x080092c9   Thumb Code    24  os_time.o(.text)
    OSTimeTick                               0x080092e1   Thumb Code    44  os_time.o(.text)
    OS_TmrDbgListAdd                         0x08009331   Thumb Code    22  os_tmr.o(.text)
    OSTmrCreate                              0x08009347   Thumb Code   144  os_tmr.o(.text)
    OS_TmrClr                                0x080093d7   Thumb Code    34  os_tmr.o(.text)
    OS_TmrUnlink                             0x080093f9   Thumb Code    68  os_tmr.o(.text)
    OS_TmrDbgListRemove                      0x0800943d   Thumb Code    36  os_tmr.o(.text)
    OSTmrDel                                 0x08009461   Thumb Code   134  os_tmr.o(.text)
    OSTmrRemainGet                           0x080094e7   Thumb Code   144  os_tmr.o(.text)
    OS_TmrLink                               0x08009577   Thumb Code   140  os_tmr.o(.text)
    OSTmrStart                               0x08009603   Thumb Code   122  os_tmr.o(.text)
    OSTmrStateGet                            0x0800967d   Thumb Code    86  os_tmr.o(.text)
    OSTmrStop                                0x080096d3   Thumb Code   226  os_tmr.o(.text)
    OS_TmrTask                               0x080097b5   Thumb Code   154  os_tmr.o(.text)
    OS_TmrInit                               0x0800984f   Thumb Code   176  os_tmr.o(.text)
    OS_TmrResetPeak                          0x080098ff   Thumb Code    32  os_tmr.o(.text)
    parseargs                                0x08009975   Thumb Code   140  command.o(.text)
    unparseargs                              0x08009a01   Thumb Code    50  command.o(.text)
    add_command                              0x08009a33   Thumb Code    20  command.o(.text)
    find_cmd                                 0x08009a47   Thumb Code    42  command.o(.text)
    execcmd                                  0x08009a71   Thumb Code    44  command.o(.text)
    exec_string                              0x08009a9d   Thumb Code    62  command.o(.text)
    execsubcmd                               0x08009adb   Thumb Code    60  command.o(.text)
    print_usage                              0x08009b17   Thumb Code    48  command.o(.text)
    invalid_cmd                              0x08009b47   Thumb Code    26  command.o(.text)
    command_help                             0x08009b61   Thumb Code    84  command.o(.text)
    command_save                             0x08009bb5   Thumb Code     6  command.o(.text)
    command_reset                            0x08009bbb   Thumb Code    30  command.o(.text)
    command_gui_enable                       0x08009bd9   Thumb Code   180  command.o(.text)
    init_builtin_cmds                        0x08009c8d   Thumb Code    38  command.o(.text)
    getcmd                                   0x08009ddd   Thumb Code   142  getcmd.o(.text)
    serial_terminal                          0x08009e71   Thumb Code   134  term.o(.text)
    strnlen                                  0x0800a039   Thumb Code    20  printk.o(.text)
    printk                                   0x0800a04d   Thumb Code    60  printk.o(.text)
    RTC_SetTime                              0x0800a091   Thumb Code   168  rtc.o(.text)
    RTC_Init                                 0x0800a139   Thumb Code   214  rtc.o(.text)
    RTC_GetTime                              0x0800a20f   Thumb Code     2  rtc.o(.text)
    NVIC_PriorityGroupConfig                 0x0800a221   Thumb Code    10  misc.o(.text)
    NVIC_Init                                0x0800a22b   Thumb Code    90  misc.o(.text)
    NVIC_SetVectorTable                      0x0800a285   Thumb Code    14  misc.o(.text)
    NVIC_SystemLPConfig                      0x0800a293   Thumb Code    20  misc.o(.text)
    SysTick_CLKSourceConfig                  0x0800a2a7   Thumb Code    24  misc.o(.text)
    BKP_DeInit                               0x0800a2d1   Thumb Code    18  stm32f10x_bkp.o(.text)
    BKP_TamperPinLevelConfig                 0x0800a2e3   Thumb Code     6  stm32f10x_bkp.o(.text)
    BKP_TamperPinCmd                         0x0800a2e9   Thumb Code     8  stm32f10x_bkp.o(.text)
    BKP_ITConfig                             0x0800a2f1   Thumb Code     8  stm32f10x_bkp.o(.text)
    BKP_RTCOutputConfig                      0x0800a2f9   Thumb Code    14  stm32f10x_bkp.o(.text)
    BKP_SetRTCCalibrationValue               0x0800a307   Thumb Code    14  stm32f10x_bkp.o(.text)
    BKP_WriteBackupRegister                  0x0800a315   Thumb Code    14  stm32f10x_bkp.o(.text)
    BKP_ReadBackupRegister                   0x0800a323   Thumb Code    14  stm32f10x_bkp.o(.text)
    BKP_GetFlagStatus                        0x0800a331   Thumb Code    10  stm32f10x_bkp.o(.text)
    BKP_ClearFlag                            0x0800a33b   Thumb Code    14  stm32f10x_bkp.o(.text)
    BKP_GetITStatus                          0x0800a349   Thumb Code    10  stm32f10x_bkp.o(.text)
    BKP_ClearITPendingBit                    0x0800a353   Thumb Code    14  stm32f10x_bkp.o(.text)
    FLASH_SetLatency                         0x0800a369   Thumb Code    14  stm32f10x_flash.o(.text)
    FLASH_HalfCycleAccessCmd                 0x0800a377   Thumb Code    18  stm32f10x_flash.o(.text)
    FLASH_PrefetchBufferCmd                  0x0800a389   Thumb Code    18  stm32f10x_flash.o(.text)
    FLASH_Unlock                             0x0800a39b   Thumb Code    12  stm32f10x_flash.o(.text)
    FLASH_UnlockBank1                        0x0800a3a7   Thumb Code    12  stm32f10x_flash.o(.text)
    FLASH_Lock                               0x0800a3b3   Thumb Code    12  stm32f10x_flash.o(.text)
    FLASH_LockBank1                          0x0800a3bf   Thumb Code    12  stm32f10x_flash.o(.text)
    FLASH_GetBank1Status                     0x0800a3cb   Thumb Code    34  stm32f10x_flash.o(.text)
    FLASH_WaitForLastOperation               0x0800a3ed   Thumb Code    36  stm32f10x_flash.o(.text)
    FLASH_ErasePage                          0x0800a411   Thumb Code    56  stm32f10x_flash.o(.text)
    FLASH_EraseAllPages                      0x0800a449   Thumb Code    52  stm32f10x_flash.o(.text)
    FLASH_WaitForLastBank1Operation          0x0800a47d   Thumb Code    36  stm32f10x_flash.o(.text)
    FLASH_EraseAllBank1Pages                 0x0800a4a1   Thumb Code    52  stm32f10x_flash.o(.text)
    FLASH_GetReadOutProtectionStatus         0x0800a4d5   Thumb Code    14  stm32f10x_flash.o(.text)
    FLASH_EraseOptionBytes                   0x0800a4e3   Thumb Code   108  stm32f10x_flash.o(.text)
    FLASH_ProgramWord                        0x0800a54f   Thumb Code    72  stm32f10x_flash.o(.text)
    FLASH_ProgramHalfWord                    0x0800a597   Thumb Code    48  stm32f10x_flash.o(.text)
    FLASH_ProgramOptionByteData              0x0800a5c7   Thumb Code    62  stm32f10x_flash.o(.text)
    FLASH_EnableWriteProtection              0x0800a605   Thumb Code   150  stm32f10x_flash.o(.text)
    FLASH_ReadOutProtection                  0x0800a69b   Thumb Code   118  stm32f10x_flash.o(.text)
    FLASH_UserOptionByteConfig               0x0800a711   Thumb Code    92  stm32f10x_flash.o(.text)
    FLASH_GetUserOptionByte                  0x0800a76d   Thumb Code     8  stm32f10x_flash.o(.text)
    FLASH_GetWriteProtectionOptionByte       0x0800a775   Thumb Code     6  stm32f10x_flash.o(.text)
    FLASH_GetPrefetchBufferStatus            0x0800a77b   Thumb Code    14  stm32f10x_flash.o(.text)
    FLASH_ITConfig                           0x0800a789   Thumb Code    18  stm32f10x_flash.o(.text)
    FLASH_GetFlagStatus                      0x0800a79b   Thumb Code    28  stm32f10x_flash.o(.text)
    FLASH_ClearFlag                          0x0800a7b7   Thumb Code     6  stm32f10x_flash.o(.text)
    FLASH_GetStatus                          0x0800a7bd   Thumb Code    34  stm32f10x_flash.o(.text)
    GPIO_DeInit                              0x0800a7e5   Thumb Code   152  stm32f10x_gpio.o(.text)
    GPIO_AFIODeInit                          0x0800a87d   Thumb Code    22  stm32f10x_gpio.o(.text)
    GPIO_Init                                0x0800a893   Thumb Code   156  stm32f10x_gpio.o(.text)
    GPIO_StructInit                          0x0800a92f   Thumb Code    16  stm32f10x_gpio.o(.text)
    GPIO_ReadInputDataBit                    0x0800a93f   Thumb Code    14  stm32f10x_gpio.o(.text)
    GPIO_ReadInputData                       0x0800a94d   Thumb Code     6  stm32f10x_gpio.o(.text)
    GPIO_ReadOutputDataBit                   0x0800a953   Thumb Code    14  stm32f10x_gpio.o(.text)
    GPIO_ReadOutputData                      0x0800a961   Thumb Code     6  stm32f10x_gpio.o(.text)
    GPIO_SetBits                             0x0800a967   Thumb Code     4  stm32f10x_gpio.o(.text)
    GPIO_ResetBits                           0x0800a96b   Thumb Code     4  stm32f10x_gpio.o(.text)
    GPIO_WriteBit                            0x0800a96f   Thumb Code    10  stm32f10x_gpio.o(.text)
    GPIO_Write                               0x0800a979   Thumb Code     4  stm32f10x_gpio.o(.text)
    GPIO_PinLockConfig                       0x0800a97d   Thumb Code    16  stm32f10x_gpio.o(.text)
    GPIO_EventOutputConfig                   0x0800a98d   Thumb Code    22  stm32f10x_gpio.o(.text)
    GPIO_EventOutputCmd                      0x0800a9a3   Thumb Code     6  stm32f10x_gpio.o(.text)
    GPIO_PinRemapConfig                      0x0800a9a9   Thumb Code    82  stm32f10x_gpio.o(.text)
    GPIO_EXTILineConfig                      0x0800a9fb   Thumb Code    34  stm32f10x_gpio.o(.text)
    GPIO_ETH_MediaInterfaceConfig            0x0800aa1d   Thumb Code     8  stm32f10x_gpio.o(.text)
    PWR_DeInit                               0x0800aa49   Thumb Code    24  stm32f10x_pwr.o(.text)
    PWR_BackupAccessCmd                      0x0800aa61   Thumb Code     6  stm32f10x_pwr.o(.text)
    PWR_PVDCmd                               0x0800aa67   Thumb Code     6  stm32f10x_pwr.o(.text)
    PWR_PVDLevelConfig                       0x0800aa6d   Thumb Code    14  stm32f10x_pwr.o(.text)
    PWR_WakeUpPinCmd                         0x0800aa7b   Thumb Code     8  stm32f10x_pwr.o(.text)
    PWR_EnterSTOPMode                        0x0800aa83   Thumb Code    42  stm32f10x_pwr.o(.text)
    PWR_EnterSTANDBYMode                     0x0800aaad   Thumb Code    32  stm32f10x_pwr.o(.text)
    PWR_GetFlagStatus                        0x0800aacd   Thumb Code    16  stm32f10x_pwr.o(.text)
    PWR_ClearFlag                            0x0800aadd   Thumb Code    12  stm32f10x_pwr.o(.text)
    RCC_DeInit                               0x0800aaf5   Thumb Code    50  stm32f10x_rcc.o(.text)
    RCC_HSEConfig                            0x0800ab27   Thumb Code    48  stm32f10x_rcc.o(.text)
    RCC_GetFlagStatus                        0x0800ab57   Thumb Code    42  stm32f10x_rcc.o(.text)
    RCC_WaitForHSEStartUp                    0x0800ab81   Thumb Code    44  stm32f10x_rcc.o(.text)
    RCC_AdjustHSICalibrationValue            0x0800abad   Thumb Code    16  stm32f10x_rcc.o(.text)
    RCC_HSICmd                               0x0800abbd   Thumb Code     6  stm32f10x_rcc.o(.text)
    RCC_PLLConfig                            0x0800abc3   Thumb Code    16  stm32f10x_rcc.o(.text)
    RCC_PLLCmd                               0x0800abd3   Thumb Code     6  stm32f10x_rcc.o(.text)
    RCC_SYSCLKConfig                         0x0800abd9   Thumb Code    14  stm32f10x_rcc.o(.text)
    RCC_GetSYSCLKSource                      0x0800abe7   Thumb Code    10  stm32f10x_rcc.o(.text)
    RCC_HCLKConfig                           0x0800abf1   Thumb Code    14  stm32f10x_rcc.o(.text)
    RCC_PCLK1Config                          0x0800abff   Thumb Code    14  stm32f10x_rcc.o(.text)
    RCC_PCLK2Config                          0x0800ac0d   Thumb Code    16  stm32f10x_rcc.o(.text)
    RCC_ITConfig                             0x0800ac1d   Thumb Code    18  stm32f10x_rcc.o(.text)
    RCC_USBCLKConfig                         0x0800ac2f   Thumb Code     8  stm32f10x_rcc.o(.text)
    RCC_ADCCLKConfig                         0x0800ac37   Thumb Code    14  stm32f10x_rcc.o(.text)
    RCC_LSEConfig                            0x0800ac45   Thumb Code    28  stm32f10x_rcc.o(.text)
    RCC_LSICmd                               0x0800ac61   Thumb Code     6  stm32f10x_rcc.o(.text)
    RCC_RTCCLKConfig                         0x0800ac67   Thumb Code    10  stm32f10x_rcc.o(.text)
    RCC_RTCCLKCmd                            0x0800ac71   Thumb Code     8  stm32f10x_rcc.o(.text)
    RCC_GetClocksFreq                        0x0800ac79   Thumb Code   140  stm32f10x_rcc.o(.text)
    RCC_AHBPeriphClockCmd                    0x0800ad05   Thumb Code    18  stm32f10x_rcc.o(.text)
    RCC_APB2PeriphClockCmd                   0x0800ad17   Thumb Code    18  stm32f10x_rcc.o(.text)
    RCC_APB1PeriphClockCmd                   0x0800ad29   Thumb Code    18  stm32f10x_rcc.o(.text)
    RCC_APB2PeriphResetCmd                   0x0800ad3b   Thumb Code    18  stm32f10x_rcc.o(.text)
    RCC_APB1PeriphResetCmd                   0x0800ad4d   Thumb Code    18  stm32f10x_rcc.o(.text)
    RCC_BackupResetCmd                       0x0800ad5f   Thumb Code     8  stm32f10x_rcc.o(.text)
    RCC_ClockSecuritySystemCmd               0x0800ad67   Thumb Code     6  stm32f10x_rcc.o(.text)
    RCC_MCOConfig                            0x0800ad6d   Thumb Code     6  stm32f10x_rcc.o(.text)
    RCC_ClearFlag                            0x0800ad73   Thumb Code    12  stm32f10x_rcc.o(.text)
    RCC_GetITStatus                          0x0800ad7f   Thumb Code    16  stm32f10x_rcc.o(.text)
    RCC_ClearITPendingBit                    0x0800ad8f   Thumb Code     6  stm32f10x_rcc.o(.text)
    RTC_ITConfig                             0x0800adbd   Thumb Code    18  stm32f10x_rtc.o(.text)
    RTC_EnterConfigMode                      0x0800adcf   Thumb Code    14  stm32f10x_rtc.o(.text)
    RTC_ExitConfigMode                       0x0800addd   Thumb Code    14  stm32f10x_rtc.o(.text)
    RTC_GetCounter                           0x0800adeb   Thumb Code    18  stm32f10x_rtc.o(.text)
    RTC_SetCounter                           0x0800adfd   Thumb Code    26  stm32f10x_rtc.o(.text)
    RTC_SetPrescaler                         0x0800ae17   Thumb Code    28  stm32f10x_rtc.o(.text)
    RTC_SetAlarm                             0x0800ae33   Thumb Code    26  stm32f10x_rtc.o(.text)
    RTC_GetDivider                           0x0800ae4d   Thumb Code    20  stm32f10x_rtc.o(.text)
    RTC_WaitForLastTask                      0x0800ae61   Thumb Code    12  stm32f10x_rtc.o(.text)
    RTC_WaitForSynchro                       0x0800ae6d   Thumb Code    20  stm32f10x_rtc.o(.text)
    RTC_GetFlagStatus                        0x0800ae81   Thumb Code    18  stm32f10x_rtc.o(.text)
    RTC_ClearFlag                            0x0800ae93   Thumb Code    12  stm32f10x_rtc.o(.text)
    RTC_GetITStatus                          0x0800ae9f   Thumb Code    28  stm32f10x_rtc.o(.text)
    RTC_ClearITPendingBit                    0x0800aebb   Thumb Code    12  stm32f10x_rtc.o(.text)
    USART_DeInit                             0x0800aecd   Thumb Code    96  stm32f10x_usart.o(.text)
    USART_Init                               0x0800af2d   Thumb Code   176  stm32f10x_usart.o(.text)
    USART_StructInit                         0x0800afdd   Thumb Code    22  stm32f10x_usart.o(.text)
    USART_ClockInit                          0x0800aff3   Thumb Code    30  stm32f10x_usart.o(.text)
    USART_ClockStructInit                    0x0800b011   Thumb Code    12  stm32f10x_usart.o(.text)
    USART_Cmd                                0x0800b01d   Thumb Code    20  stm32f10x_usart.o(.text)
    USART_ITConfig                           0x0800b031   Thumb Code    48  stm32f10x_usart.o(.text)
    USART_DMACmd                             0x0800b061   Thumb Code    16  stm32f10x_usart.o(.text)
    USART_SetAddress                         0x0800b071   Thumb Code    16  stm32f10x_usart.o(.text)
    USART_WakeUpConfig                       0x0800b081   Thumb Code    16  stm32f10x_usart.o(.text)
    USART_ReceiverWakeUpCmd                  0x0800b091   Thumb Code    20  stm32f10x_usart.o(.text)
    USART_LINBreakDetectLengthConfig         0x0800b0a5   Thumb Code    16  stm32f10x_usart.o(.text)
    USART_LINCmd                             0x0800b0b5   Thumb Code    20  stm32f10x_usart.o(.text)
    USART_SendData                           0x0800b0c9   Thumb Code     8  stm32f10x_usart.o(.text)
    USART_ReceiveData                        0x0800b0d1   Thumb Code     8  stm32f10x_usart.o(.text)
    USART_SendBreak                          0x0800b0d9   Thumb Code    10  stm32f10x_usart.o(.text)
    USART_SetGuardTime                       0x0800b0e3   Thumb Code    16  stm32f10x_usart.o(.text)
    USART_SetPrescaler                       0x0800b0f3   Thumb Code    16  stm32f10x_usart.o(.text)
    USART_SmartCardCmd                       0x0800b103   Thumb Code    20  stm32f10x_usart.o(.text)
    USART_SmartCardNACKCmd                   0x0800b117   Thumb Code    20  stm32f10x_usart.o(.text)
    USART_HalfDuplexCmd                      0x0800b12b   Thumb Code    20  stm32f10x_usart.o(.text)
    USART_OverSampling8Cmd                   0x0800b13f   Thumb Code    20  stm32f10x_usart.o(.text)
    USART_OneBitMethodCmd                    0x0800b153   Thumb Code    20  stm32f10x_usart.o(.text)
    USART_IrDAConfig                         0x0800b167   Thumb Code    16  stm32f10x_usart.o(.text)
    USART_IrDACmd                            0x0800b177   Thumb Code    20  stm32f10x_usart.o(.text)
    USART_GetFlagStatus                      0x0800b18b   Thumb Code    14  stm32f10x_usart.o(.text)
    USART_ClearFlag                          0x0800b199   Thumb Code     6  stm32f10x_usart.o(.text)
    USART_GetITStatus                        0x0800b19f   Thumb Code    62  stm32f10x_usart.o(.text)
    USART_ClearITPendingBit                  0x0800b1dd   Thumb Code    12  stm32f10x_usart.o(.text)
    __aeabi_uidiv                            0x0800b1fd   Thumb Code     0  uidiv.o(.text)
    __aeabi_uidivmod                         0x0800b1fd   Thumb Code    44  uidiv.o(.text)
    __aeabi_uldivmod                         0x0800b229   Thumb Code    98  uldiv.o(.text)
    __I$use$fp                               0x0800b28b   Thumb Code     0  iusefp.o(.text)
    __aeabi_dadd                             0x0800b28b   Thumb Code   322  dadd.o(.text)
    __aeabi_dsub                             0x0800b3cd   Thumb Code     6  dadd.o(.text)
    __aeabi_drsub                            0x0800b3d3   Thumb Code     6  dadd.o(.text)
    __aeabi_dmul                             0x0800b3d9   Thumb Code   228  dmul.o(.text)
    __aeabi_ddiv                             0x0800b4bd   Thumb Code   222  ddiv.o(.text)
    __aeabi_d2ulz                            0x0800b59b   Thumb Code    48  dfixul.o(.text)
    __aeabi_cdrcmple                         0x0800b5cd   Thumb Code    38  cdrcmple.o(.text)
    __scatterload                            0x0800b5f5   Thumb Code    28  init.o(.text)
    __scatterload_rt2                        0x0800b5f5   Thumb Code     0  init.o(.text)
    __aeabi_llsl                             0x0800b619   Thumb Code    30  llshl.o(.text)
    _ll_shift_l                              0x0800b619   Thumb Code     0  llshl.o(.text)
    __aeabi_llsr                             0x0800b637   Thumb Code    32  llushr.o(.text)
    _ll_ushift_r                             0x0800b637   Thumb Code     0  llushr.o(.text)
    __aeabi_lasr                             0x0800b657   Thumb Code    36  llsshr.o(.text)
    _ll_sshift_r                             0x0800b657   Thumb Code     0  llsshr.o(.text)
    _double_round                            0x0800b67b   Thumb Code    26  depilogue.o(.text)
    _double_epilogue                         0x0800b695   Thumb Code   164  depilogue.o(.text)
    __decompress                             0x0800b739   Thumb Code     0  __dczerorl2.o(.text)
    __decompress1                            0x0800b739   Thumb Code    92  __dczerorl2.o(.text)
    OSStartHighRdy                           0x0800b795   Thumb Code     0  os_cpu_a.o(CODE)
    OS_CPU_PendSVHandler                     0x0800b7b7   Thumb Code     0  os_cpu_a.o(CODE)
    __0vsnprintf                             0x0800b819   Thumb Code    32  printfa.o(i.__0vsnprintf)
    __1vsnprintf                             0x0800b819   Thumb Code     0  printfa.o(i.__0vsnprintf)
    __2vsnprintf                             0x0800b819   Thumb Code     0  printfa.o(i.__0vsnprintf)
    __c89vsnprintf                           0x0800b819   Thumb Code     0  printfa.o(i.__0vsnprintf)
    vsnprintf                                0x0800b819   Thumb Code     0  printfa.o(i.__0vsnprintf)
    __scatterload_copy                       0x0800b83d   Thumb Code    14  handlers.o(i.__scatterload_copy)
    __scatterload_null                       0x0800b84b   Thumb Code     2  handlers.o(i.__scatterload_null)
    __scatterload_zeroinit                   0x0800b84d   Thumb Code    14  handlers.o(i.__scatterload_zeroinit)
    OSCfg_IdleTaskStkBasePtr                 0x0800c2a8   Data           4  os_cfg_app.o(.constdata)
    OSCfg_IdleTaskStkLimit                   0x0800c2ac   Data           4  os_cfg_app.o(.constdata)
    OSCfg_IdleTaskStkSize                    0x0800c2b0   Data           4  os_cfg_app.o(.constdata)
    OSCfg_ISRStkBasePtr                      0x0800c2b4   Data           4  os_cfg_app.o(.constdata)
    OSCfg_ISRStkSize                         0x0800c2b8   Data           4  os_cfg_app.o(.constdata)
    OSCfg_MsgPoolSize                        0x0800c2bc   Data           2  os_cfg_app.o(.constdata)
    OSCfg_MsgPoolBasePtr                     0x0800c2c0   Data           4  os_cfg_app.o(.constdata)
    OSCfg_StatTaskPrio                       0x0800c2c4   Data           1  os_cfg_app.o(.constdata)
    OSCfg_StatTaskRate_Hz                    0x0800c2c8   Data           4  os_cfg_app.o(.constdata)
    OSCfg_StatTaskStkBasePtr                 0x0800c2cc   Data           4  os_cfg_app.o(.constdata)
    OSCfg_StatTaskStkLimit                   0x0800c2d0   Data           4  os_cfg_app.o(.constdata)
    OSCfg_StatTaskStkSize                    0x0800c2d4   Data           4  os_cfg_app.o(.constdata)
    OSCfg_StkSizeMin                         0x0800c2d8   Data           4  os_cfg_app.o(.constdata)
    OSCfg_TickRate_Hz                        0x0800c2dc   Data           4  os_cfg_app.o(.constdata)
    OSCfg_TickTaskPrio                       0x0800c2e0   Data           1  os_cfg_app.o(.constdata)
    OSCfg_TickTaskStkBasePtr                 0x0800c2e4   Data           4  os_cfg_app.o(.constdata)
    OSCfg_TickTaskStkLimit                   0x0800c2e8   Data           4  os_cfg_app.o(.constdata)
    OSCfg_TickTaskStkSize                    0x0800c2ec   Data           4  os_cfg_app.o(.constdata)
    OSCfg_TickWheelSize                      0x0800c2f0   Data           2  os_cfg_app.o(.constdata)
    OSCfg_TmrTaskPrio                        0x0800c2f2   Data           1  os_cfg_app.o(.constdata)
    OSCfg_TmrTaskRate_Hz                     0x0800c2f4   Data           4  os_cfg_app.o(.constdata)
    OSCfg_TmrTaskStkBasePtr                  0x0800c2f8   Data           4  os_cfg_app.o(.constdata)
    OSCfg_TmrTaskStkLimit                    0x0800c2fc   Data           4  os_cfg_app.o(.constdata)
    OSCfg_TmrTaskStkSize                     0x0800c300   Data           4  os_cfg_app.o(.constdata)
    OSCfg_TmrWheelSize                       0x0800c304   Data           2  os_cfg_app.o(.constdata)
    password                                 0x0800c306   Data           5  term.o(.constdata)
    verst                                    0x0800c30b   Data           9  term.o(.constdata)
    versd                                    0x0800c314   Data          12  term.o(.constdata)
    Year_Secs_Accu                           0x0800c320   Data          20  rtc.o(.constdata)
    Month_Secs_Accu_C                        0x0800c334   Data          52  rtc.o(.constdata)
    Month_Secs_Accu_L                        0x0800c368   Data          52  rtc.o(.constdata)
    Region$$Table$$Base                      0x0800c414   Number         0  anon$$obj.o(Region$$Table)
    Region$$Table$$Limit                     0x0800c434   Number         0  anon$$obj.o(Region$$Table)
    BSP_CPU_ClkFreq_MHz                      0x20000000   Data           4  bsp.o(.data)
    CPU_TS_TmrFreq_Hz                        0x20000008   Data           4  cpu_core.o(.data)
    Math_RandSeedCur                         0x2000000c   Data           4  lib_math.o(.data)
    Mem_PoolTbl                              0x20000010   Data           4  lib_mem.o(.data)
    OS_CPU_ExceptStkBase                     0x20000014   Data           4  os_cpu_c.o(.data)
    OSPrioTbl                                0x20000018   Data           4  os_prio.o(.data)
    OS_AppTaskCreateHookPtr                  0x2000001c   Data           4  os_var.o(.data)
    OS_AppTaskDelHookPtr                     0x20000020   Data           4  os_var.o(.data)
    OS_AppTaskReturnHookPtr                  0x20000024   Data           4  os_var.o(.data)
    OS_AppIdleTaskHookPtr                    0x20000028   Data           4  os_var.o(.data)
    OS_AppStatTaskHookPtr                    0x2000002c   Data           4  os_var.o(.data)
    OS_AppTaskSwHookPtr                      0x20000030   Data           4  os_var.o(.data)
    OS_AppTimeTickHookPtr                    0x20000034   Data           4  os_var.o(.data)
    OSIdleTaskCtr                            0x20000038   Data           4  os_var.o(.data)
    OSIntNestingCtr                          0x2000003c   Data           1  os_var.o(.data)
    OSRunning                                0x2000003d   Data           1  os_var.o(.data)
    OSFlagDbgListPtr                         0x20000040   Data           4  os_var.o(.data)
    OSFlagQty                                0x20000044   Data           2  os_var.o(.data)
    OSMemDbgListPtr                          0x20000048   Data           4  os_var.o(.data)
    OSMemQty                                 0x2000004c   Data           2  os_var.o(.data)
    OSMutexDbgListPtr                        0x20000050   Data           4  os_var.o(.data)
    OSMutexQty                               0x20000054   Data           2  os_var.o(.data)
    OSPrioCur                                0x20000056   Data           1  os_var.o(.data)
    OSPrioHighRdy                            0x20000057   Data           1  os_var.o(.data)
    OSPrioSaved                              0x20000058   Data           1  os_var.o(.data)
    OSQDbgListPtr                            0x2000005c   Data           4  os_var.o(.data)
    OSQQty                                   0x20000060   Data           2  os_var.o(.data)
    OSSchedLockNestingCtr                    0x20000062   Data           1  os_var.o(.data)
    OSSemDbgListPtr                          0x20000064   Data           4  os_var.o(.data)
    OSSemQty                                 0x20000068   Data           2  os_var.o(.data)
    OSStatResetFlag                          0x2000006a   Data           1  os_var.o(.data)
    OSStatTaskCPUUsage                       0x2000006c   Data           2  os_var.o(.data)
    OSStatTaskCPUUsageMax                    0x2000006e   Data           2  os_var.o(.data)
    OSStatTaskCtr                            0x20000070   Data           4  os_var.o(.data)
    OSStatTaskCtrMax                         0x20000074   Data           4  os_var.o(.data)
    OSStatTaskCtrRun                         0x20000078   Data           4  os_var.o(.data)
    OSStatTaskRdy                            0x2000007c   Data           1  os_var.o(.data)
    OSStatTaskTimeMax                        0x20000080   Data           4  os_var.o(.data)
    OSTaskCtxSwCtr                           0x20000084   Data           4  os_var.o(.data)
    OSTaskDbgListPtr                         0x20000088   Data           4  os_var.o(.data)
    OSTaskQty                                0x2000008c   Data           2  os_var.o(.data)
    OSTaskRegNextAvailID                     0x2000008e   Data           1  os_var.o(.data)
    OSTickCtr                                0x20000090   Data           4  os_var.o(.data)
    OSTickTaskTimeMax                        0x20000094   Data           4  os_var.o(.data)
    OSTmrDbgListPtr                          0x20000098   Data           4  os_var.o(.data)
    OSTmrQty                                 0x2000009c   Data           2  os_var.o(.data)
    OSTmrTaskTimeMax                         0x200000a0   Data           4  os_var.o(.data)
    OSTmrTickCtr                             0x200000a4   Data           4  os_var.o(.data)
    OSTmrUpdateCnt                           0x200000a8   Data           4  os_var.o(.data)
    OSTmrUpdateCtr                           0x200000ac   Data           4  os_var.o(.data)
    OSTCBCurPtr                              0x200000b0   Data           4  os_var.o(.data)
    OSTCBHighRdyPtr                          0x200000b4   Data           4  os_var.o(.data)
    prompt                                   0x200000b8   Data          12  command.o(.data)
    stackedState                             0x200000c4   Data           1  command.o(.data)
    help_cmd                                 0x200000d0   Data          16  command.o(.data)
    save_cmd                                 0x200000e0   Data          16  command.o(.data)
    reset_cmd                                0x200000f0   Data          16  command.o(.data)
    gui_enable_cmd                           0x20000100   Data          16  command.o(.data)
    AppTaskCommTCB                           0x200002b0   Data         192  app.o(.bss)
    AppTaskDisplayTCB                        0x20000370   Data         192  app.o(.bss)
    CPU_Name                                 0x20001dec   Data          16  cpu_core.o(.bss)
    Mem_PoolHeap                             0x20001dfc   Data          72  lib_mem.o(.bss)
    Mem_Heap                                 0x20001e44   Data        3072  lib_mem.o(.bss)
    OSCfg_IdleTaskStk                        0x20002a44   Data         512  os_cfg_app.o(.bss)
    OSCfg_ISRStk                             0x20002c44   Data        1024  os_cfg_app.o(.bss)
    OSCfg_MsgPool                            0x20003044   Data        1600  os_cfg_app.o(.bss)
    OSCfg_StatTaskStk                        0x20003684   Data         512  os_cfg_app.o(.bss)
    OSCfg_TickTaskStk                        0x20003884   Data         512  os_cfg_app.o(.bss)
    OSCfg_TickWheel                          0x20003a84   Data         136  os_cfg_app.o(.bss)
    OSCfg_TmrTaskStk                         0x20003b0c   Data         512  os_cfg_app.o(.bss)
    OSCfg_TmrWheel                           0x20003d0c   Data         136  os_cfg_app.o(.bss)
    OSIdleTaskTCB                            0x20003d94   Data         192  os_var.o(.bss)
    OSMsgPool                                0x20003e54   Data          12  os_var.o(.bss)
    OSRdyList                                0x20003e60   Data         240  os_var.o(.bss)
    OSStatTaskTCB                            0x20003f50   Data         192  os_var.o(.bss)
    OSTickTaskTCB                            0x20004010   Data         192  os_var.o(.bss)
    OSTmrTaskTCB                             0x200040d0   Data         192  os_var.o(.bss)
    cmd_buf                                  0x20004590   Data         256  term.o(.bss)
    __initial_sp                             0x20004910   Data           0  cstartup.o(STACK)



==============================================================================

Memory Map of the image

  Image Entry point : 0x08003951

  Load Region LR_IROM1 (Base: 0x08003800, Size: 0x00008d60, Max: 0x00020000, ABSOLUTE, COMPRESSED[0x00008c78])

    Execution Region ER_IROM1 (Base: 0x08003800, Size: 0x00008c34, Max: 0x00020000, ABSOLUTE)

    Base Addr    Size         Type   Attr      Idx    E Section Name        Object

    0x08003800   0x00000150   Data   RO          279    RESET               cstartup.o
    0x08003950   0x00000000   Code   RO         1195  * .ARM.Collect$$$$00000000  mc_w.l(entry.o)
    0x08003950   0x00000004   Code   RO         1226    .ARM.Collect$$$$00000001  mc_w.l(entry2.o)
    0x08003954   0x00000004   Code   RO         1229    .ARM.Collect$$$$00000004  mc_w.l(entry5.o)
    0x08003958   0x00000000   Code   RO         1231    .ARM.Collect$$$$00000008  mc_w.l(entry7b.o)
    0x08003958   0x00000000   Code   RO         1233    .ARM.Collect$$$$0000000A  mc_w.l(entry8b.o)
    0x08003958   0x00000008   Code   RO         1234    .ARM.Collect$$$$0000000B  mc_w.l(entry9a.o)
    0x08003960   0x00000000   Code   RO         1236    .ARM.Collect$$$$0000000D  mc_w.l(entry10a.o)
    0x08003960   0x00000000   Code   RO         1238    .ARM.Collect$$$$0000000F  mc_w.l(entry11a.o)
    0x08003960   0x00000004   Code   RO         1227    .ARM.Collect$$$$00002712  mc_w.l(entry2.o)
    0x08003964   0x000001d8   Code   RO            3    .text               app.o
    0x08003b3c   0x000000a0   Code   RO          192    .text               os_app_hooks.o
    0x08003bdc   0x000001f0   Code   RO          209    .text               bsp.o
    0x08003dcc   0x00000238   Code   RO          236    .text               bsp_int.o
    0x08004004   0x00000070   Code   RO          280    .text               cstartup.o
    0x08004074   0x0000029c   Code   RO          286    .text               uart.o
    0x08004310   0x00000384   Code   RO          308    .text               cpu_c.o
    0x08004694   0x000001c0   Code   RO          320    .text               cpu_core.o
    0x08004854   0x00000034   Code   RO          347    .text               cpu_a.o
    0x08004888   0x0000015a   Code   RO          350    .text               lib_ascii.o
    0x080049e2   0x00000002   PAD
    0x080049e4   0x00000050   Code   RO          366    .text               lib_math.o
    0x08004a34   0x00000934   Code   RO          385    .text               lib_mem.o
    0x08005368   0x00000590   Code   RO          404    .text               lib_str.o
    0x080058f8   0x00000220   Code   RO          422    .text               lib_mem_a.o
    0x08005b18   0x00000178   Code   RO          428    .text               os_cpu_c.o
    0x08005c90   0x00000002   Code   RO          446    .text               os_cfg_app.o
    0x08005c92   0x00000002   PAD
    0x08005c94   0x000008e0   Code   RO          513    .text               os_core.o
    0x08006574   0x00000002   Code   RO          526    .text               os_dbg.o
    0x08006576   0x00000002   PAD
    0x08006578   0x00000650   Code   RO          543    .text               os_flag.o
    0x08006bc8   0x0000015c   Code   RO          562    .text               os_mem.o
    0x08006d24   0x0000017c   Code   RO          574    .text               os_msg.o
    0x08006ea0   0x00000578   Code   RO          586    .text               os_mutex.o
    0x08007418   0x00000064   Code   RO          611    .text               os_prio.o
    0x0800747c   0x000004f0   Code   RO          630    .text               os_q.o
    0x0800796c   0x000004b4   Code   RO          643    .text               os_sem.o
    0x08007e20   0x000003a0   Code   RO          656    .text               os_stat.o
    0x080081c0   0x00000bc4   Code   RO          668    .text               os_task.o
    0x08008d84   0x0000030c   Code   RO          680    .text               os_tick.o
    0x08009090   0x000002a0   Code   RO          693    .text               os_time.o
    0x08009330   0x00000644   Code   RO          705    .text               os_tmr.o
    0x08009974   0x00000468   Code   RO          783    .text               command.o
    0x08009ddc   0x00000094   Code   RO          817    .text               getcmd.o
    0x08009e70   0x000001c8   Code   RO          866    .text               term.o
    0x0800a038   0x00000058   Code   RO          895    .text               printk.o
    0x0800a090   0x00000190   Code   RO          925    .text               rtc.o
    0x0800a220   0x000000b0   Code   RO          949    .text               misc.o
    0x0800a2d0   0x00000098   Code   RO          969    .text               stm32f10x_bkp.o
    0x0800a368   0x0000047c   Code   RO         1032    .text               stm32f10x_flash.o
    0x0800a7e4   0x00000264   Code   RO         1053    .text               stm32f10x_gpio.o
    0x0800aa48   0x000000ac   Code   RO         1073    .text               stm32f10x_pwr.o
    0x0800aaf4   0x000002c8   Code   RO         1093    .text               stm32f10x_rcc.o
    0x0800adbc   0x00000110   Code   RO         1115    .text               stm32f10x_rtc.o
    0x0800aecc   0x00000330   Code   RO         1177    .text               stm32f10x_usart.o
    0x0800b1fc   0x0000002c   Code   RO         1241    .text               mc_w.l(uidiv.o)
    0x0800b228   0x00000062   Code   RO         1243    .text               mc_w.l(uldiv.o)
    0x0800b28a   0x00000000   Code   RO         1245    .text               mc_w.l(iusefp.o)
    0x0800b28a   0x0000014e   Code   RO         1246    .text               mf_w.l(dadd.o)
    0x0800b3d8   0x000000e4   Code   RO         1248    .text               mf_w.l(dmul.o)
    0x0800b4bc   0x000000de   Code   RO         1250    .text               mf_w.l(ddiv.o)
    0x0800b59a   0x00000030   Code   RO         1252    .text               mf_w.l(dfixul.o)
    0x0800b5ca   0x00000002   PAD
    0x0800b5cc   0x00000028   Code   RO         1254    .text               mf_w.l(cdrcmple.o)
    0x0800b5f4   0x00000024   Code   RO         1256    .text               mc_w.l(init.o)
    0x0800b618   0x0000001e   Code   RO         1258    .text               mc_w.l(llshl.o)
    0x0800b636   0x00000020   Code   RO         1260    .text               mc_w.l(llushr.o)
    0x0800b656   0x00000024   Code   RO         1262    .text               mc_w.l(llsshr.o)
    0x0800b67a   0x000000be   Code   RO         1264    .text               mf_w.l(depilogue.o)
    0x0800b738   0x0000005c   Code   RO         1274    .text               mc_w.l(__dczerorl2.o)
    0x0800b794   0x00000084   Code   RO          425    CODE                os_cpu_a.o
    0x0800b818   0x00000024   Code   RO         1204    i.__0vsnprintf      mc_w.l(printfa.o)
    0x0800b83c   0x0000000e   Code   RO         1268    i.__scatterload_copy  mc_w.l(handlers.o)
    0x0800b84a   0x00000002   Code   RO         1269    i.__scatterload_null  mc_w.l(handlers.o)
    0x0800b84c   0x0000000e   Code   RO         1270    i.__scatterload_zeroinit  mc_w.l(handlers.o)
    0x0800b85a   0x00000002   PAD
    0x0800b85c   0x0000015c   Code   RO         1206    i._fp_digits        mc_w.l(printfa.o)
    0x0800b9b8   0x000006f0   Code   RO         1207    i._printf_core      mc_w.l(printfa.o)
    0x0800c0a8   0x00000026   Code   RO         1208    i._printf_post_padding  mc_w.l(printfa.o)
    0x0800c0ce   0x00000030   Code   RO         1209    i._printf_pre_padding  mc_w.l(printfa.o)
    0x0800c0fe   0x00000016   Code   RO         1210    i._snputc           mc_w.l(printfa.o)
    0x0800c114   0x00000100   Data   RO          322    .constdata          cpu_core.o
    0x0800c214   0x00000094   Data   RO          405    .constdata          lib_str.o
    0x0800c2a8   0x00000004   Data   RO          455    .constdata          os_cfg_app.o
    0x0800c2ac   0x00000004   Data   RO          456    .constdata          os_cfg_app.o
    0x0800c2b0   0x00000004   Data   RO          457    .constdata          os_cfg_app.o
    0x0800c2b4   0x00000004   Data   RO          466    .constdata          os_cfg_app.o
    0x0800c2b8   0x00000004   Data   RO          467    .constdata          os_cfg_app.o
    0x0800c2bc   0x00000002   Data   RO          469    .constdata          os_cfg_app.o
    0x0800c2be   0x00000002   PAD
    0x0800c2c0   0x00000004   Data   RO          471    .constdata          os_cfg_app.o
    0x0800c2c4   0x00000001   Data   RO          472    .constdata          os_cfg_app.o
    0x0800c2c5   0x00000003   PAD
    0x0800c2c8   0x00000004   Data   RO          473    .constdata          os_cfg_app.o
    0x0800c2cc   0x00000004   Data   RO          474    .constdata          os_cfg_app.o
    0x0800c2d0   0x00000004   Data   RO          475    .constdata          os_cfg_app.o
    0x0800c2d4   0x00000004   Data   RO          476    .constdata          os_cfg_app.o
    0x0800c2d8   0x00000004   Data   RO          478    .constdata          os_cfg_app.o
    0x0800c2dc   0x00000004   Data   RO          479    .constdata          os_cfg_app.o
    0x0800c2e0   0x00000001   Data   RO          480    .constdata          os_cfg_app.o
    0x0800c2e1   0x00000003   PAD
    0x0800c2e4   0x00000004   Data   RO          481    .constdata          os_cfg_app.o
    0x0800c2e8   0x00000004   Data   RO          482    .constdata          os_cfg_app.o
    0x0800c2ec   0x00000004   Data   RO          483    .constdata          os_cfg_app.o
    0x0800c2f0   0x00000002   Data   RO          485    .constdata          os_cfg_app.o
    0x0800c2f2   0x00000001   Data   RO          487    .constdata          os_cfg_app.o
    0x0800c2f3   0x00000001   PAD
    0x0800c2f4   0x00000004   Data   RO          488    .constdata          os_cfg_app.o
    0x0800c2f8   0x00000004   Data   RO          489    .constdata          os_cfg_app.o
    0x0800c2fc   0x00000004   Data   RO          490    .constdata          os_cfg_app.o
    0x0800c300   0x00000004   Data   RO          491    .constdata          os_cfg_app.o
    0x0800c304   0x00000002   Data   RO          493    .constdata          os_cfg_app.o
    0x0800c306   0x0000001a   Data   RO          868    .constdata          term.o
    0x0800c320   0x0000007c   Data   RO          927    .constdata          rtc.o
    0x0800c39c   0x00000078   Data   RO          786    .conststring        command.o
    0x0800c414   0x00000020   Data   RO         1266    Region$$Table       anon$$obj.o


    Execution Region RW_IRAM1 (Base: 0x20000000, Size: 0x00004910, Max: 0x00010000, ABSOLUTE, COMPRESSED[0x00000044])

    Base Addr    Size         Type   Attr      Idx    E Section Name        Object

    0x20000000   0x00000004   Data   RW          210    .data               bsp.o
    0x20000004   0x00000002   Data   RW          288    .data               uart.o
    0x20000006   0x00000002   PAD
    0x20000008   0x00000004   Data   RW          323    .data               cpu_core.o
    0x2000000c   0x00000004   Data   RW          367    .data               lib_math.o
    0x20000010   0x00000004   Data   RW          387    .data               lib_mem.o
    0x20000014   0x00000004   Data   RW          429    .data               os_cpu_c.o
    0x20000018   0x00000004   Data   RW          612    .data               os_prio.o
    0x2000001c   0x00000004   Data   RW          723    .data               os_var.o
    0x20000020   0x00000004   Data   RW          724    .data               os_var.o
    0x20000024   0x00000004   Data   RW          725    .data               os_var.o
    0x20000028   0x00000004   Data   RW          726    .data               os_var.o
    0x2000002c   0x00000004   Data   RW          727    .data               os_var.o
    0x20000030   0x00000004   Data   RW          728    .data               os_var.o
    0x20000034   0x00000004   Data   RW          729    .data               os_var.o
    0x20000038   0x00000004   Data   RW          730    .data               os_var.o
    0x2000003c   0x00000001   Data   RW          731    .data               os_var.o
    0x2000003d   0x00000001   Data   RW          732    .data               os_var.o
    0x2000003e   0x00000002   PAD
    0x20000040   0x00000004   Data   RW          733    .data               os_var.o
    0x20000044   0x00000002   Data   RW          734    .data               os_var.o
    0x20000046   0x00000002   PAD
    0x20000048   0x00000004   Data   RW          735    .data               os_var.o
    0x2000004c   0x00000002   Data   RW          736    .data               os_var.o
    0x2000004e   0x00000002   PAD
    0x20000050   0x00000004   Data   RW          737    .data               os_var.o
    0x20000054   0x00000002   Data   RW          738    .data               os_var.o
    0x20000056   0x00000001   Data   RW          739    .data               os_var.o
    0x20000057   0x00000001   Data   RW          740    .data               os_var.o
    0x20000058   0x00000001   Data   RW          741    .data               os_var.o
    0x20000059   0x00000003   PAD
    0x2000005c   0x00000004   Data   RW          742    .data               os_var.o
    0x20000060   0x00000002   Data   RW          743    .data               os_var.o
    0x20000062   0x00000001   Data   RW          744    .data               os_var.o
    0x20000063   0x00000001   PAD
    0x20000064   0x00000004   Data   RW          745    .data               os_var.o
    0x20000068   0x00000002   Data   RW          746    .data               os_var.o
    0x2000006a   0x00000001   Data   RW          747    .data               os_var.o
    0x2000006b   0x00000001   PAD
    0x2000006c   0x00000002   Data   RW          748    .data               os_var.o
    0x2000006e   0x00000002   Data   RW          749    .data               os_var.o
    0x20000070   0x00000004   Data   RW          750    .data               os_var.o
    0x20000074   0x00000004   Data   RW          751    .data               os_var.o
    0x20000078   0x00000004   Data   RW          752    .data               os_var.o
    0x2000007c   0x00000001   Data   RW          753    .data               os_var.o
    0x2000007d   0x00000003   PAD
    0x20000080   0x00000004   Data   RW          754    .data               os_var.o
    0x20000084   0x00000004   Data   RW          755    .data               os_var.o
    0x20000088   0x00000004   Data   RW          756    .data               os_var.o
    0x2000008c   0x00000002   Data   RW          757    .data               os_var.o
    0x2000008e   0x00000001   Data   RW          758    .data               os_var.o
    0x2000008f   0x00000001   PAD
    0x20000090   0x00000004   Data   RW          759    .data               os_var.o
    0x20000094   0x00000004   Data   RW          760    .data               os_var.o
    0x20000098   0x00000004   Data   RW          761    .data               os_var.o
    0x2000009c   0x00000002   Data   RW          762    .data               os_var.o
    0x2000009e   0x00000002   PAD
    0x200000a0   0x00000004   Data   RW          763    .data               os_var.o
    0x200000a4   0x00000004   Data   RW          764    .data               os_var.o
    0x200000a8   0x00000004   Data   RW          765    .data               os_var.o
    0x200000ac   0x00000004   Data   RW          766    .data               os_var.o
    0x200000b0   0x00000004   Data   RW          767    .data               os_var.o
    0x200000b4   0x00000004   Data   RW          768    .data               os_var.o
    0x200000b8   0x0000000c   Data   RW          788    .data               command.o
    0x200000c4   0x0000004c   Data   RW          789    .data               command.o
    0x20000110   0x00000004   Data   RW          818    .data               getcmd.o
    0x20000114   0x00000004   Data   RW          897    .data               printk.o
    0x20000118   0x00000014   Data   RW         1094    .data               stm32f10x_rcc.o
    0x2000012c   0x00000004   PAD
    0x20000130   0x00001b50   Zero   RW            4    .bss                app.o
    0x20001c80   0x00000110   Zero   RW          237    .bss                bsp_int.o
    0x20001d90   0x0000005c   Zero   RW          287    .bss                uart.o
    0x20001dec   0x00000010   Zero   RW          321    .bss                cpu_core.o
    0x20001dfc   0x00000c48   Zero   RW          386    .bss                lib_mem.o
    0x20002a44   0x00000200   Zero   RW          447    .bss                os_cfg_app.o
    0x20002c44   0x00000400   Zero   RW          448    .bss                os_cfg_app.o
    0x20003044   0x00000640   Zero   RW          449    .bss                os_cfg_app.o
    0x20003684   0x00000200   Zero   RW          450    .bss                os_cfg_app.o
    0x20003884   0x00000200   Zero   RW          451    .bss                os_cfg_app.o
    0x20003a84   0x00000088   Zero   RW          452    .bss                os_cfg_app.o
    0x20003b0c   0x00000200   Zero   RW          453    .bss                os_cfg_app.o
    0x20003d0c   0x00000088   Zero   RW          454    .bss                os_cfg_app.o
    0x20003d94   0x000000c0   Zero   RW          717    .bss                os_var.o
    0x20003e54   0x0000000c   Zero   RW          718    .bss                os_var.o
    0x20003e60   0x000000f0   Zero   RW          719    .bss                os_var.o
    0x20003f50   0x000000c0   Zero   RW          720    .bss                os_var.o
    0x20004010   0x000000c0   Zero   RW          721    .bss                os_var.o
    0x200040d0   0x000000c0   Zero   RW          722    .bss                os_var.o
    0x20004190   0x00000400   Zero   RW          785    .bss                command.o
    0x20004590   0x00000100   Zero   RW          867    .bss                term.o
    0x20004690   0x00000064   Zero   RW          896    .bss                printk.o
    0x200046f4   0x00000018   Zero   RW          926    .bss                rtc.o
    0x2000470c   0x00000004   PAD
    0x20004710   0x00000200   Zero   RW          277    STACK               cstartup.o


==============================================================================

Image component sizes


      Code (inc. data)   RO Data    RW Data    ZI Data      Debug   Object Name

       472        118          0          0       6992     283188   app.o
       496         26          0          4          0       3126   bsp.o
       568         14          0          0        272       9698   bsp_int.o
      1128        298        120         88       1024      26847   command.o
        52          0          0          0          0        336   cpu_a.o
       900         78          0          0          0       2797   cpu_c.o
       448         12        256          4         16      13782   cpu_core.o
       112          4        336          0        512        676   cstartup.o
       148          6          0          4          0        897   getcmd.o
       346          0          0          0          0       4050   lib_ascii.o
        80         10          0          4          0       2338   lib_math.o
      2356         38          0          4       3144      20080   lib_mem.o
       544          0          0          0          0        480   lib_mem_a.o
      1424          4        148          0          0       8912   lib_str.o
       176         18          0          0          0       1729   misc.o
       160         30          0          0          0       1685   os_app_hooks.o
         2          0         85          0       4944      19424   os_cfg_app.o
      2272        190          0          0          0       9067   os_core.o
       132         32          0          0          0        380   os_cpu_a.o
       376         62          0          4          0       3617   os_cpu_c.o
         2          0          0          0          0        950   os_dbg.o
      1616         68          0          0          0       5521   os_flag.o
       348         18          0          0          0       2152   os_mem.o
       380         14          0          0          0       2266   os_msg.o
      1400         80          0          0          0       4180   os_mutex.o
       100          4          0          4          0       1768   os_prio.o
      1264         48          0          0          0       4682   os_q.o
      1204         56          0          0          0       4690   os_sem.o
       928        126          0          0          0       2421   os_stat.o
      3012        148          0          0          0       9694   os_task.o
       780         74          0          0          0       2975   os_tick.o
       672         44          0          0          0       2705   os_time.o
      1604        126          0          0          0       5386   os_tmr.o
         0          0          0        139       1020      17855   os_var.o
        88          8          0          4        100       2825   printk.o
       400         16        124          0         24       1988   rtc.o
       152          8          0          0          0       3368   stm32f10x_bkp.o
      1148         22          0          0          0       8052   stm32f10x_flash.o
       612         36          0          0          0       4997   stm32f10x_gpio.o
       172         12          0          0          0       1799   stm32f10x_pwr.o
       712         40          0         20          0       8156   stm32f10x_rcc.o
       272          6          0          0          0       2968   stm32f10x_rtc.o
       816         20          0          0          0       7336   stm32f10x_usart.o
       456        322         26          0        256       1342   term.o
       668         36          0          2         92       2797   uart.o

    ----------------------------------------------------------------------
     31004       2272       1136        300      18404     525982   Object Totals
         0          0         32          0          0          0   (incl. Generated)
         6          0          9         19          8          0   (incl. Padding)

    ----------------------------------------------------------------------

      Code (inc. data)   RO Data    RW Data    ZI Data      Debug   Library Member Name

        92          0          0          0          0          0   __dczerorl2.o
         0          0          0          0          0          0   entry.o
         0          0          0          0          0          0   entry10a.o
         0          0          0          0          0          0   entry11a.o
         8          4          0          0          0          0   entry2.o
         4          0          0          0          0          0   entry5.o
         0          0          0          0          0          0   entry7b.o
         0          0          0          0          0          0   entry8b.o
         8          4          0          0          0          0   entry9a.o
        30          0          0          0          0          0   handlers.o
        36          8          0          0          0         68   init.o
         0          0          0          0          0          0   iusefp.o
        30          0          0          0          0         68   llshl.o
        36          0          0          0          0         68   llsshr.o
        32          0          0          0          0         68   llushr.o
      2268         84          0          0          0        508   printfa.o
        44          0          0          0          0         80   uidiv.o
        98          0          0          0          0         92   uldiv.o
        40          2          0          0          0         68   cdrcmple.o
       334          0          0          0          0        148   dadd.o
       222          0          0          0          0        100   ddiv.o
       190          0          0          0          0        176   depilogue.o
        48          0          0          0          0         68   dfixul.o
       228          0          0          0          0         96   dmul.o

    ----------------------------------------------------------------------
      3752        102          0          0          0       1608   Library Totals
         4          0          0          0          0          0   (incl. Padding)

    ----------------------------------------------------------------------

      Code (inc. data)   RO Data    RW Data    ZI Data      Debug   Library Name

      2686        100          0          0          0        952   mc_w.l
      1062          2          0          0          0        656   mf_w.l

    ----------------------------------------------------------------------
      3752        102          0          0          0       1608   Library Totals

    ----------------------------------------------------------------------

==============================================================================


      Code (inc. data)   RO Data    RW Data    ZI Data      Debug   

     34756       2374       1136        300      18404     521298   Grand Totals
     34756       2374       1136         68      18404     521298   ELF Image Totals (compressed)
     34756       2374       1136         68          0          0   ROM Totals

==============================================================================

    Total RO  Size (Code + RO Data)                35892 (  35.05kB)
    Total RW  Size (RW Data + ZI Data)             18704 (  18.27kB)
    Total ROM Size (Code + RO Data + RW Data)      35960 (  35.12kB)

==============================================================================

