ARM Linker, 5.03 [Build 76] [MDK-ARM Standard]

==============================================================================

Section Cross References

    app.o(.text) refers to uart.o(.text) for Uart_Keypad_Init
    app.o(.text) refers to os_time.o(.text) for OSTimeGet
    app.o(.text) refers to os_task.o(.text) for OSTaskQPend
    app.o(.text) refers to bsp.o(.text) for ConvertBytes7To8
    app.o(.text) refers to key.o(.text) for BC7277_Init
    app.o(.text) refers to disp.o(.text) for DispInit
    app.o(.text) refers to command.o(.text) for init_builtin_cmds
    app.o(.text) refers to term.o(.text) for serial_terminal
    app.o(.text) refers to app.o(.bss) for inbuf
    app.o(.text) refers to app.o(.constdata) for fillstr
    app.o(.text) refers to app.o(.data) for KeyFrame
    app.o(.text) refers to cpu_core.o(.text) for CPU_Init
    app.o(.text) refers to os_cpu_c.o(.text) for OS_CPU_SysTickInit
    app.o(.text) refers to lib_mem.o(.text) for Mem_Init
    app.o(.text) refers to lib_math.o(.text) for Math_Init
    app.o(.text) refers to os_app_hooks.o(.text) for App_OS_SetAllHooks
    app.o(.text) refers to os_stat.o(.text) for OSStatTaskCPUUsageInit
    app.o(.text) refers to misc.o(.text) for NVIC_SetVectorTable
    app.o(.text) refers to bsp_int.o(.text) for BSP_IntDisAll
    app.o(.text) refers to os_core.o(.text) for OSInit
    app.o(.text) refers to os_cfg_app.o(.constdata) for OSCfg_TickRate_Hz
    os_app_hooks.o(.text) refers to cpu_a.o(.text) for CPU_SR_Save
    os_app_hooks.o(.text) refers to os_var.o(.data) for OS_AppTaskCreateHookPtr
    bsp.o(.text) refers to stm32f10x_gpio.o(.text) for GPIO_Init
    bsp.o(.text) refers to stm32f10x_rcc.o(.text) for RCC_APB2PeriphClockCmd
    bsp.o(.text) refers to bsp_int.o(.text) for BSP_IntInit
    bsp.o(.text) refers to stm32f10x_flash.o(.text) for FLASH_SetLatency
    bsp.o(.text) refers to cpu_core.o(.text) for CPU_TS_TmrFreqSet
    bsp.o(.text) refers to bsp.o(.data) for BSP_CPU_ClkFreq_MHz
    bsp_int.o(.text) refers to cpu_c.o(.text) for CPU_IntSrcDis
    bsp_int.o(.text) refers to cpu_a.o(.text) for CPU_IntDis
    bsp_int.o(.text) refers to os_core.o(.text) for OSIntEnter
    bsp_int.o(.text) refers to bsp_int.o(.bss) for BSP_IntVectTbl
    bsp_periph.o(.text) refers to bsp.o(.text) for BSP_CPU_ClkFreq
    cstartup.o(RESET) refers to cstartup.o(STACK) for __initial_sp
    cstartup.o(RESET) refers to cstartup.o(.text) for Reset_Handler
    cstartup.o(RESET) refers to os_cpu_a.o(CODE) for OS_CPU_PendSVHandler
    cstartup.o(RESET) refers to os_cpu_c.o(.text) for OS_CPU_SysTickHandler
    cstartup.o(RESET) refers to bsp_int.o(.text) for BSP_IntHandlerWWDG
    cstartup.o(.text) refers to bsp_int.o(.text) for App_NMI_ISR_c
    cstartup.o(.text) refers to entry.o(.ARM.Collect$$$$00000000) for __main
    uart.o(.text) refers to stm32f10x_rcc.o(.text) for RCC_APB2PeriphClockCmd
    uart.o(.text) refers to stm32f10x_gpio.o(.text) for GPIO_Init
    uart.o(.text) refers to stm32f10x_usart.o(.text) for USART_GetITStatus
    uart.o(.text) refers to os_sem.o(.text) for OSSemPost
    uart.o(.text) refers to os_task.o(.text) for OSTaskQPost
    uart.o(.text) refers to bsp_int.o(.text) for BSP_IntVectSet
    uart.o(.text) refers to uart.o(.data) for UartRecDat
    uart.o(.text) refers to uart.o(.bss) for UartRecSem
    uart.o(.text) refers to app.o(.bss) for AppTaskCommTCB
    uart.o(.data) refers to uart.o(.bss) for Uart3Buf
    cpu_c.o(.text) refers to cpu_a.o(.text) for CPU_SR_Save
    cpu_core.o(.text) refers to cpu_a.o(.text) for CPU_SR_Save
    cpu_core.o(.text) refers to lib_mem.o(.text) for Mem_Clr
    cpu_core.o(.text) refers to bsp.o(.text) for CPU_TS_TmrInit
    cpu_core.o(.text) refers to lib_str.o(.text) for Str_Copy_N
    cpu_core.o(.text) refers to cpu_core.o(.bss) for CPU_Name
    cpu_core.o(.text) refers to cpu_core.o(.data) for CPU_TS_TmrFreq_Hz
    cpu_core.o(.text) refers to cpu_core.o(.constdata) for CPU_CntLeadZerosTbl
    lib_math.o(.text) refers to cpu_a.o(.text) for CPU_SR_Save
    lib_math.o(.text) refers to lib_math.o(.data) for Math_RandSeedCur
    lib_mem.o(.text) refers to lib_mem_a.o(.text) for Mem_Copy
    lib_mem.o(.text) refers to cpu_core.o(.text) for CPU_SW_Exception
    lib_mem.o(.text) refers to cpu_a.o(.text) for CPU_SR_Save
    lib_mem.o(.text) refers to lib_mem.o(.bss) for Mem_PoolHeap
    lib_mem.o(.text) refers to lib_mem.o(.data) for Mem_PoolTbl
    lib_str.o(.text) refers to lib_ascii.o(.text) for ASCII_ToLower
    lib_str.o(.text) refers to lib_str.o(.constdata) for Str_MultOvfThTbl_Int32U
    os_cpu_a.o(CODE) refers (Special) to os_core.o(.text) for OSIntExit
    os_cpu_a.o(CODE) refers (Special) to os_var.o(.data) for OSRunning
    os_cpu_a.o(CODE) refers to os_cpu_c.o(.data) for OS_CPU_ExceptStkBase
    os_cpu_a.o(CODE) refers to os_cpu_c.o(.text) for OSTaskSwHook
    os_cpu_c.o(.text) refers to cpu_a.o(.text) for CPU_SR_Save
    os_cpu_c.o(.text) refers to os_time.o(.text) for OSTimeTick
[...]
    .bss                                     0x20005b9c   Section      100  printk.o(.bss)
    printk_buf                               0x20005b9c   Data         100  printk.o(.bss)
    STACK                                    0x20005c00   Section     1024  cstartup.o(STACK)

    Global Symbols

    Symbol Name                              Value     Ov Type        Size  Object(Section)

    BuildAttributes$$THM_ISAv4$P$D$K$B$S$PE$A:L22UL41UL21$X:L11$S22US41US21$IEEE1$IW$USESV6$~STKCKD$USESV7$~SHL$OSPACE$ROPI$EBA8$MICROLIB$REQ8$PRES8$EABIv2 0x00000000   Number         0  anon$$obj.o ABSOLUTE
    __ARM_use_no_argv                        0x00000000   Number         0  app.o ABSOLUTE
    __cpp_initialize__aeabi_                  - Undefined Weak Reference
    __cxa_finalize                            - Undefined Weak Reference
    _clock_init                               - Undefined Weak Reference
    _microlib_exit                            - Undefined Weak Reference
    Image$$ER_IROM1$$Base                    0x08003800   Number         0  cstartup.o(RESET)
    __Vectors                                0x08003800   Data           4  cstartup.o(RESET)
    __main                                   0x08003951   Thumb Code     0  entry.o(.ARM.Collect$$$$00000000)
    _main_stk                                0x08003951   Thumb Code     0  entry2.o(.ARM.Collect$$$$00000001)
    _main_scatterload                        0x08003955   Thumb Code     0  entry5.o(.ARM.Collect$$$$00000004)
    __main_after_scatterload                 0x08003959   Thumb Code     0  entry5.o(.ARM.Collect$$$$00000004)
    _main_clock                              0x08003959   Thumb Code     0  entry7b.o(.ARM.Collect$$$$00000008)
    _main_cpp_init                           0x08003959   Thumb Code     0  entry8b.o(.ARM.Collect$$$$0000000A)
    _main_init                               0x08003959   Thumb Code     0  entry9a.o(.ARM.Collect$$$$0000000B)
    __rt_final_cpp                           0x08003961   Thumb Code     0  entry10a.o(.ARM.Collect$$$$0000000D)
    __rt_final_exit                          0x08003961   Thumb Code     0  entry11a.o(.ARM.Collect$$$$0000000F)
    main                                     0x08003e5b   Thumb Code    86  app.o(.text)
    App_OS_TimeTickHook                      0x08003ed5   Thumb Code     2  os_app_hooks.o(.text)
    App_OS_TaskSwHook                        0x08003ed7   Thumb Code     2  os_app_hooks.o(.text)
    App_OS_StatTaskHook                      0x08003ed9   Thumb Code     2  os_app_hooks.o(.text)
    App_OS_IdleTaskHook                      0x08003edb   Thumb Code     2  os_app_hooks.o(.text)
    App_OS_TaskReturnHook                    0x08003edd   Thumb Code     2  os_app_hooks.o(.text)
    App_OS_TaskDelHook                       0x08003edf   Thumb Code     2  os_app_hooks.o(.text)
    App_OS_TaskCreateHook                    0x08003ee1   Thumb Code     2  os_app_hooks.o(.text)
    App_OS_SetAllHooks                       0x08003ee3   Thumb Code    90  os_app_hooks.o(.text)
    App_OS_ClrAllHooks                       0x08003f3d   Thumb Code    64  os_app_hooks.o(.text)
    App_OS_InitHook                          0x08003f7d   Thumb Code     2  os_app_hooks.o(.text)
    BSP_CPU_ClkFreq                          0x0800408b   Thumb Code    16  bsp.o(.text)
    BSP_Init                                 0x0800409b   Thumb Code   140  bsp.o(.text)
    ConvertBytes7To8                         0x08004127   Thumb Code    76  bsp.o(.text)
    ConvertBytes8To7                         0x08004173   Thumb Code   102  bsp.o(.text)
    BSP_LED_On                               0x080041d9   Thumb Code    74  bsp.o(.text)
    BSP_LED_Off                              0x08004223   Thumb Code    74  bsp.o(.text)
    BSP_LED_Toggle                           0x0800426d   Thumb Code   232  bsp.o(.text)
    BSP_StatusRd                             0x08004355   Thumb Code    26  bsp.o(.text)
    CPU_TS_TmrInit                           0x0800436f   Thumb Code    78  bsp.o(.text)
    CPU_TS_TmrRd                             0x080043bd   Thumb Code     6  bsp.o(.text)
    BSP_IntClr                               0x080043c9   Thumb Code     2  bsp_int.o(.text)
    BSP_IntDis                               0x080043cb   Thumb Code    20  bsp_int.o(.text)
    BSP_IntDisAll                            0x080043df   Thumb Code     8  bsp_int.o(.text)
    BSP_IntEn                                0x080043e7   Thumb Code    20  bsp_int.o(.text)
    BSP_IntVectSet                           0x080043fb   Thumb Code    48  bsp_int.o(.text)
    BSP_IntPrioSet                           0x0800442b   Thumb Code    54  bsp_int.o(.text)
    BSP_IntInit                              0x08004463   Thumb Code    22  bsp_int.o(.text)
    BSP_IntHandlerWWDG                       0x080044b3   Thumb Code    10  bsp_int.o(.text)
    BSP_IntHandlerPVD                        0x080044bd   Thumb Code    10  bsp_int.o(.text)
    BSP_IntHandlerTAMPER                     0x080044c7   Thumb Code    10  bsp_int.o(.text)
    BSP_IntHandlerRTC                        0x080044d1   Thumb Code    10  bsp_int.o(.text)
    BSP_IntHandlerFLASH                      0x080044db   Thumb Code    10  bsp_int.o(.text)
    BSP_IntHandlerRCC                        0x080044e5   Thumb Code    10  bsp_int.o(.text)
    BSP_IntHandlerEXTI0                      0x080044ef   Thumb Code    10  bsp_int.o(.text)
    BSP_IntHandlerEXTI1                      0x080044f9   Thumb Code    10  bsp_int.o(.text)
    BSP_IntHandlerEXTI2                      0x08004503   Thumb Code    10  bsp_int.o(.text)
    BSP_IntHandlerEXTI3                      0x0800450d   Thumb Code    10  bsp_int.o(.text)
    BSP_IntHandlerEXTI4                      0x08004517   Thumb Code    10  bsp_int.o(.text)
    BSP_IntHandlerDMA1_CH1                   0x08004521   Thumb Code    10  bsp_int.o(.text)
    BSP_IntHandlerDMA1_CH2                   0x0800452b   Thumb Code    10  bsp_int.o(.text)
    BSP_IntHandlerDMA1_CH3                   0x08004535   Thumb Code    10  bsp_int.o(.text)
    BSP_IntHandlerDMA1_CH4                   0x0800453f   Thumb Code    10  bsp_int.o(.text)
    BSP_IntHandlerDMA1_CH5                   0x08004549   Thumb Code    10  bsp_int.o(.text)
    BSP_IntHandlerDMA1_CH6                   0x08004553   Thumb Code    10  bsp_int.o(.text)
    BSP_IntHandlerDMA1_CH7                   0x0800455d   Thumb Code    10  bsp_int.o(.text)
    BSP_IntHandlerADC1_2                     0x08004567   Thumb Code    10  bsp_int.o(.text)
    BSP_IntHandlerCAN1_TX                    0x08004571   Thumb Code    10  bsp_int.o(.text)
    BSP_IntHandlerCAN1_RX0                   0x0800457b   Thumb Code    10  bsp_int.o(.text)
    BSP_IntHandlerCAN1_RX1                   0x08004585   Thumb Code    10  bsp_int.o(.text)
    BSP_IntHandlerCAN1_SCE                   0x0800458f   Thumb Code    10  bsp_int.o(.text)
    BSP_IntHandlerEXTI9_5                    0x08004599   Thumb Code    10  bsp_int.o(.text)
    BSP_IntHandlerTIM1_BRK                   0x080045a3   Thumb Code    10  bsp_int.o(.text)
    BSP_IntHandlerTIM1_UP                    0x080045ad   Thumb Code    10  bsp_int.o(.text)
    BSP_IntHandlerTIM1_TRG_COM               0x080045b7   Thumb Code    10  bsp_int.o(.text)
    BSP_IntHandlerTIM1_CC                    0x080045c1   Thumb Code    10  bsp_int.o(.text)
    BSP_IntHandlerTIM2                       0x080045cb   Thumb Code    10  bsp_int.o(.text)
    BSP_IntHandlerTIM3                       0x080045d5   Thumb Code    10  bsp_int.o(.text)
    BSP_IntHandlerTIM4                       0x080045df   Thumb Code    10  bsp_int.o(.text)
    BSP_IntHandlerI2C1_EV                    0x080045e9   Thumb Code    10  bsp_int.o(.text)
    BSP_IntHandlerI2C1_ER                    0x080045f3   Thumb Code    10  bsp_int.o(.text)
    BSP_IntHandlerI2C2_EV                    0x080045fd   Thumb Code    10  bsp_int.o(.text)
    BSP_IntHandlerI2C2_ER                    0x08004607   Thumb Code    10  bsp_int.o(.text)
    BSP_IntHandlerSPI1                       0x08004611   Thumb Code    10  bsp_int.o(.text)
    BSP_IntHandlerSPI2                       0x0800461b   Thumb Code    10  bsp_int.o(.text)
    BSP_IntHandlerUSART1                     0x08004625   Thumb Code    10  bsp_int.o(.text)
    BSP_IntHandlerUSART2                     0x0800462f   Thumb Code    10  bsp_int.o(.text)
    BSP_IntHandlerUSART3                     0x08004639   Thumb Code    10  bsp_int.o(.text)
    BSP_IntHandlerEXTI15_10                  0x08004643   Thumb Code    10  bsp_int.o(.text)
    BSP_IntHandlerRTCAlarm                   0x0800464d   Thumb Code    10  bsp_int.o(.text)
    BSP_IntHandlerUSBWakeUp                  0x08004657   Thumb Code    10  bsp_int.o(.text)
    BSP_IntHandlerTIM5                       0x08004661   Thumb Code    10  bsp_int.o(.text)
    BSP_IntHandlerSPI3                       0x0800466b   Thumb Code    10  bsp_int.o(.text)
    BSP_IntHandlerUSART4                     0x08004675   Thumb Code    10  bsp_int.o(.text)
    BSP_IntHandlerUSART5                     0x0800467f   Thumb Code    10  bsp_int.o(.text)
    BSP_IntHandlerTIM6                       0x08004689   Thumb Code    10  bsp_int.o(.text)
    BSP_IntHandlerTIM7                       0x08004693   Thumb Code    10  bsp_int.o(.text)
    BSP_IntHandlerDMA2_CH1                   0x0800469d   Thumb Code    10  bsp_int.o(.text)
    BSP_IntHandlerDMA2_CH2                   0x080046a7   Thumb Code    10  bsp_int.o(.text)
    BSP_IntHandlerDMA2_CH3                   0x080046b1   Thumb Code    10  bsp_int.o(.text)
    BSP_IntHandlerDMA2_CH4                   0x080046bb   Thumb Code    10  bsp_int.o(.text)
    BSP_IntHandlerDMA2_CH5                   0x080046c5   Thumb Code    10  bsp_int.o(.text)
    BSP_IntHandlerETH                        0x080046cf   Thumb Code    10  bsp_int.o(.text)
    BSP_IntHandlerETHWakeup                  0x080046d9   Thumb Code    10  bsp_int.o(.text)
    BSP_IntHandlerCAN2_TX                    0x080046e3   Thumb Code    10  bsp_int.o(.text)
    BSP_IntHandlerCAN2_RX0                   0x080046ed   Thumb Code    10  bsp_int.o(.text)
    BSP_IntHandlerCAN2_RX1                   0x080046f7   Thumb Code    10  bsp_int.o(.text)
    BSP_IntHandlerCAN2_SCE                   0x08004701   Thumb Code    10  bsp_int.o(.text)
    BSP_IntHandlerOTG                        0x0800470b   Thumb Code    10  bsp_int.o(.text)
    App_NMI_ISR_c                            0x08004715   Thumb Code     4  bsp_int.o(.text)
    App_Fault_OverFlow_c                     0x08004719   Thumb Code     2  bsp_int.o(.text)
    App_Fault_ISR_c                          0x0800471b   Thumb Code    14  bsp_int.o(.text)
    App_MemFault_ISR_c                       0x08004729   Thumb Code     4  bsp_int.o(.text)
    App_BusFault_ISR_c                       0x0800472d   Thumb Code     4  bsp_int.o(.text)
    App_UsageFault_ISR_c                     0x08004731   Thumb Code     4  bsp_int.o(.text)
    Reset_Handler                            0x08004741   Thumb Code     4  cstartup.o(.text)
    App_Spurious_ISR                         0x080047a9   Thumb Code     2  cstartup.o(.text)
    App_Reserved_ISR                         0x080047ab   Thumb Code     2  cstartup.o(.text)
    Uart_RCC_Init                            0x080047b1   Thumb Code    20  uart.o(.text)
    Uart_Keypad_RCC_Init                     0x080047c5   Thumb Code    20  uart.o(.text)
    Uart_GPIO_Init                           0x080047d9   Thumb Code    54  uart.o(.text)
    Uart_Keypad_GPIO_Init                    0x0800480f   Thumb Code    54  uart.o(.text)
    USART_IRQHandler                         0x08004845   Thumb Code    68  uart.o(.text)
    Keypad_IRQHandler                        0x080048ad   Thumb Code   204  uart.o(.text)
    Uart_cfg                                 0x08004979   Thumb Code   108  uart.o(.text)
    Uart_Keypad_Send                         0x080049e5   Thumb Code    40  uart.o(.text)
    Uart_Keypad_Init                         0x08004a0d   Thumb Code    96  uart.o(.text)
    LCD_IRQHandler                           0x08004a6d   Thumb Code   192  uart.o(.text)
    LCD_Init                                 0x08004b2d   Thumb Code   150  uart.o(.text)
    fputc                                    0x08004bc3   Thumb Code   114  uart.o(.text)
    fgetc                                    0x08004c35   Thumb Code    26  uart.o(.text)
    CPU_BitBandClr                           0x08004c59   Thumb Code    58  cpu_c.o(.text)
    CPU_BitBandSet                           0x08004c93   Thumb Code    58  cpu_c.o(.text)
    CPU_IntSrcDis                            0x08004ccd   Thumb Code   330  cpu_c.o(.text)
    CPU_IntSrcEn                             0x08004e17   Thumb Code   330  cpu_c.o(.text)
    CPU_IntSrcPendClr                        0x08004f61   Thumb Code   166  cpu_c.o(.text)
    CPU_IntSrcPrioSet                        0x08005007   Thumb Code   514  cpu_c.o(.text)
    CPU_IntSrcPrioGet                        0x08005209   Thumb Code   446  cpu_c.o(.text)
    CPU_NameClr                              0x080053d5   Thumb Code    42  cpu_core.o(.text)
    CPU_Init                                 0x08005415   Thumb Code    12  cpu_core.o(.text)
    CPU_SW_Exception                         0x08005421   Thumb Code     4  cpu_core.o(.text)
    CPU_NameGet                              0x08005425   Thumb Code    70  cpu_core.o(.text)
    CPU_NameSet                              0x0800546b   Thumb Code    96  cpu_core.o(.text)
    CPU_TS_Get32                             0x080054cb   Thumb Code    12  cpu_core.o(.text)
    CPU_TS_Update                            0x080054d7   Thumb Code     2  cpu_core.o(.text)
    CPU_TS_TmrFreqGet                        0x080054d9   Thumb Code    30  cpu_core.o(.text)
    CPU_TS_TmrFreqSet                        0x080054f7   Thumb Code     6  cpu_core.o(.text)
    CPU_CntLeadZeros08                       0x080054fd   Thumb Code    18  cpu_core.o(.text)
    CPU_CntLeadZeros16                       0x0800550f   Thumb Code    18  cpu_core.o(.text)
    CPU_CntLeadZeros32                       0x08005521   Thumb Code    18  cpu_core.o(.text)
    CPU_CntLeadZeros64                       0x08005533   Thumb Code   194  cpu_core.o(.text)
    CPU_CntTrailZeros08                      0x080055f5   Thumb Code    22  cpu_core.o(.text)
    CPU_CntTrailZeros16                      0x0800560b   Thumb Code    22  cpu_core.o(.text)
    CPU_CntTrailZeros32                      0x08005621   Thumb Code    22  cpu_core.o(.text)
    CPU_CntTrailZeros64                      0x08005637   Thumb Code    66  cpu_core.o(.text)
    CPU_IntDis                               0x08005685   Thumb Code     0  cpu_a.o(.text)
    CPU_IntEn                                0x08005689   Thumb Code     0  cpu_a.o(.text)
    CPU_SR_Save                              0x0800568d   Thumb Code     0  cpu_a.o(.text)
    CPU_SR_Restore                           0x08005695   Thumb Code     0  cpu_a.o(.text)
    CPU_WaitForInt                           0x0800569b   Thumb Code     0  cpu_a.o(.text)
    CPU_WaitForExcept                        0x0800569f   Thumb Code     0  cpu_a.o(.text)
    CPU_CntLeadZeros                         0x080056a3   Thumb Code     0  cpu_a.o(.text)
    CPU_CntTrailZeros                        0x080056a9   Thumb Code     0  cpu_a.o(.text)
    CPU_RevBits                              0x080056b3   Thumb Code     0  cpu_a.o(.text)
    ASCII_IsAlpha                            0x080056b9   Thumb Code    48  lib_ascii.o(.text)
    ASCII_IsAlphaNum                         0x080056e9   Thumb Code    76  lib_ascii.o(.text)
    ASCII_IsLower                            0x08005735   Thumb Code    20  lib_ascii.o(.text)
    ASCII_IsUpper                            0x08005749   Thumb Code    20  lib_ascii.o(.text)
    ASCII_IsDig                              0x0800575d   Thumb Code    20  lib_ascii.o(.text)
    ASCII_IsDigOct                           0x08005771   Thumb Code    20  lib_ascii.o(.text)
    ASCII_IsDigHex                           0x08005785   Thumb Code    36  lib_ascii.o(.text)
    ASCII_IsBlank                            0x080057a9   Thumb Code    20  lib_ascii.o(.text)
    ASCII_IsSpace                            0x080057bd   Thumb Code    36  lib_ascii.o(.text)
    ASCII_IsPrint                            0x080057e1   Thumb Code    20  lib_ascii.o(.text)
    ASCII_IsGraph                            0x080057f5   Thumb Code    20  lib_ascii.o(.text)
    ASCII_IsPunct                            0x08005809   Thumb Code   134  lib_ascii.o(.text)
    ASCII_IsCtrl                             0x0800588f   Thumb Code    26  lib_ascii.o(.text)
    ASCII_ToLower                            0x080058a9   Thumb Code    32  lib_ascii.o(.text)
    ASCII_ToUpper                            0x080058c9   Thumb Code    32  lib_ascii.o(.text)
    ASCII_Cmp                                0x080058e9   Thumb Code    38  lib_ascii.o(.text)
    Math_RandSetSeed                         0x08005911   Thumb Code    40  lib_math.o(.text)
    Math_Init                                0x08005939   Thumb Code    10  lib_math.o(.text)
    Math_RandSeed                            0x08005943   Thumb Code    18  lib_math.o(.text)
    Math_Rand                                0x08005955   Thumb Code    52  lib_math.o(.text)
    Mem_Init                                 0x08005991   Thumb Code    54  lib_mem.o(.text)
    Mem_Set                                  0x080059c7   Thumb Code    98  lib_mem.o(.text)
    Mem_Clr                                  0x08005a29   Thumb Code    18  lib_mem.o(.text)
    Mem_Move                                 0x08005a3b   Thumb Code   204  lib_mem.o(.text)
    Mem_Cmp                                  0x08005b07   Thumb Code   192  lib_mem.o(.text)
    Mem_HeapAlloc                            0x08005cbb   Thumb Code   256  lib_mem.o(.text)
    Mem_SegGetSizeRem                        0x08005dbb   Thumb Code   214  lib_mem.o(.text)
    Mem_HeapGetSizeRem                       0x08005e91   Thumb Code    22  lib_mem.o(.text)
    Mem_PoolClr                              0x08005ea7   Thumb Code    78  lib_mem.o(.text)
    Mem_PoolCreate                           0x08005ef5   Thumb Code  1076  lib_mem.o(.text)
    Mem_PoolBlkGetNbrAvail                   0x08006329   Thumb Code   128  lib_mem.o(.text)
    Mem_PoolBlkGet                           0x080063a9   Thumb Code   224  lib_mem.o(.text)
    Mem_PoolBlkGetUsedAtIx                   0x08006489   Thumb Code   212  lib_mem.o(.text)
    Mem_PoolBlkFree                          0x080065c3   Thumb Code   338  lib_mem.o(.text)
    Mem_PoolBlkIxGet                         0x08006715   Thumb Code   314  lib_mem.o(.text)
    Str_Len_N                                0x08006855   Thumb Code    28  lib_str.o(.text)
    Str_Len                                  0x08006871   Thumb Code    20  lib_str.o(.text)
    Str_Copy_N                               0x08006885   Thumb Code    70  lib_str.o(.text)
    Str_Copy                                 0x080068cb   Thumb Code    24  lib_str.o(.text)
    Str_Cat_N                                0x080068e3   Thumb Code    90  lib_str.o(.text)
    Str_Cat                                  0x0800693d   Thumb Code    24  lib_str.o(.text)
    Str_Cmp_N                                0x08006955   Thumb Code   156  lib_str.o(.text)
    Str_Cmp                                  0x080069f1   Thumb Code    24  lib_str.o(.text)
    Str_CmpIgnoreCase_N                      0x08006a09   Thumb Code   264  lib_str.o(.text)
    Str_CmpIgnoreCase                        0x08006b11   Thumb Code    24  lib_str.o(.text)
    Str_Char_N                               0x08006b29   Thumb Code    74  lib_str.o(.text)
    Str_Char                                 0x08006b73   Thumb Code    24  lib_str.o(.text)
    Str_Char_Last_N                          0x08006b8b   Thumb Code    76  lib_str.o(.text)
    Str_Char_Last                            0x08006bd7   Thumb Code    24  lib_str.o(.text)
    Str_Char_Replace_N                       0x08006bef   Thumb Code    52  lib_str.o(.text)
    Str_Char_Replace                         0x08006c23   Thumb Code    28  lib_str.o(.text)
    Str_Str_N                                0x08006c3f   Thumb Code   182  lib_str.o(.text)
    Str_Str                                  0x08006cf5   Thumb Code    24  lib_str.o(.text)
    Str_FmtNbr_Int32U                        0x08006ee7   Thumb Code    46  lib_str.o(.text)
    Str_FmtNbr_Int32S                        0x08006f15   Thumb Code    62  lib_str.o(.text)
    Str_ParseNbr_Int32U                      0x08007111   Thumb Code    30  lib_str.o(.text)
    Str_ParseNbr_Int32S                      0x0800712f   Thumb Code    74  lib_str.o(.text)
    Mem_Copy                                 0x0800717d   Thumb Code     0  lib_mem_a.o(.text)
    OSIdleTaskHook                           0x0800739d   Thumb Code    16  os_cpu_c.o(.text)
    OSInitHook                               0x080073ad   Thumb Code    42  os_cpu_c.o(.text)
    OSStatTaskHook                           0x080073d7   Thumb Code    16  os_cpu_c.o(.text)
    OSTaskCreateHook                         0x080073e7   Thumb Code    20  os_cpu_c.o(.text)
    OSTaskDelHook                            0x080073fb   Thumb Code    20  os_cpu_c.o(.text)
    OSTaskReturnHook                         0x0800740f   Thumb Code    20  os_cpu_c.o(.text)
    OSTaskStkInit                            0x08007423   Thumb Code   188  os_cpu_c.o(.text)
    OSTaskSwHook                             0x080074df   Thumb Code    82  os_cpu_c.o(.text)
    OSTimeTickHook                           0x08007531   Thumb Code    16  os_cpu_c.o(.text)
    OS_CPU_SysTickHandler                    0x08007541   Thumb Code    52  os_cpu_c.o(.text)
    OS_CPU_SysTickInit                       0x08007575   Thumb Code    44  os_cpu_c.o(.text)
    OSCfg_Init                               0x080075dd   Thumb Code     2  os_cfg_app.o(.text)
    OS_IdleTask                              0x080075e1   Thumb Code    60  os_core.o(.text)
    OS_IdleTaskInit                          0x0800761d   Thumb Code    68  os_core.o(.text)
    OS_RdyListInit                           0x08007661   Thumb Code    32  os_core.o(.text)
    OSInit                                   0x08007681   Thumb Code   258  os_core.o(.text)
    OSIntEnter                               0x08007783   Thumb Code    34  os_core.o(.text)
    OSIntExit                                0x080077a5   Thumb Code   192  os_core.o(.text)
    OSSched                                  0x08007865   Thumb Code   134  os_core.o(.text)
    OSSchedLock                              0x080078eb   Thumb Code   100  os_core.o(.text)
    OSSchedUnlock                            0x0800794f   Thumb Code   262  os_core.o(.text)
    OSStart                                  0x08007a55   Thumb Code    78  os_core.o(.text)
    OSVersion                                0x08007aa3   Thumb Code    12  os_core.o(.text)
    OS_PendDbgNameAdd                        0x08007aaf   Thumb Code    66  os_core.o(.text)
    OS_PendListInsertPrio                    0x08007af1   Thumb Code   102  os_core.o(.text)
    OS_PendDataInit                          0x08007b57   Thumb Code    38  os_core.o(.text)
    OS_RdyListRemove                         0x08007b7d   Thumb Code    86  os_core.o(.text)
    OS_TaskBlock                             0x08007bd3   Thumb Code    56  os_core.o(.text)
    OS_Pend                                  0x08007c0b   Thumb Code    98  os_core.o(.text)
    OS_PendListRemove1                       0x08007c6d   Thumb Code    66  os_core.o(.text)
    OS_PendListRemove                        0x08007caf   Thumb Code    48  os_core.o(.text)
    OS_PendAbort1                            0x08007cdf   Thumb Code    36  os_core.o(.text)
    OS_RdyListInsertHead                     0x08007d03   Thumb Code    58  os_core.o(.text)
    OS_RdyListInsertTail                     0x08007d3d   Thumb Code    56  os_core.o(.text)
    OS_RdyListInsert                         0x08007d75   Thumb Code    40  os_core.o(.text)
    OS_TaskRdy                               0x08007d9d   Thumb Code    28  os_core.o(.text)
    OS_PendAbort                             0x08007db9   Thumb Code   228  os_core.o(.text)
    OS_PendDbgNameRemove                     0x08007e9d   Thumb Code    34  os_core.o(.text)
    OS_PendListChangePrio                    0x08007ebf   Thumb Code    70  os_core.o(.text)
    OS_PendListInit                          0x08007f05   Thumb Code    10  os_core.o(.text)
    OS_PendListInsertHead                    0x08007f0f   Thumb Code    32  os_core.o(.text)
    OS_PendObjDel1                           0x08007f2f   Thumb Code    36  os_core.o(.text)
    OS_PendObjDel                            0x08007f53   Thumb Code   174  os_core.o(.text)
    OS_Post1                                 0x08008001   Thumb Code    42  os_core.o(.text)
    OS_Post                                  0x0800802b   Thumb Code   198  os_core.o(.text)
    OS_RdyListMoveHeadToTail                 0x080080f1   Thumb Code    68  os_core.o(.text)
    OS_Dbg_Init                              0x08008135   Thumb Code   148  os_dbg.o(.text)
    OS_FlagDbgListAdd                        0x080082e1   Thumb Code    38  os_flag.o(.text)
    OSFlagCreate                             0x08008307   Thumb Code   116  os_flag.o(.text)
    OS_FlagClr                               0x0800837b   Thumb Code    28  os_flag.o(.text)
    OS_FlagDbgListRemove                     0x08008397   Thumb Code    44  os_flag.o(.text)
    OSFlagDel                                0x080083c3   Thumb Code   304  os_flag.o(.text)
    OS_FlagBlock                             0x080084f3   Thumb Code    58  os_flag.o(.text)
    OSFlagPend                               0x0800852d   Thumb Code  1250  os_flag.o(.text)
    OSFlagPendAbort                          0x08008a0f   Thumb Code   232  os_flag.o(.text)
    OSFlagPendGetFlagsRdy                    0x08008af7   Thumb Code    86  os_flag.o(.text)
    OS_FlagTaskRdy                           0x08008b4d   Thumb Code    92  os_flag.o(.text)
    OS_FlagPost                              0x08008ba9   Thumb Code   420  os_flag.o(.text)
    OSFlagPost                               0x08008d4d   Thumb Code   110  os_flag.o(.text)
    OS_FlagInit                              0x08008dbb   Thumb Code    14  os_flag.o(.text)
    OS_MemDbgListAdd                         0x08008dd9   Thumb Code    34  os_mem.o(.text)
    OSMemCreate                              0x08008dfb   Thumb Code   232  os_mem.o(.text)
    OSMemGet                                 0x08008ee3   Thumb Code   100  os_mem.o(.text)
    OSMemPut                                 0x08008f47   Thumb Code   112  os_mem.o(.text)
    OS_MemInit                               0x08008fb7   Thumb Code    14  os_mem.o(.text)
    OS_MsgPoolInit                           0x08008fd5   Thumb Code   110  os_msg.o(.text)
    OS_MsgQFreeAll                           0x08009043   Thumb Code    62  os_msg.o(.text)
    OS_MsgQInit                              0x08009081   Thumb Code    14  os_msg.o(.text)
    OS_MsgQGet                               0x0800908f   Thumb Code    98  os_msg.o(.text)
    OS_MsgQPut                               0x080090f1   Thumb Code   250  os_msg.o(.text)
    OS_MutexDbgListAdd                       0x080091f9   Thumb Code    38  os_mutex.o(.text)
    OSMutexCreate                            0x0800921f   Thumb Code   122  os_mutex.o(.text)
    OS_MutexClr                              0x08009299   Thumb Code    38  os_mutex.o(.text)
    OS_MutexDbgListRemove                    0x080092bf   Thumb Code    44  os_mutex.o(.text)
    OSMutexDel                               0x080092eb   Thumb Code   440  os_mutex.o(.text)
    OSMutexPend                              0x080094a3   Thumb Code   616  os_mutex.o(.text)
    OSMutexPendAbort                         0x0800970b   Thumb Code   232  os_mutex.o(.text)
    OSMutexPost                              0x080097f3   Thumb Code   354  os_mutex.o(.text)
    OS_MutexInit                             0x08009955   Thumb Code    14  os_mutex.o(.text)
    OS_PrioInit                              0x0800997d   Thumb Code    20  os_prio.o(.text)
    OS_PrioGetHighest                        0x08009991   Thumb Code    36  os_prio.o(.text)
    OS_PrioInsert                            0x080099b5   Thumb Code    32  os_prio.o(.text)
    OS_PrioRemove                            0x080099d5   Thumb Code    32  os_prio.o(.text)
    OS_QDbgListAdd                           0x080099f9   Thumb Code    38  os_q.o(.text)
    OSQCreate                                0x08009a1f   Thumb Code   130  os_q.o(.text)
    OS_QClr                                  0x08009aa1   Thumb Code    40  os_q.o(.text)
    OS_QDbgListRemove                        0x08009ac9   Thumb Code    44  os_q.o(.text)
    OSQDel                                   0x08009af5   Thumb Code   304  os_q.o(.text)
    OSQFlush                                 0x08009c25   Thumb Code   106  os_q.o(.text)
    OSQPend                                  0x08009c8f   Thumb Code   482  os_q.o(.text)
    OSQPendAbort                             0x08009e71   Thumb Code   232  os_q.o(.text)
    OS_QPost                                 0x08009f59   Thumb Code   190  os_q.o(.text)
    OSQPost                                  0x0800a017   Thumb Code   140  os_q.o(.text)
    OS_QInit                                 0x0800a0a3   Thumb Code    14  os_q.o(.text)
    OS_SemDbgListAdd                         0x0800a0c5   Thumb Code    38  os_sem.o(.text)
    OSSemCreate                              0x0800a0eb   Thumb Code   116  os_sem.o(.text)
    OS_SemClr                                0x0800a15f   Thumb Code    28  os_sem.o(.text)
    OS_SemDbgListRemove                      0x0800a17b   Thumb Code    44  os_sem.o(.text)
    OSSemDel                                 0x0800a1a7   Thumb Code   304  os_sem.o(.text)
    OSSemPend                                0x0800a2d7   Thumb Code   406  os_sem.o(.text)
    OSSemPendAbort                           0x0800a46d   Thumb Code   272  os_sem.o(.text)
    OS_SemPost                               0x0800a57d   Thumb Code   294  os_sem.o(.text)
    OSSemPost                                0x0800a6a3   Thumb Code   104  os_sem.o(.text)
    OSSemSet                                 0x0800a70b   Thumb Code   120  os_sem.o(.text)
    OS_SemInit                               0x0800a783   Thumb Code    14  os_sem.o(.text)
    OSStatReset                              0x0800a7a1   Thumb Code   252  os_stat.o(.text)
    OSStatTaskCPUUsageInit                   0x0800a89d   Thumb Code   212  os_stat.o(.text)
    OS_StatTask                              0x0800a971   Thumb Code   760  os_stat.o(.text)
    OS_StatTaskInit                          0x0800ac69   Thumb Code   138  os_stat.o(.text)
    OSTaskChangePrio                         0x0800ad39   Thumb Code   274  os_task.o(.text)
    OS_TaskDbgListAdd                        0x0800ae4b   Thumb Code    42  os_task.o(.text)
    OS_TaskInitTCB                           0x0800ae75   Thumb Code   192  os_task.o(.text)
    OSTaskCreate                             0x0800af35   Thumb Code   394  os_task.o(.text)
    OS_TaskDbgListRemove                     0x0800b0bf   Thumb Code    64  os_task.o(.text)
    OSTaskDel                                0x0800b0ff   Thumb Code   318  os_task.o(.text)
    OSTaskQFlush                             0x0800b23d   Thumb Code   110  os_task.o(.text)
    OSTaskQPend                              0x0800b2ab   Thumb Code   450  os_task.o(.text)
    OSTaskQPendAbort                         0x0800b46d   Thumb Code   184  os_task.o(.text)
    OS_TaskQPost                             0x0800b525   Thumb Code   238  os_task.o(.text)
    OSTaskQPost                              0x0800b613   Thumb Code    78  os_task.o(.text)
    OSTaskRegGet                             0x0800b661   Thumb Code    78  os_task.o(.text)
    OSTaskRegGetID                           0x0800b6af   Thumb Code    84  os_task.o(.text)
    OSTaskRegSet                             0x0800b703   Thumb Code    78  os_task.o(.text)
    OS_TaskResume                            0x0800b751   Thumb Code   256  os_task.o(.text)
    OSTaskResume                             0x0800b851   Thumb Code    96  os_task.o(.text)
    OSTaskSemPend                            0x0800b8b1   Thumb Code   472  os_task.o(.text)
    OSTaskSemPendAbort                       0x0800ba89   Thumb Code   212  os_task.o(.text)
    OS_TaskSemPost                           0x0800bb5d   Thumb Code   446  os_task.o(.text)
    OSTaskSemPost                            0x0800bd1b   Thumb Code    58  os_task.o(.text)
    OSTaskSemSet                             0x0800bd55   Thumb Code    80  os_task.o(.text)
    OSTaskStkChk                             0x0800bda5   Thumb Code   212  os_task.o(.text)
    OS_TaskSuspend                           0x0800be79   Thumb Code   272  os_task.o(.text)
    OSTaskSuspend                            0x0800bf89   Thumb Code    48  os_task.o(.text)
    OS_TaskInit                              0x0800bfb9   Thumb Code    18  os_task.o(.text)
    OS_TaskReturn                            0x0800bfcb   Thumb Code    20  os_task.o(.text)
    OS_TickListRemove                        0x0800bffd   Thumb Code    56  os_tick.o(.text)
    OS_TickListUpdate                        0x0800c035   Thumb Code   374  os_tick.o(.text)
    OS_TickTask                              0x0800c1ab   Thumb Code    38  os_tick.o(.text)
    OS_TickListInit                          0x0800c1d1   Thumb Code    32  os_tick.o(.text)
    OS_TickTaskInit                          0x0800c1f1   Thumb Code   130  os_tick.o(.text)
    OS_TickListInsert                        0x0800c273   Thumb Code   430  os_tick.o(.text)
    OS_TickListResetPeak                     0x0800c421   Thumb Code    92  os_tick.o(.text)
    OSTimeDly                                0x0800c47d   Thumb Code   182  os_time.o(.text)
    OSTimeDlyHMSM                            0x0800c533   Thumb Code   394  os_time.o(.text)
    OSTimeDlyResume                          0x0800c6bd   Thumb Code   334  os_time.o(.text)
    OSTimeGet                                0x0800c80b   Thumb Code    46  os_time.o(.text)
    OSTimeSet                                0x0800c839   Thumb Code    68  os_time.o(.text)
    OSTimeTick                               0x0800c87d   Thumb Code    50  os_time.o(.text)
    OS_TmrDbgListAdd                         0x0800c8c1   Thumb Code    34  os_tmr.o(.text)
    OSTmrCreate                              0x0800c8e3   Thumb Code   192  os_tmr.o(.text)
    OS_TmrClr                                0x0800c9a3   Thumb Code    36  os_tmr.o(.text)
    OS_TmrUnlink                             0x0800c9c7   Thumb Code    72  os_tmr.o(.text)
    OS_TmrDbgListRemove                      0x0800ca0f   Thumb Code    44  os_tmr.o(.text)
    OSTmrDel                                 0x0800ca3b   Thumb Code   182  os_tmr.o(.text)
    OSTmrRemainGet                           0x0800caf1   Thumb Code   188  os_tmr.o(.text)
    OS_TmrLink                               0x0800cbad   Thumb Code   196  os_tmr.o(.text)
    OSTmrStart                               0x0800cc71   Thumb Code   212  os_tmr.o(.text)
    OSTmrStateGet                            0x0800cd45   Thumb Code   134  os_tmr.o(.text)
    OSTmrStop                                0x0800cdcb   Thumb Code   246  os_tmr.o(.text)
    OS_TmrTask                               0x0800cec1   Thumb Code   168  os_tmr.o(.text)
    OS_TmrInit                               0x0800cf69   Thumb Code   208  os_tmr.o(.text)
    OS_TmrResetPeak                          0x0800d039   Thumb Code    28  os_tmr.o(.text)
    BC7277_Init                              0x0800d30f   Thumb Code     8  key.o(.text)
    BC7277_Read                              0x0800d317   Thumb Code    74  key.o(.text)
    DispInit                                 0x0800d44b   Thumb Code    98  disp.o(.text)
    Disp_Write                               0x0800d50d   Thumb Code    78  disp.o(.text)
    Disp_WriteBits                           0x0800d55b   Thumb Code    76  disp.o(.text)
    Disp_Flush                               0x0800d5a7   Thumb Code    60  disp.o(.text)
    Disp_Flashing                            0x0800d5e3   Thumb Code    90  disp.o(.text)
    Disp_Read                                0x0800d63d   Thumb Code    18  disp.o(.text)
    parseargs                                0x0800d661   Thumb Code   180  command.o(.text)
    unparseargs                              0x0800d715   Thumb Code    48  command.o(.text)
    add_command                              0x0800d745   Thumb Code    28  command.o(.text)
    find_cmd                                 0x0800d761   Thumb Code    44  command.o(.text)
    execcmd                                  0x0800d78d   Thumb Code    44  command.o(.text)
    exec_string                              0x0800d7b9   Thumb Code    62  command.o(.text)
    execsubcmd                               0x0800d7f7   Thumb Code    64  command.o(.text)
    print_usage                              0x0800d837   Thumb Code    42  command.o(.text)
    invalid_cmd                              0x0800d861   Thumb Code    30  command.o(.text)
    command_help                             0x0800d87f   Thumb Code    90  command.o(.text)
    command_save                             0x0800d8d9   Thumb Code    14  command.o(.text)
    command_reset                            0x0800d8e7   Thumb Code    40  command.o(.text)
    command_bc7281_opt                       0x0800d90f   Thumb Code   282  command.o(.text)
    command_fire_config                      0x0800da29   Thumb Code   718  command.o(.text)
    init_builtin_cmds                        0x0800dcf7   Thumb Code    36  command.o(.text)
    getcmd                                   0x0800dd31   Thumb Code   186  getcmd.o(.text)
    putnstr                                  0x0800ddf1   Thumb Code    38  string.o(.text)
    putstr                                   0x0800de17   Thumb Code    22  string.o(.text)
    u32todecimal                             0x0800de2d   Thumb Code    78  string.o(.text)
    binarytohex                              0x0800de7b   Thumb Code    68  string.o(.text)
    stringtoul                               0x0800debf   Thumb Code   146  string.o(.text)
    putstr_hex                               0x0800df51   Thumb Code    36  string.o(.text)
    hex_dump                                 0x0800df75   Thumb Code   226  string.o(.text)
    serial_terminal                          0x0800e085   Thumb Code   138  term.o(.text)
    strnlen                                  0x0800e285   Thumb Code    30  printk.o(.text)
    printk                                   0x0800e48b   Thumb Code    72  printk.o(.text)
    NVIC_PriorityGroupConfig                 0x0800e52d   Thumb Code    10  misc.o(.text)
    NVIC_Init                                0x0800e537   Thumb Code   102  misc.o(.text)
    NVIC_SetVectorTable                      0x0800e59d   Thumb Code    14  misc.o(.text)
    NVIC_SystemLPConfig                      0x0800e5ab   Thumb Code    34  misc.o(.text)
    SysTick_CLKSourceConfig                  0x0800e5cd   Thumb Code    40  misc.o(.text)
    EXTI_DeInit                              0x0800e609   Thumb Code    28  stm32f10x_exti.o(.text)
    EXTI_Init                                0x0800e625   Thumb Code   142  stm32f10x_exti.o(.text)
    EXTI_StructInit                          0x0800e6b3   Thumb Code    16  stm32f10x_exti.o(.text)
    EXTI_GenerateSWInterrupt                 0x0800e6c3   Thumb Code    16  stm32f10x_exti.o(.text)
    EXTI_GetFlagStatus                       0x0800e6d3   Thumb Code    22  stm32f10x_exti.o(.text)
    EXTI_ClearFlag                           0x0800e6e9   Thumb Code     8  stm32f10x_exti.o(.text)
    EXTI_GetITStatus                         0x0800e6f1   Thumb Code    34  stm32f10x_exti.o(.text)
    EXTI_ClearITPendingBit                   0x0800e713   Thumb Code     8  stm32f10x_exti.o(.text)
    FLASH_SetLatency                         0x0800e725   Thumb Code    18  stm32f10x_flash.o(.text)
    FLASH_HalfCycleAccessCmd                 0x0800e737   Thumb Code    22  stm32f10x_flash.o(.text)
    FLASH_PrefetchBufferCmd                  0x0800e74d   Thumb Code    22  stm32f10x_flash.o(.text)
    FLASH_Unlock                             0x0800e763   Thumb Code    12  stm32f10x_flash.o(.text)
    FLASH_UnlockBank1                        0x0800e76f   Thumb Code    12  stm32f10x_flash.o(.text)
    FLASH_Lock                               0x0800e77b   Thumb Code    14  stm32f10x_flash.o(.text)
    FLASH_LockBank1                          0x0800e789   Thumb Code    14  stm32f10x_flash.o(.text)
    FLASH_GetBank1Status                     0x0800e797   Thumb Code    48  stm32f10x_flash.o(.text)
    FLASH_WaitForLastOperation               0x0800e7c7   Thumb Code    38  stm32f10x_flash.o(.text)
    FLASH_ErasePage                          0x0800e7ed   Thumb Code    72  stm32f10x_flash.o(.text)
    FLASH_EraseAllPages                      0x0800e835   Thumb Code    68  stm32f10x_flash.o(.text)
    FLASH_WaitForLastBank1Operation          0x0800e879   Thumb Code    38  stm32f10x_flash.o(.text)
    FLASH_EraseAllBank1Pages                 0x0800e89f   Thumb Code    68  stm32f10x_flash.o(.text)
    FLASH_GetReadOutProtectionStatus         0x0800e8e3   Thumb Code    20  stm32f10x_flash.o(.text)
    FLASH_EraseOptionBytes                   0x0800e8f7   Thumb Code   150  stm32f10x_flash.o(.text)
    FLASH_ProgramWord                        0x0800e98d   Thumb Code   102  stm32f10x_flash.o(.text)
    FLASH_ProgramHalfWord                    0x0800e9f3   Thumb Code    60  stm32f10x_flash.o(.text)
    FLASH_ProgramOptionByteData              0x0800ea2f   Thumb Code    72  stm32f10x_flash.o(.text)
    FLASH_EnableWriteProtection              0x0800ea77   Thumb Code   200  stm32f10x_flash.o(.text)
    FLASH_ReadOutProtection                  0x0800eb3f   Thumb Code   156  stm32f10x_flash.o(.text)
    FLASH_UserOptionByteConfig               0x0800ebdb   Thumb Code    88  stm32f10x_flash.o(.text)
    FLASH_GetUserOptionByte                  0x0800ec33   Thumb Code     8  stm32f10x_flash.o(.text)
    FLASH_GetWriteProtectionOptionByte       0x0800ec3b   Thumb Code     6  stm32f10x_flash.o(.text)
    FLASH_GetPrefetchBufferStatus            0x0800ec41   Thumb Code    20  stm32f10x_flash.o(.text)
    FLASH_ITConfig                           0x0800ec55   Thumb Code    26  stm32f10x_flash.o(.text)
    FLASH_GetFlagStatus                      0x0800ec6f   Thumb Code    42  stm32f10x_flash.o(.text)
    FLASH_ClearFlag                          0x0800ec99   Thumb Code     6  stm32f10x_flash.o(.text)
    FLASH_GetStatus                          0x0800ec9f   Thumb Code    48  stm32f10x_flash.o(.text)
    GPIO_DeInit                              0x0800ece1   Thumb Code   172  stm32f10x_gpio.o(.text)
    GPIO_AFIODeInit                          0x0800ed8d   Thumb Code    20  stm32f10x_gpio.o(.text)
    GPIO_Init                                0x0800eda1   Thumb Code   274  stm32f10x_gpio.o(.text)
    GPIO_StructInit                          0x0800eeb3   Thumb Code    16  stm32f10x_gpio.o(.text)
    GPIO_ReadInputDataBit                    0x0800eec3   Thumb Code    18  stm32f10x_gpio.o(.text)
    GPIO_ReadInputData                       0x0800eed5   Thumb Code     8  stm32f10x_gpio.o(.text)
    GPIO_ReadOutputDataBit                   0x0800eedd   Thumb Code    18  stm32f10x_gpio.o(.text)
    GPIO_ReadOutputData                      0x0800eeef   Thumb Code     8  stm32f10x_gpio.o(.text)
    GPIO_SetBits                             0x0800eef7   Thumb Code     4  stm32f10x_gpio.o(.text)
    GPIO_ResetBits                           0x0800eefb   Thumb Code     4  stm32f10x_gpio.o(.text)
    GPIO_WriteBit                            0x0800eeff   Thumb Code    10  stm32f10x_gpio.o(.text)
    GPIO_Write                               0x0800ef09   Thumb Code     4  stm32f10x_gpio.o(.text)
    GPIO_PinLockConfig                       0x0800ef0d   Thumb Code    18  stm32f10x_gpio.o(.text)
    GPIO_EventOutputConfig                   0x0800ef1f   Thumb Code    26  stm32f10x_gpio.o(.text)
    GPIO_EventOutputCmd                      0x0800ef39   Thumb Code     6  stm32f10x_gpio.o(.text)
    GPIO_PinRemapConfig                      0x0800ef3f   Thumb Code   138  stm32f10x_gpio.o(.text)
    GPIO_EXTILineConfig                      0x0800efc9   Thumb Code    66  stm32f10x_gpio.o(.text)
    GPIO_ETH_MediaInterfaceConfig            0x0800f00b   Thumb Code     6  stm32f10x_gpio.o(.text)
    RCC_DeInit                               0x0800f039   Thumb Code    64  stm32f10x_rcc.o(.text)
    RCC_HSEConfig                            0x0800f079   Thumb Code    70  stm32f10x_rcc.o(.text)
    RCC_GetFlagStatus                        0x0800f0bf   Thumb Code    56  stm32f10x_rcc.o(.text)
    RCC_WaitForHSEStartUp                    0x0800f0f7   Thumb Code    56  stm32f10x_rcc.o(.text)
    RCC_AdjustHSICalibrationValue            0x0800f12f   Thumb Code    20  stm32f10x_rcc.o(.text)
    RCC_HSICmd                               0x0800f143   Thumb Code     6  stm32f10x_rcc.o(.text)
    RCC_PLLConfig                            0x0800f149   Thumb Code    24  stm32f10x_rcc.o(.text)
    RCC_PLLCmd                               0x0800f161   Thumb Code     6  stm32f10x_rcc.o(.text)
    RCC_SYSCLKConfig                         0x0800f167   Thumb Code    18  stm32f10x_rcc.o(.text)
    RCC_GetSYSCLKSource                      0x0800f179   Thumb Code    10  stm32f10x_rcc.o(.text)
    RCC_HCLKConfig                           0x0800f183   Thumb Code    18  stm32f10x_rcc.o(.text)
    RCC_PCLK1Config                          0x0800f195   Thumb Code    18  stm32f10x_rcc.o(.text)
    RCC_PCLK2Config                          0x0800f1a7   Thumb Code    20  stm32f10x_rcc.o(.text)
    RCC_ITConfig                             0x0800f1bb   Thumb Code    26  stm32f10x_rcc.o(.text)
    RCC_USBCLKConfig                         0x0800f1d5   Thumb Code     6  stm32f10x_rcc.o(.text)
    RCC_ADCCLKConfig                         0x0800f1db   Thumb Code    18  stm32f10x_rcc.o(.text)
    RCC_LSEConfig                            0x0800f1ed   Thumb Code    44  stm32f10x_rcc.o(.text)
    RCC_LSICmd                               0x0800f219   Thumb Code     6  stm32f10x_rcc.o(.text)
    RCC_RTCCLKConfig                         0x0800f21f   Thumb Code    12  stm32f10x_rcc.o(.text)
    RCC_RTCCLKCmd                            0x0800f22b   Thumb Code     8  stm32f10x_rcc.o(.text)
    RCC_GetClocksFreq                        0x0800f233   Thumb Code   192  stm32f10x_rcc.o(.text)
    RCC_AHBPeriphClockCmd                    0x0800f2f3   Thumb Code    26  stm32f10x_rcc.o(.text)
    RCC_APB2PeriphClockCmd                   0x0800f30d   Thumb Code    26  stm32f10x_rcc.o(.text)
    RCC_APB1PeriphClockCmd                   0x0800f327   Thumb Code    26  stm32f10x_rcc.o(.text)
    RCC_APB2PeriphResetCmd                   0x0800f341   Thumb Code    26  stm32f10x_rcc.o(.text)
    RCC_APB1PeriphResetCmd                   0x0800f35b   Thumb Code    26  stm32f10x_rcc.o(.text)
    RCC_BackupResetCmd                       0x0800f375   Thumb Code     8  stm32f10x_rcc.o(.text)
    RCC_ClockSecuritySystemCmd               0x0800f37d   Thumb Code     6  stm32f10x_rcc.o(.text)
    RCC_MCOConfig                            0x0800f383   Thumb Code     6  stm32f10x_rcc.o(.text)
    RCC_ClearFlag                            0x0800f389   Thumb Code    14  stm32f10x_rcc.o(.text)
    RCC_GetITStatus                          0x0800f397   Thumb Code    20  stm32f10x_rcc.o(.text)
    RCC_ClearITPendingBit                    0x0800f3ab   Thumb Code     6  stm32f10x_rcc.o(.text)
    SPI_I2S_DeInit                           0x0800f3e5   Thumb Code    76  stm32f10x_spi.o(.text)
    SPI_Init                                 0x0800f431   Thumb Code    60  stm32f10x_spi.o(.text)
    I2S_Init                                 0x0800f46d   Thumb Code   226  stm32f10x_spi.o(.text)
    SPI_StructInit                           0x0800f54f   Thumb Code    24  stm32f10x_spi.o(.text)
    I2S_StructInit                           0x0800f567   Thumb Code    20  stm32f10x_spi.o(.text)
    SPI_Cmd                                  0x0800f57b   Thumb Code    24  stm32f10x_spi.o(.text)
    I2S_Cmd                                  0x0800f593   Thumb Code    24  stm32f10x_spi.o(.text)
    SPI_I2S_ITConfig                         0x0800f5ab   Thumb Code    32  stm32f10x_spi.o(.text)
    SPI_I2S_DMACmd                           0x0800f5cb   Thumb Code    18  stm32f10x_spi.o(.text)
    SPI_I2S_SendData                         0x0800f5dd   Thumb Code     4  stm32f10x_spi.o(.text)
    SPI_I2S_ReceiveData                      0x0800f5e1   Thumb Code     6  stm32f10x_spi.o(.text)
    SPI_NSSInternalSoftwareConfig            0x0800f5e7   Thumb Code    30  stm32f10x_spi.o(.text)
    SPI_SSOutputCmd                          0x0800f605   Thumb Code    24  stm32f10x_spi.o(.text)
    SPI_DataSizeConfig                       0x0800f61d   Thumb Code    18  stm32f10x_spi.o(.text)
    SPI_TransmitCRC                          0x0800f62f   Thumb Code    10  stm32f10x_spi.o(.text)
    SPI_CalculateCRC                         0x0800f639   Thumb Code    24  stm32f10x_spi.o(.text)
    SPI_GetCRC                               0x0800f651   Thumb Code    16  stm32f10x_spi.o(.text)
    SPI_GetCRCPolynomial                     0x0800f661   Thumb Code     6  stm32f10x_spi.o(.text)
    SPI_BiDirectionalLineConfig              0x0800f667   Thumb Code    28  stm32f10x_spi.o(.text)
    SPI_I2S_GetFlagStatus                    0x0800f683   Thumb Code    18  stm32f10x_spi.o(.text)
    SPI_I2S_ClearFlag                        0x0800f695   Thumb Code     6  stm32f10x_spi.o(.text)
    SPI_I2S_GetITStatus                      0x0800f69b   Thumb Code    52  stm32f10x_spi.o(.text)
    SPI_I2S_ClearITPendingBit                0x0800f6cf   Thumb Code    20  stm32f10x_spi.o(.text)
    USART_DeInit                             0x0800f6f1   Thumb Code   134  stm32f10x_usart.o(.text)
    USART_Init                               0x0800f777   Thumb Code   210  stm32f10x_usart.o(.text)
    USART_StructInit                         0x0800f849   Thumb Code    24  stm32f10x_usart.o(.text)
    USART_ClockInit                          0x0800f861   Thumb Code    34  stm32f10x_usart.o(.text)
    USART_ClockStructInit                    0x0800f883   Thumb Code    12  stm32f10x_usart.o(.text)
    USART_Cmd                                0x0800f88f   Thumb Code    24  stm32f10x_usart.o(.text)
    USART_ITConfig                           0x0800f8a7   Thumb Code    74  stm32f10x_usart.o(.text)
    USART_DMACmd                             0x0800f8f1   Thumb Code    18  stm32f10x_usart.o(.text)
    USART_SetAddress                         0x0800f903   Thumb Code    18  stm32f10x_usart.o(.text)
    USART_WakeUpConfig                       0x0800f915   Thumb Code    18  stm32f10x_usart.o(.text)
    USART_ReceiverWakeUpCmd                  0x0800f927   Thumb Code    24  stm32f10x_usart.o(.text)
    USART_LINBreakDetectLengthConfig         0x0800f93f   Thumb Code    18  stm32f10x_usart.o(.text)
    USART_LINCmd                             0x0800f951   Thumb Code    24  stm32f10x_usart.o(.text)
    USART_SendData                           0x0800f969   Thumb Code     8  stm32f10x_usart.o(.text)
    USART_ReceiveData                        0x0800f971   Thumb Code    10  stm32f10x_usart.o(.text)
    USART_SendBreak                          0x0800f97b   Thumb Code    10  stm32f10x_usart.o(.text)
    USART_SetGuardTime                       0x0800f985   Thumb Code    16  stm32f10x_usart.o(.text)
    USART_SetPrescaler                       0x0800f995   Thumb Code    16  stm32f10x_usart.o(.text)
    USART_SmartCardCmd                       0x0800f9a5   Thumb Code    24  stm32f10x_usart.o(.text)
    USART_SmartCardNACKCmd                   0x0800f9bd   Thumb Code    24  stm32f10x_usart.o(.text)
    USART_HalfDuplexCmd                      0x0800f9d5   Thumb Code    24  stm32f10x_usart.o(.text)
    USART_OverSampling8Cmd                   0x0800f9ed   Thumb Code    22  stm32f10x_usart.o(.text)
    USART_OneBitMethodCmd                    0x0800fa03   Thumb Code    24  stm32f10x_usart.o(.text)
    USART_IrDAConfig                         0x0800fa1b   Thumb Code    18  stm32f10x_usart.o(.text)
    USART_IrDACmd                            0x0800fa2d   Thumb Code    24  stm32f10x_usart.o(.text)
    USART_GetFlagStatus                      0x0800fa45   Thumb Code    26  stm32f10x_usart.o(.text)
    USART_ClearFlag                          0x0800fa5f   Thumb Code    18  stm32f10x_usart.o(.text)
    USART_GetITStatus                        0x0800fa71   Thumb Code    84  stm32f10x_usart.o(.text)
    USART_ClearITPendingBit                  0x0800fac5   Thumb Code    52  stm32f10x_usart.o(.text)
    __aeabi_memcpy                           0x0800faf9   Thumb Code    36  memcpya.o(.text)
    __aeabi_memcpy4                          0x0800faf9   Thumb Code     0  memcpya.o(.text)
    __aeabi_memcpy8                          0x0800faf9   Thumb Code     0  memcpya.o(.text)
    __aeabi_uidiv                            0x0800fb1d   Thumb Code     0  uidiv.o(.text)
    __aeabi_uidivmod                         0x0800fb1d   Thumb Code    44  uidiv.o(.text)
    __aeabi_uldivmod                         0x0800fb49   Thumb Code    98  uldiv.o(.text)
    __I$use$fp                               0x0800fbab   Thumb Code     0  iusefp.o(.text)
    __aeabi_dadd                             0x0800fbab   Thumb Code   322  dadd.o(.text)
    __aeabi_dsub                             0x0800fced   Thumb Code     6  dadd.o(.text)
    __aeabi_drsub                            0x0800fcf3   Thumb Code     6  dadd.o(.text)
    __aeabi_dmul                             0x0800fcf9   Thumb Code   228  dmul.o(.text)
    __aeabi_ddiv                             0x0800fddd   Thumb Code   222  ddiv.o(.text)
    __aeabi_d2ulz                            0x0800febb   Thumb Code    48  dfixul.o(.text)
    __aeabi_cdrcmple                         0x0800feed   Thumb Code    38  cdrcmple.o(.text)
    __scatterload                            0x0800ff15   Thumb Code    28  init.o(.text)
    __scatterload_rt2                        0x0800ff15   Thumb Code     0  init.o(.text)
    __aeabi_llsl                             0x0800ff39   Thumb Code    30  llshl.o(.text)
    _ll_shift_l                              0x0800ff39   Thumb Code     0  llshl.o(.text)
    __aeabi_llsr                             0x0800ff57   Thumb Code    32  llushr.o(.text)
    _ll_ushift_r                             0x0800ff57   Thumb Code     0  llushr.o(.text)
    __aeabi_lasr                             0x0800ff77   Thumb Code    36  llsshr.o(.text)
    _ll_sshift_r                             0x0800ff77   Thumb Code     0  llsshr.o(.text)
    _double_round                            0x0800ff9b   Thumb Code    26  depilogue.o(.text)
    _double_epilogue                         0x0800ffb5   Thumb Code   164  depilogue.o(.text)
    __decompress                             0x08010059   Thumb Code     0  __dczerorl2.o(.text)
    __decompress1                            0x08010059   Thumb Code    92  __dczerorl2.o(.text)
    OSStartHighRdy                           0x080100b5   Thumb Code     0  os_cpu_a.o(CODE)
    OS_CPU_PendSVHandler                     0x080100d7   Thumb Code     0  os_cpu_a.o(CODE)
    __0vsnprintf                             0x08010139   Thumb Code    32  printfa.o(i.__0vsnprintf)
    __1vsnprintf                             0x08010139   Thumb Code     0  printfa.o(i.__0vsnprintf)
    __2vsnprintf                             0x08010139   Thumb Code     0  printfa.o(i.__0vsnprintf)
    __c89vsnprintf                           0x08010139   Thumb Code     0  printfa.o(i.__0vsnprintf)
    vsnprintf                                0x08010139   Thumb Code     0  printfa.o(i.__0vsnprintf)
    __scatterload_copy                       0x0801015d   Thumb Code    14  handlers.o(i.__scatterload_copy)
    __scatterload_null                       0x0801016b   Thumb Code     2  handlers.o(i.__scatterload_null)
    __scatterload_zeroinit                   0x0801016d   Thumb Code    14  handlers.o(i.__scatterload_zeroinit)
    FillStr                                  0x08010af4   Data        1000  app.o(.constdata)
    fillstr                                  0x08010edc   Data         156  app.o(.constdata)
    OSCfg_IdleTaskStkBasePtr                 0x0801110c   Data           4  os_cfg_app.o(.constdata)
    OSCfg_IdleTaskStkLimit                   0x08011110   Data           4  os_cfg_app.o(.constdata)
    OSCfg_IdleTaskStkSize                    0x08011114   Data           4  os_cfg_app.o(.constdata)
    OSCfg_IdleTaskStkSizeRAM                 0x08011118   Data           4  os_cfg_app.o(.constdata)
    OSCfg_IntQBasePtr                        0x0801111c   Data           4  os_cfg_app.o(.constdata)
    OSCfg_IntQSize                           0x08011120   Data           2  os_cfg_app.o(.constdata)
    OSCfg_IntQSizeRAM                        0x08011124   Data           4  os_cfg_app.o(.constdata)
    OSCfg_IntQTaskStkBasePtr                 0x08011128   Data           4  os_cfg_app.o(.constdata)
    OSCfg_IntQTaskStkLimit                   0x0801112c   Data           4  os_cfg_app.o(.constdata)
    OSCfg_IntQTaskStkSize                    0x08011130   Data           4  os_cfg_app.o(.constdata)
    OSCfg_IntQTaskStkSizeRAM                 0x08011134   Data           4  os_cfg_app.o(.constdata)
    OSCfg_ISRStkBasePtr                      0x08011138   Data           4  os_cfg_app.o(.constdata)
    OSCfg_ISRStkSize                         0x0801113c   Data           4  os_cfg_app.o(.constdata)
    OSCfg_ISRStkSizeRAM                      0x08011140   Data           4  os_cfg_app.o(.constdata)
    OSCfg_MsgPoolSize                        0x08011144   Data           2  os_cfg_app.o(.constdata)
    OSCfg_MsgPoolSizeRAM                     0x08011148   Data           4  os_cfg_app.o(.constdata)
    OSCfg_MsgPoolBasePtr                     0x0801114c   Data           4  os_cfg_app.o(.constdata)
    OSCfg_StatTaskPrio                       0x08011150   Data           1  os_cfg_app.o(.constdata)
    OSCfg_StatTaskRate_Hz                    0x08011154   Data           4  os_cfg_app.o(.constdata)
    OSCfg_StatTaskStkBasePtr                 0x08011158   Data           4  os_cfg_app.o(.constdata)
    OSCfg_StatTaskStkLimit                   0x0801115c   Data           4  os_cfg_app.o(.constdata)
    OSCfg_StatTaskStkSize                    0x08011160   Data           4  os_cfg_app.o(.constdata)
    OSCfg_StatTaskStkSizeRAM                 0x08011164   Data           4  os_cfg_app.o(.constdata)
    OSCfg_StkSizeMin                         0x08011168   Data           4  os_cfg_app.o(.constdata)
    OSCfg_TickRate_Hz                        0x0801116c   Data           4  os_cfg_app.o(.constdata)
    OSCfg_TickTaskPrio                       0x08011170   Data           1  os_cfg_app.o(.constdata)
    OSCfg_TickTaskStkBasePtr                 0x08011174   Data           4  os_cfg_app.o(.constdata)
    OSCfg_TickTaskStkLimit                   0x08011178   Data           4  os_cfg_app.o(.constdata)
    OSCfg_TickTaskStkSize                    0x0801117c   Data           4  os_cfg_app.o(.constdata)
    OSCfg_TickTaskStkSizeRAM                 0x08011180   Data           4  os_cfg_app.o(.constdata)
    OSCfg_TickWheelSize                      0x08011184   Data           2  os_cfg_app.o(.constdata)
    OSCfg_TickWheelSizeRAM                   0x08011188   Data           4  os_cfg_app.o(.constdata)
    OSCfg_TmrTaskPrio                        0x0801118c   Data           1  os_cfg_app.o(.constdata)
    OSCfg_TmrTaskRate_Hz                     0x08011190   Data           4  os_cfg_app.o(.constdata)
    OSCfg_TmrTaskStkBasePtr                  0x08011194   Data           4  os_cfg_app.o(.constdata)
    OSCfg_TmrTaskStkLimit                    0x08011198   Data           4  os_cfg_app.o(.constdata)
    OSCfg_TmrTaskStkSize                     0x0801119c   Data           4  os_cfg_app.o(.constdata)
    OSCfg_TmrTaskStkSizeRAM                  0x080111a0   Data           4  os_cfg_app.o(.constdata)
    OSCfg_TmrWheelSize                       0x080111a4   Data           2  os_cfg_app.o(.constdata)
    OSCfg_TmrWheelSizeRAM                    0x080111a8   Data           4  os_cfg_app.o(.constdata)
    OSCfg_DataSizeRAM                        0x080111ac   Data           4  os_cfg_app.o(.constdata)
    OSDbg_DbgEn                              0x080111b0   Data           1  os_dbg.o(.constdata)
    OSDbg_ArgChkEn                           0x080111b1   Data           1  os_dbg.o(.constdata)
    OSDbg_AppHooksEn                         0x080111b2   Data           1  os_dbg.o(.constdata)
    OSDbg_EndiannessTest                     0x080111b4   Data           4  os_dbg.o(.constdata)
    OSDbg_CalledFromISRChkEn                 0x080111b8   Data           1  os_dbg.o(.constdata)
    OSDbg_FlagEn                             0x080111b9   Data           1  os_dbg.o(.constdata)
    OSDbg_FlagGrp                            0x080111bc   Data          40  os_dbg.o(.constdata)
    OSDbg_FlagDelEn                          0x080111e4   Data           1  os_dbg.o(.constdata)
    OSDbg_FlagModeClrEn                      0x080111e5   Data           1  os_dbg.o(.constdata)
    OSDbg_FlagPendAbortEn                    0x080111e6   Data           1  os_dbg.o(.constdata)
    OSDbg_FlagGrpSize                        0x080111e8   Data           2  os_dbg.o(.constdata)
    OSDbg_FlagWidth                          0x080111ea   Data           2  os_dbg.o(.constdata)
    OSDbg_IntQ                               0x080111ec   Data           2  os_dbg.o(.constdata)
    OSDbg_ISRPostDeferredEn                  0x080111ee   Data           1  os_dbg.o(.constdata)
    OSDbg_Mem                                0x080111f0   Data          32  os_dbg.o(.constdata)
    OSDbg_MemEn                              0x08011210   Data           1  os_dbg.o(.constdata)
    OSDbg_MemSize                            0x08011212   Data           2  os_dbg.o(.constdata)
    OSDbg_MsgEn                              0x08011214   Data           1  os_dbg.o(.constdata)
    OSDbg_MsgSize                            0x08011216   Data           2  os_dbg.o(.constdata)
    OSDbg_MsgPoolSize                        0x08011218   Data           2  os_dbg.o(.constdata)
    OSDbg_MsgQSize                           0x0801121a   Data           2  os_dbg.o(.constdata)
    OSDbg_Mutex                              0x0801121c   Data          44  os_dbg.o(.constdata)
    OSDbg_MutexEn                            0x08011248   Data           1  os_dbg.o(.constdata)
    OSDbg_MutexDelEn                         0x08011249   Data           1  os_dbg.o(.constdata)
    OSDbg_MutexPendAbortEn                   0x0801124a   Data           1  os_dbg.o(.constdata)
    OSDbg_MutexSize                          0x0801124c   Data           2  os_dbg.o(.constdata)
    OSDbg_ObjTypeChkEn                       0x0801124e   Data           1  os_dbg.o(.constdata)
    OSDbg_PendMultiEn                        0x0801124f   Data           1  os_dbg.o(.constdata)
    OSDbg_PendDataSize                       0x08011250   Data           2  os_dbg.o(.constdata)
    OSDbg_PendListSize                       0x08011252   Data           2  os_dbg.o(.constdata)
    OSDbg_PendObjSize                        0x08011254   Data           2  os_dbg.o(.constdata)
    OSDbg_PrioMax                            0x08011256   Data           2  os_dbg.o(.constdata)
    OSDbg_PrioTblSize                        0x08011258   Data           2  os_dbg.o(.constdata)
    OSDbg_PtrSize                            0x0801125a   Data           2  os_dbg.o(.constdata)
    OSDbg_Q                                  0x0801125c   Data          48  os_dbg.o(.constdata)
    OSDbg_QEn                                0x0801128c   Data           1  os_dbg.o(.constdata)
    OSDbg_QDelEn                             0x0801128d   Data           1  os_dbg.o(.constdata)
    OSDbg_QFlushEn                           0x0801128e   Data           1  os_dbg.o(.constdata)
    OSDbg_QPendAbortEn                       0x0801128f   Data           1  os_dbg.o(.constdata)
    OSDbg_QSize                              0x08011290   Data           2  os_dbg.o(.constdata)
    OSDbg_SchedRoundRobinEn                  0x08011292   Data           1  os_dbg.o(.constdata)
    OSDbg_Sem                                0x08011294   Data          40  os_dbg.o(.constdata)
    OSDbg_SemEn                              0x080112bc   Data           1  os_dbg.o(.constdata)
    OSDbg_SemDelEn                           0x080112bd   Data           1  os_dbg.o(.constdata)
    OSDbg_SemPendAbortEn                     0x080112be   Data           1  os_dbg.o(.constdata)
    OSDbg_SemSetEn                           0x080112bf   Data           1  os_dbg.o(.constdata)
    OSDbg_SemSize                            0x080112c0   Data           2  os_dbg.o(.constdata)
    OSDbg_RdyList                            0x080112c2   Data           2  os_dbg.o(.constdata)
    OSDbg_RdyListSize                        0x080112c4   Data           4  os_dbg.o(.constdata)
    OSDbg_StkWidth                           0x080112c8   Data           1  os_dbg.o(.constdata)
    OSDbg_StatTaskEn                         0x080112c9   Data           1  os_dbg.o(.constdata)
    OSDbg_StatTaskStkChkEn                   0x080112ca   Data           1  os_dbg.o(.constdata)
    OSDbg_TaskChangePrioEn                   0x080112cb   Data           1  os_dbg.o(.constdata)
    OSDbg_TaskDelEn                          0x080112cc   Data           1  os_dbg.o(.constdata)
    OSDbg_TaskQEn                            0x080112cd   Data           1  os_dbg.o(.constdata)
    OSDbg_TaskQPendAbortEn                   0x080112ce   Data           1  os_dbg.o(.constdata)
    OSDbg_TaskProfileEn                      0x080112cf   Data           1  os_dbg.o(.constdata)
    OSDbg_TaskRegTblSize                     0x080112d0   Data           2  os_dbg.o(.constdata)
    OSDbg_TaskSemPendAbortEn                 0x080112d2   Data           1  os_dbg.o(.constdata)
    OSDbg_TaskSuspendEn                      0x080112d3   Data           1  os_dbg.o(.constdata)
    OSDbg_TCBSize                            0x080112d4   Data           2  os_dbg.o(.constdata)
    OSDbg_TickSpokeSize                      0x080112d6   Data           2  os_dbg.o(.constdata)
    OSDbg_TimeDlyHMSMEn                      0x080112d8   Data           1  os_dbg.o(.constdata)
    OSDbg_TimeDlyResumeEn                    0x080112d9   Data           1  os_dbg.o(.constdata)
    OSDbg_TLS_TblSize                        0x080112da   Data           2  os_dbg.o(.constdata)
    OSDbg_Tmr                                0x080112dc   Data          52  os_dbg.o(.constdata)
    OSDbg_TmrEn                              0x08011310   Data           1  os_dbg.o(.constdata)
    OSDbg_TmrDelEn                           0x08011311   Data           1  os_dbg.o(.constdata)
    OSDbg_TmrSize                            0x08011312   Data           2  os_dbg.o(.constdata)
    OSDbg_TmrSpokeSize                       0x08011314   Data           2  os_dbg.o(.constdata)
    OSDbg_VersionNbr                         0x08011316   Data           2  os_dbg.o(.constdata)
    OSDbg_DataSize                           0x08011318   Data           4  os_dbg.o(.constdata)
    verst                                    0x08011365   Data           9  term.o(.constdata)
    versd                                    0x0801136e   Data          12  term.o(.constdata)
    password                                 0x0801137a   Data           5  term.o(.constdata)
    iappassword                              0x0801137f   Data          11  term.o(.constdata)
    Region$$Table$$Base                      0x08011450   Number         0  anon$$obj.o(Region$$Table)
    Region$$Table$$Limit                     0x08011470   Number         0  anon$$obj.o(Region$$Table)
    BSP_CPU_ClkFreq_MHz                      0x20000014   Data           4  bsp.o(.data)
    CPU_TS_TmrFreq_Hz                        0x20000030   Data           4  cpu_core.o(.data)
    Math_RandSeedCur                         0x20000034   Data           4  lib_math.o(.data)
    Mem_PoolTbl                              0x20000038   Data           4  lib_mem.o(.data)
    OS_CPU_ExceptStkBase                     0x2000003c   Data           4  os_cpu_c.o(.data)
    OSPrioTbl                                0x20000040   Data           4  os_prio.o(.data)
    OS_AppTaskCreateHookPtr                  0x20000044   Data           4  os_var.o(.data)
    OS_AppTaskDelHookPtr                     0x20000048   Data           4  os_var.o(.data)
    OS_AppTaskReturnHookPtr                  0x2000004c   Data           4  os_var.o(.data)
    OS_AppIdleTaskHookPtr                    0x20000050   Data           4  os_var.o(.data)
    OS_AppStatTaskHookPtr                    0x20000054   Data           4  os_var.o(.data)
    OS_AppTaskSwHookPtr                      0x20000058   Data           4  os_var.o(.data)
    OS_AppTimeTickHookPtr                    0x2000005c   Data           4  os_var.o(.data)
    OSIdleTaskCtr                            0x20000060   Data           4  os_var.o(.data)
    OSIntNestingCtr                          0x20000064   Data           1  os_var.o(.data)
    OSRunning                                0x20000065   Data           1  os_var.o(.data)
    OSFlagDbgListPtr                         0x20000068   Data           4  os_var.o(.data)
    OSFlagQty                                0x2000006c   Data           2  os_var.o(.data)
    OSMemDbgListPtr                          0x20000070   Data           4  os_var.o(.data)
    OSMemQty                                 0x20000074   Data           2  os_var.o(.data)
    OSMutexDbgListPtr                        0x20000078   Data           4  os_var.o(.data)
    OSMutexQty                               0x2000007c   Data           2  os_var.o(.data)
    OSPrioCur                                0x2000007e   Data           1  os_var.o(.data)
    OSPrioHighRdy                            0x2000007f   Data           1  os_var.o(.data)
    OSPrioSaved                              0x20000080   Data           1  os_var.o(.data)
    OSQDbgListPtr                            0x20000084   Data           4  os_var.o(.data)
    OSQQty                                   0x20000088   Data           2  os_var.o(.data)
    OSSchedLockNestingCtr                    0x2000008a   Data           1  os_var.o(.data)
    OSSemDbgListPtr                          0x2000008c   Data           4  os_var.o(.data)
    OSSemQty                                 0x20000090   Data           2  os_var.o(.data)
    OSStatResetFlag                          0x20000092   Data           1  os_var.o(.data)
    OSStatTaskCPUUsage                       0x20000094   Data           2  os_var.o(.data)
    OSStatTaskCPUUsageMax                    0x20000096   Data           2  os_var.o(.data)
    OSStatTaskCtr                            0x20000098   Data           4  os_var.o(.data)
    OSStatTaskCtrMax                         0x2000009c   Data           4  os_var.o(.data)
    OSStatTaskCtrRun                         0x200000a0   Data           4  os_var.o(.data)
    OSStatTaskRdy                            0x200000a4   Data           1  os_var.o(.data)
    OSStatTaskTimeMax                        0x200000a8   Data           4  os_var.o(.data)
    OSTaskCtxSwCtr                           0x200000ac   Data           4  os_var.o(.data)
    OSTaskDbgListPtr                         0x200000b0   Data           4  os_var.o(.data)
    OSTaskQty                                0x200000b4   Data           2  os_var.o(.data)
    OSTaskRegNextAvailID                     0x200000b6   Data           1  os_var.o(.data)
    OSTickCtr                                0x200000b8   Data           4  os_var.o(.data)
    OSTickTaskTimeMax                        0x200000bc   Data           4  os_var.o(.data)
    OSTmrDbgListPtr                          0x200000c0   Data           4  os_var.o(.data)
    OSTmrQty                                 0x200000c4   Data           2  os_var.o(.data)
    OSTmrTaskTimeMax                         0x200000c8   Data           4  os_var.o(.data)
    OSTmrTickCtr                             0x200000cc   Data           4  os_var.o(.data)
    OSTmrUpdateCnt                           0x200000d0   Data           4  os_var.o(.data)
    OSTmrUpdateCtr                           0x200000d4   Data           4  os_var.o(.data)
    OSTCBCurPtr                              0x200000d8   Data           4  os_var.o(.data)
    OSTCBHighRdyPtr                          0x200000dc   Data           4  os_var.o(.data)
    prompt                                   0x200000f0   Data          12  command.o(.data)
    CanBaudStr                               0x20000104   Data          52  command.o(.data)
    help_cmd                                 0x20000138   Data          16  command.o(.data)
    save_cmd                                 0x20000148   Data          16  command.o(.data)
    reset_cmd                                0x20000158   Data          16  command.o(.data)
    bc7281b_opt_cmd                          0x20000168   Data          16  command.o(.data)
    fire_config_cmd                          0x20000178   Data          16  command.o(.data)
    stackedState                             0x2000018c   Data           1  command.o(.data)
    AppTaskCommTCB                           0x20000348   Data         192  app.o(.bss)
    AppTaskDisplayTCB                        0x20000408   Data         192  app.o(.bss)
    CPU_Name                                 0x200036f8   Data          16  cpu_core.o(.bss)
    Mem_PoolHeap                             0x20003708   Data          72  lib_mem.o(.bss)
    Mem_Heap                                 0x20003750   Data        3072  lib_mem.o(.bss)
    OSCfg_IdleTaskStk                        0x20004350   Data         512  os_cfg_app.o(.bss)
    OSCfg_ISRStk                             0x20004550   Data        1024  os_cfg_app.o(.bss)
    OSCfg_MsgPool                            0x20004950   Data        1600  os_cfg_app.o(.bss)
    OSCfg_StatTaskStk                        0x20004f90   Data         512  os_cfg_app.o(.bss)
    OSCfg_TickTaskStk                        0x20005190   Data         512  os_cfg_app.o(.bss)
    OSCfg_TickWheel                          0x20005390   Data         136  os_cfg_app.o(.bss)
    OSCfg_TmrTaskStk                         0x20005418   Data         512  os_cfg_app.o(.bss)
    OSCfg_TmrWheel                           0x20005618   Data         136  os_cfg_app.o(.bss)
    OSIdleTaskTCB                            0x200056a0   Data         192  os_var.o(.bss)
    OSMsgPool                                0x20005760   Data          12  os_var.o(.bss)
    OSRdyList                                0x2000576c   Data         240  os_var.o(.bss)
    OSStatTaskTCB                            0x2000585c   Data         192  os_var.o(.bss)
    OSTickTaskTCB                            0x2000591c   Data         192  os_var.o(.bss)
    OSTmrTaskTCB                             0x200059dc   Data         192  os_var.o(.bss)
    cmd_buf                                  0x20005a9c   Data         256  term.o(.bss)
    __initial_sp                             0x20006000   Data           0  cstartup.o(STACK)



==============================================================================

Memory Map of the image

  Image Entry point : 0x08003951

  Load Region LR_IROM1 (Base: 0x08003800, Size: 0x0000de34, Max: 0x00020000, ABSOLUTE, COMPRESSED[0x0000dd08])

    Execution Region ER_IROM1 (Base: 0x08003800, Size: 0x0000dc70, Max: 0x00020000, ABSOLUTE)

    Base Addr    Size         Type   Attr      Idx    E Section Name        Object

    0x08003800   0x00000150   Data   RO          278    RESET               cstartup.o
    0x08003950   0x00000000   Code   RO         1122  * .ARM.Collect$$$$00000000  mc_w.l(entry.o)
    0x08003950   0x00000004   Code   RO         1157    .ARM.Collect$$$$00000001  mc_w.l(entry2.o)
    0x08003954   0x00000004   Code   RO         1160    .ARM.Collect$$$$00000004  mc_w.l(entry5.o)
    0x08003958   0x00000000   Code   RO         1162    .ARM.Collect$$$$00000008  mc_w.l(entry7b.o)
    0x08003958   0x00000000   Code   RO         1164    .ARM.Collect$$$$0000000A  mc_w.l(entry8b.o)
    0x08003958   0x00000008   Code   RO         1165    .ARM.Collect$$$$0000000B  mc_w.l(entry9a.o)
    0x08003960   0x00000000   Code   RO         1167    .ARM.Collect$$$$0000000D  mc_w.l(entry10a.o)
    0x08003960   0x00000000   Code   RO         1169    .ARM.Collect$$$$0000000F  mc_w.l(entry11a.o)
    0x08003960   0x00000004   Code   RO         1158    .ARM.Collect$$$$00002712  mc_w.l(entry2.o)
    0x08003964   0x00000570   Code   RO            3    .text               app.o
    0x08003ed4   0x000000c8   Code   RO          193    .text               os_app_hooks.o
    0x08003f9c   0x0000042c   Code   RO          210    .text               bsp.o
    0x080043c8   0x00000378   Code   RO          236    .text               bsp_int.o
    0x08004740   0x00000070   Code   RO          279    .text               cstartup.o
    0x080047b0   0x000004a8   Code   RO          285    .text               uart.o
    0x08004c58   0x0000077c   Code   RO          310    .text               cpu_c.o
    0x080053d4   0x000002b0   Code   RO          322    .text               cpu_core.o
    0x08005684   0x00000034   Code   RO          348    .text               cpu_a.o
    0x080056b8   0x00000256   Code   RO          351    .text               lib_ascii.o
    0x0800590e   0x00000002   PAD
    0x08005910   0x00000080   Code   RO          366    .text               lib_math.o
    0x08005990   0x00000ec4   Code   RO          384    .text               lib_mem.o
    0x08006854   0x00000928   Code   RO          403    .text               lib_str.o
    0x0800717c   0x00000220   Code   RO          420    .text               lib_mem_a.o
    0x0800739c   0x00000240   Code   RO          426    .text               os_cpu_c.o
    0x080075dc   0x00000002   Code   RO          444    .text               os_cfg_app.o
    0x080075de   0x00000002   PAD
    0x080075e0   0x00000b54   Code   RO          464    .text               os_core.o
    0x08008134   0x000001ac   Code   RO          476    .text               os_dbg.o
    0x080082e0   0x00000af8   Code   RO          491    .text               os_flag.o
    0x08008dd8   0x000001fc   Code   RO          509    .text               os_mem.o
    0x08008fd4   0x00000224   Code   RO          521    .text               os_msg.o
    0x080091f8   0x00000784   Code   RO          533    .text               os_mutex.o
    0x0800997c   0x0000007c   Code   RO          557    .text               os_prio.o
    0x080099f8   0x000006cc   Code   RO          576    .text               os_q.o
    0x0800a0c4   0x000006dc   Code   RO          588    .text               os_sem.o
    0x0800a7a0   0x00000598   Code   RO          600    .text               os_stat.o
    0x0800ad38   0x000012c4   Code   RO          612    .text               os_task.o
    0x0800bffc   0x00000480   Code   RO          624    .text               os_tick.o
    0x0800c47c   0x00000444   Code   RO          636    .text               os_time.o
    0x0800c8c0   0x000007f0   Code   RO          648    .text               os_tmr.o
    0x0800d0b0   0x000002d8   Code   RO          676    .text               key.o
    0x0800d388   0x000002d8   Code   RO          699    .text               disp.o
    0x0800d660   0x000006d0   Code   RO          721    .text               command.o
    0x0800dd30   0x000000c0   Code   RO          751    .text               getcmd.o
    0x0800ddf0   0x00000294   Code   RO          773    .text               string.o
    0x0800e084   0x000001d4   Code   RO          795    .text               term.o
    0x0800e258   0x000002d4   Code   RO          824    .text               printk.o
    0x0800e52c   0x000000dc   Code   RO          879    .text               misc.o
    0x0800e608   0x0000011c   Code   RO          942    .text               stm32f10x_exti.o
    0x0800e724   0x000005bc   Code   RO          962    .text               stm32f10x_flash.o
    0x0800ece0   0x00000358   Code   RO          982    .text               stm32f10x_gpio.o
    0x0800f038   0x000003ac   Code   RO         1022    .text               stm32f10x_rcc.o
    0x0800f3e4   0x0000030c   Code   RO         1064    .text               stm32f10x_spi.o
    0x0800f6f0   0x00000408   Code   RO         1104    .text               stm32f10x_usart.o
    0x0800faf8   0x00000024   Code   RO         1125    .text               mc_w.l(memcpya.o)
    0x0800fb1c   0x0000002c   Code   RO         1172    .text               mc_w.l(uidiv.o)
    0x0800fb48   0x00000062   Code   RO         1174    .text               mc_w.l(uldiv.o)
    0x0800fbaa   0x00000000   Code   RO         1176    .text               mc_w.l(iusefp.o)
    0x0800fbaa   0x0000014e   Code   RO         1177    .text               mf_w.l(dadd.o)
    0x0800fcf8   0x000000e4   Code   RO         1179    .text               mf_w.l(dmul.o)
    0x0800fddc   0x000000de   Code   RO         1181    .text               mf_w.l(ddiv.o)
    0x0800feba   0x00000030   Code   RO         1183    .text               mf_w.l(dfixul.o)
    0x0800feea   0x00000002   PAD
    0x0800feec   0x00000028   Code   RO         1185    .text               mf_w.l(cdrcmple.o)
    0x0800ff14   0x00000024   Code   RO         1187    .text               mc_w.l(init.o)
    0x0800ff38   0x0000001e   Code   RO         1189    .text               mc_w.l(llshl.o)
    0x0800ff56   0x00000020   Code   RO         1191    .text               mc_w.l(llushr.o)
    0x0800ff76   0x00000024   Code   RO         1193    .text               mc_w.l(llsshr.o)
    0x0800ff9a   0x000000be   Code   RO         1195    .text               mf_w.l(depilogue.o)
    0x08010058   0x0000005c   Code   RO         1205    .text               mc_w.l(__dczerorl2.o)
    0x080100b4   0x00000084   Code   RO          423    CODE                os_cpu_a.o
    0x08010138   0x00000024   Code   RO         1135    i.__0vsnprintf      mc_w.l(printfa.o)
    0x0801015c   0x0000000e   Code   RO         1199    i.__scatterload_copy  mc_w.l(handlers.o)
    0x0801016a   0x00000002   Code   RO         1200    i.__scatterload_null  mc_w.l(handlers.o)
    0x0801016c   0x0000000e   Code   RO         1201    i.__scatterload_zeroinit  mc_w.l(handlers.o)
    0x0801017a   0x00000002   PAD
    0x0801017c   0x0000015c   Code   RO         1137    i._fp_digits        mc_w.l(printfa.o)
    0x080102d8   0x000006f0   Code   RO         1138    i._printf_core      mc_w.l(printfa.o)
    0x080109c8   0x00000026   Code   RO         1139    i._printf_post_padding  mc_w.l(printfa.o)
    0x080109ee   0x00000030   Code   RO         1140    i._printf_pre_padding  mc_w.l(printfa.o)
    0x08010a1e   0x00000016   Code   RO         1141    i._snputc           mc_w.l(printfa.o)
    0x08010a34   0x00000544   Data   RO            5    .constdata          app.o
    0x08010f78   0x00000100   Data   RO          324    .constdata          cpu_core.o
    0x08011078   0x00000094   Data   RO          404    .constdata          lib_str.o
    0x0801110c   0x000000a4   Data   RO          446    .constdata          os_cfg_app.o
    0x080111b0   0x0000016c   Data   RO          477    .constdata          os_dbg.o
    0x0801131c   0x00000049   Data   RO          723    .constdata          command.o
    0x08011365   0x00000025   Data   RO          797    .constdata          term.o
    0x0801138a   0x000000c4   Data   RO          724    .conststring        command.o
    0x0801144e   0x00000002   PAD
    0x08011450   0x00000020   Data   RO         1197    Region$$Table       anon$$obj.o


    Execution Region RW_IRAM1 (Base: 0x20000000, Size: 0x00006000, Max: 0x00010000, ABSOLUTE, COMPRESSED[0x00000098])

    Base Addr    Size         Type   Attr      Idx    E Section Name        Object

    0x20000000   0x00000012   Data   RW            6    .data               app.o
    0x20000012   0x00000002   PAD
    0x20000014   0x00000004   Data   RW          211    .data               bsp.o
    0x20000018   0x00000015   Data   RW          287    .data               uart.o
    0x2000002d   0x00000003   PAD
    0x20000030   0x00000004   Data   RW          325    .data               cpu_core.o
    0x20000034   0x00000004   Data   RW          367    .data               lib_math.o
    0x20000038   0x00000004   Data   RW          386    .data               lib_mem.o
    0x2000003c   0x00000004   Data   RW          427    .data               os_cpu_c.o
    0x20000040   0x00000004   Data   RW          558    .data               os_prio.o
    0x20000044   0x0000009c   Data   RW          661    .data               os_var.o
    0x200000e0   0x0000000a   Data   RW          700    .data               disp.o
    0x200000ea   0x00000002   PAD
    0x200000ec   0x000000a1   Data   RW          725    .data               command.o
    0x2000018d   0x00000003   PAD
    0x20000190   0x00000004   Data   RW          752    .data               getcmd.o
    0x20000194   0x00000015   Data   RW          774    .data               string.o
    0x200001a9   0x00000003   PAD
    0x200001ac   0x00000004   Data   RW          826    .data               printk.o
    0x200001b0   0x00000014   Data   RW         1023    .data               stm32f10x_rcc.o
    0x200001c4   0x00000004   PAD
    0x200001c8   0x000023d4   Zero   RW            4    .bss                app.o
    0x2000259c   0x00000110   Zero   RW          237    .bss                bsp_int.o
    0x200026ac   0x0000104c   Zero   RW          286    .bss                uart.o
    0x200036f8   0x00000010   Zero   RW          323    .bss                cpu_core.o
    0x20003708   0x00000c48   Zero   RW          385    .bss                lib_mem.o
    0x20004350   0x00001350   Zero   RW          445    .bss                os_cfg_app.o
    0x200056a0   0x000003fc   Zero   RW          660    .bss                os_var.o
    0x20005a9c   0x00000100   Zero   RW          796    .bss                term.o
    0x20005b9c   0x00000064   Zero   RW          825    .bss                printk.o
    0x20005c00   0x00000400   Zero   RW          276    STACK               cstartup.o


==============================================================================

Image component sizes


      Code (inc. data)   RO Data    RW Data    ZI Data      Debug   Object Name

      1392        152       1348         18       9172     295132   app.o
      1068         40          0          4          0       4322   bsp.o
       888         12          0          0        272      11436   bsp_int.o
      1744        388        269        161          0      27774   command.o
        52          0          0          0          0        320   cpu_a.o
      1916        108          0          0          0       3449   cpu_c.o
       688         12        256          4         16      14176   cpu_core.o
       112          4        336          0       1024        664   cstartup.o
       728         18          0         10          0       3680   disp.o
       192          6          0          4          0        921   getcmd.o
       728         30          0          0          0       4254   key.o
       598          0          0          0          0       3688   lib_ascii.o
       128          8          0          4          0       1808   lib_math.o
      3780         62          0          4       3144      24444   lib_mem.o
       544          0          0          0          0        468   lib_mem_a.o
      2344          4        148          0          0      13054   lib_str.o
       220         20          0          0          0       1765   misc.o
       200         30          0          0          0       1701   os_app_hooks.o
         2          0        164          0       4944      19268   os_cfg_app.o
      2900        202          0          0          0      10317   os_core.o
       132         32          0          0          0        368   os_cpu_a.o
       576         60          0          4          0       3689   os_cpu_c.o
       428        280        364          0          0       4761   os_dbg.o
      2808         82          0          0          0       7371   os_flag.o
       508         16          0          0          0       2640   os_mem.o
       548         14          0          0          0       2606   os_msg.o
      1924         82          0          0          0       5074   os_mutex.o
       124          4          0          4          0       1728   os_prio.o
      1740         56          0          0          0       5868   os_q.o
      1756         56          0          0          0       5908   os_sem.o
      1432        148          0          0          0       2713   os_stat.o
      4804        174          0          0          0      12230   os_task.o
      1152         72          0          0          0       3161   os_tick.o
      1092         48          0          0          0       3049   os_time.o
      2032        134          0          0          0       6450   os_tmr.o
         0          0          0        156       1020      17775   os_var.o
       724         90          0          4        100       4121   printk.o
       284         10          0          0          0       2199   stm32f10x_exti.o
      1468         34          0          0          0       7998   stm32f10x_flash.o
       856         40          0          0          0       5609   stm32f10x_gpio.o
       940         52          0         20          0       8764   stm32f10x_rcc.o
       780         14          0          0          0       6494   stm32f10x_spi.o
      1032         22          0          0          0       8336   stm32f10x_usart.o
       660         46          0         21          0       3369   string.o
       468        330         37          0        256       1238   term.o
      1192         92          0         21       4172       4595   uart.o

    ----------------------------------------------------------------------
     49688       3084       2956        452      24124     580755   Object Totals
         0          0         32          0          0          0   (incl. Generated)
         4          0          2         13          4          0   (incl. Padding)

    ----------------------------------------------------------------------

      Code (inc. data)   RO Data    RW Data    ZI Data      Debug   Library Member Name

        92          0          0          0          0          0   __dczerorl2.o
         0          0          0          0          0          0   entry.o
         0          0          0          0          0          0   entry10a.o
         0          0          0          0          0          0   entry11a.o
         8          4          0          0          0          0   entry2.o
         4          0          0          0          0          0   entry5.o
         0          0          0          0          0          0   entry7b.o
         0          0          0          0          0          0   entry8b.o
         8          4          0          0          0          0   entry9a.o
        30          0          0          0          0          0   handlers.o
        36          8          0          0          0         68   init.o
         0          0          0          0          0          0   iusefp.o
        30          0          0          0          0         68   llshl.o
        36          0          0          0          0         68   llsshr.o
        32          0          0          0          0         68   llushr.o
        36          0          0          0          0         68   memcpya.o
      2268         84          0          0          0        508   printfa.o
        44          0          0          0          0         80   uidiv.o
        98          0          0          0          0         92   uldiv.o
        40          2          0          0          0         68   cdrcmple.o
       334          0          0          0          0        148   dadd.o
       222          0          0          0          0        100   ddiv.o
       190          0          0          0          0        176   depilogue.o
        48          0          0          0          0         68   dfixul.o
       228          0          0          0          0         96   dmul.o

    ----------------------------------------------------------------------
      3788        102          0          0          0       1676   Library Totals
         4          0          0          0          0          0   (incl. Padding)

    ----------------------------------------------------------------------

      Code (inc. data)   RO Data    RW Data    ZI Data      Debug   Library Name

      2722        100          0          0          0       1020   mc_w.l
      1062          2          0          0          0        656   mf_w.l

    ----------------------------------------------------------------------
      3788        102          0          0          0       1676   Library Totals

    ----------------------------------------------------------------------

==============================================================================


      Code (inc. data)   RO Data    RW Data    ZI Data      Debug   

     53476       3186       2956        452      24124     577231   Grand Totals
     53476       3186       2956        152      24124     577231   ELF Image Totals (compressed)
     53476       3186       2956        152          0          0   ROM Totals

==============================================================================

    Total RO  Size (Code + RO Data)                56432 (  55.11kB)
    Total RW  Size (RW Data + ZI Data)             24576 (  24.00kB)
    Total ROM Size (Code + RO Data + RW Data)      56584 (  55.26kB)

==============================================================================

